Component: ARM Compiler 5.06 update 7 (build 960) Tool: armlink [4d3601]

==============================================================================

Section Cross References

    startup_stm32f429xx.o(STACK) refers (Special) to heapauxi.o(.text) for __use_two_region_memory
    startup_stm32f429xx.o(HEAP) refers (Special) to heapauxi.o(.text) for __use_two_region_memory
    startup_stm32f429xx.o(RESET) refers (Special) to heapauxi.o(.text) for __use_two_region_memory
    startup_stm32f429xx.o(RESET) refers to startup_stm32f429xx.o(STACK) for __initial_sp
    startup_stm32f429xx.o(RESET) refers to startup_stm32f429xx.o(.text) for Reset_Handler
    startup_stm32f429xx.o(RESET) refers to stm32f4xx_it.o(i.NMI_Handler) for NMI_Handler
    startup_stm32f429xx.o(RESET) refers to stm32f4xx_it.o(i.HardFault_Handler) for HardFault_Handler
    startup_stm32f429xx.o(RESET) refers to stm32f4xx_it.o(i.MemManage_Handler) for MemManage_Handler
    startup_stm32f429xx.o(RESET) refers to stm32f4xx_it.o(i.BusFault_Handler) for BusFault_Handler
    startup_stm32f429xx.o(RESET) refers to stm32f4xx_it.o(i.UsageFault_Handler) for UsageFault_Handler
    startup_stm32f429xx.o(RESET) refers to port.o(.emb_text) for SVC_Handler
    startup_stm32f429xx.o(RESET) refers to stm32f4xx_it.o(i.DebugMon_Handler) for DebugMon_Handler
    startup_stm32f429xx.o(RESET) refers to cmsis_os2.o(i.SysTick_Handler) for SysTick_Handler
    startup_stm32f429xx.o(RESET) refers to stm32f4xx_it.o(i.TIM6_DAC_IRQHandler) for TIM6_DAC_IRQHandler
    startup_stm32f429xx.o(RESET) refers to stm32f4xx_it.o(i.DMA2_Stream0_IRQHandler) for DMA2_Stream0_IRQHandler
    startup_stm32f429xx.o(RESET) refers to stm32f4xx_it.o(i.LTDC_IRQHandler) for LTDC_IRQHandler
    startup_stm32f429xx.o(RESET) refers to stm32f4xx_it.o(i.DMA2D_IRQHandler) for DMA2D_IRQHandler
    startup_stm32f429xx.o(.text) refers (Special) to heapauxi.o(.text) for __use_two_region_memory
    startup_stm32f429xx.o(.text) refers to system_stm32f4xx.o(i.SystemInit) for SystemInit
    startup_stm32f429xx.o(.text) refers to __main.o(!!!main) for __main
    startup_stm32f429xx.o(.text) refers to startup_stm32f429xx.o(HEAP) for Heap_Mem
    startup_stm32f429xx.o(.text) refers to startup_stm32f429xx.o(STACK) for Stack_Mem
    main.o(i.BSP_SDRAM_Initialization_Sequence) refers to stm32f4xx_hal_sdram.o(i.HAL_SDRAM_SendCommand) for HAL_SDRAM_SendCommand
    main.o(i.BSP_SDRAM_Initialization_Sequence) refers to stm32f4xx_hal.o(i.HAL_Delay) for HAL_Delay
    main.o(i.BSP_SDRAM_Initialization_Sequence) refers to stm32f4xx_hal_sdram.o(i.HAL_SDRAM_ProgramRefreshRate) for HAL_SDRAM_ProgramRefreshRate
    main.o(i.HAL_TIM_PeriodElapsedCallback) refers to stm32f4xx_hal.o(i.HAL_IncTick) for HAL_IncTick
    main.o(i.IOE_Delay) refers to stm32f4xx_hal.o(i.HAL_Delay) for HAL_Delay
    main.o(i.IOE_Read) refers to stm32f4xx_hal_i2c.o(i.HAL_I2C_Mem_Read) for HAL_I2C_Mem_Read
    main.o(i.IOE_Read) refers to main.o(.data) for .data
    main.o(i.IOE_Read) refers to main.o(.bss) for .bss
    main.o(i.IOE_ReadMultiple) refers to stm32f4xx_hal_i2c.o(i.HAL_I2C_Mem_Read) for HAL_I2C_Mem_Read
    main.o(i.IOE_ReadMultiple) refers to main.o(.data) for .data
    main.o(i.IOE_ReadMultiple) refers to main.o(.bss) for .bss
    main.o(i.IOE_Write) refers to stm32f4xx_hal_i2c.o(i.HAL_I2C_Mem_Write) for HAL_I2C_Mem_Write
    main.o(i.IOE_Write) refers to main.o(.data) for .data
    main.o(i.IOE_Write) refers to main.o(.bss) for .bss
    main.o(i.LCD_Delay) refers to stm32f4xx_hal.o(i.HAL_Delay) for HAL_Delay
    main.o(i.LCD_IO_Init) refers to stm32f4xx_hal_gpio.o(i.HAL_GPIO_WritePin) for HAL_GPIO_WritePin
    main.o(i.LCD_IO_ReadData) refers to stm32f4xx_hal_gpio.o(i.HAL_GPIO_WritePin) for HAL_GPIO_WritePin
    main.o(i.LCD_IO_ReadData) refers to main.o(i.SPI5_Write) for SPI5_Write
    main.o(i.LCD_IO_ReadData) refers to stm32f4xx_hal_spi.o(i.HAL_SPI_Receive) for HAL_SPI_Receive
    main.o(i.LCD_IO_ReadData) refers to main.o(.data) for .data
    main.o(i.LCD_IO_ReadData) refers to main.o(.bss) for .bss
    main.o(i.LCD_IO_WriteData) refers to stm32f4xx_hal_gpio.o(i.HAL_GPIO_WritePin) for HAL_GPIO_WritePin
    main.o(i.LCD_IO_WriteData) refers to main.o(i.SPI5_Write) for SPI5_Write
    main.o(i.LCD_IO_WriteReg) refers to stm32f4xx_hal_gpio.o(i.HAL_GPIO_WritePin) for HAL_GPIO_WritePin
    main.o(i.LCD_IO_WriteReg) refers to main.o(i.SPI5_Write) for SPI5_Write
    main.o(i.MX_ADC1_Init) refers to stm32f4xx_hal_adc.o(i.HAL_ADC_Init) for HAL_ADC_Init
    main.o(i.MX_ADC1_Init) refers to stm32f4xx_hal_adc.o(i.HAL_ADC_ConfigChannel) for HAL_ADC_ConfigChannel
    main.o(i.MX_ADC1_Init) refers to main.o(.bss) for .bss
    main.o(i.MX_FMC_Init) refers to rt_memclr_w.o(.text) for __aeabi_memclr4
    main.o(i.MX_FMC_Init) refers to stm32f4xx_hal_sdram.o(i.HAL_SDRAM_Init) for HAL_SDRAM_Init
    main.o(i.MX_FMC_Init) refers to main.o(i.BSP_SDRAM_Initialization_Sequence) for BSP_SDRAM_Initialization_Sequence
[...]
    Removing application.o(i._ZN8touchgfx11Application12TimerWidgets10tickActiveEv), (68 bytes).
    Removing application.o(i._ZN8touchgfx11Application12TimerWidgets3addEPNS_8DrawableE), (122 bytes).
    Removing application.o(i._ZN8touchgfx11Application12TimerWidgets5clearEv), (22 bytes).
    Removing application.o(i._ZN8touchgfx11Application12TimerWidgets6removeEPKNS_8DrawableE), (72 bytes).
    Removing application.o(i._ZN8touchgfx11Application12switchScreenEPNS_6ScreenE), (76 bytes).
    Removing application.o(i._ZN8touchgfx11Application13requestRedrawEv), (52 bytes).
    Removing application.o(i._ZN8touchgfx11Application29handlePendingScreenTransitionEv), (2 bytes).
    Removing application.o(i._ZN8touchgfx11Application41copyInvalidatedAreasFromTFTToClientBufferEv), (96 bytes).
    Removing application.o(i._ZN8touchgfx11Application4drawEv), (52 bytes).
    Removing application.o(i._ZN8touchgfx11ApplicationC1Ev), (160 bytes).
    Removing application.o(i._ZNK8touchgfx11Application12TimerWidgets10getCounterEPKNS_8DrawableE), (38 bytes).
    Removing application.o(i._ZNK8touchgfx11Application12TimerWidgets29getNumberOfActiveTimerWidgetsEv), (44 bytes).
    Removing application.o(.ARM.exidx), (8 bytes).
    Removing application.o(.ARM.exidx), (8 bytes).
    Removing application.o(.ARM.exidx), (8 bytes).
    Removing application.o(.ARM.exidx), (8 bytes).
    Removing application.o(.ARM.exidx), (8 bytes).
    Removing application.o(.ARM.exidx), (8 bytes).
    Removing application.o(.ARM.exidx), (8 bytes).
    Removing application.o(.ARM.exidx), (8 bytes).
    Removing application.o(.ARM.exidx), (8 bytes).
    Removing application.o(.ARM.exidx), (8 bytes).
    Removing application.o(.ARM.exidx), (8 bytes).
    Removing application.o(.ARM.exidx), (8 bytes).
    Removing application.o(.ARM.exidx), (8 bytes).
    Removing application.o(.ARM.exidx), (8 bytes).
    Removing application.o(.ARM.exidx), (8 bytes).
    Removing application.o(.ARM.exidx), (8 bytes).
    Removing application.o(.ARM.exidx), (8 bytes).
    Removing application.o(.ARM.exidx), (8 bytes).
    Removing application.o(.ARM.exidx), (8 bytes).
    Removing application.o(.ARM.exidx), (8 bytes).
    Removing application.o(.ARM.exidx), (8 bytes).
    Removing application.o(.ARM.exidx), (8 bytes).
    Removing application.o(.ARM.exidx), (8 bytes).
    Removing application.o(.ARM.exidx), (8 bytes).
    Removing application.o(.ARM.exidx), (8 bytes).
    Removing bitmap.o(i._ZN8touchgfx6Bitmap10decompressEtPt), (332 bytes).
    Removing bitmap.o(i._ZN8touchgfx6Bitmap11removeCacheEv), (28 bytes).
    Removing bitmap.o(i._ZN8touchgfx6Bitmap12compactCacheEv), (312 bytes).
    Removing bitmap.o(i._ZN8touchgfx6Bitmap13cacheInternalEtjb), (128 bytes).
    Removing bitmap.o(i._ZN8touchgfx6Bitmap13cacheIsCachedEt), (28 bytes).
    Removing bitmap.o(i._ZN8touchgfx6Bitmap15cacheGetAddressEt), (36 bytes).
    Removing bitmap.o(i._ZN8touchgfx6Bitmap15decompressL8_L4EPht), (156 bytes).
    Removing bitmap.o(i._ZN8touchgfx6Bitmap15getSizeOfBitmapEt), (364 bytes).
    Removing bitmap.o(i._ZN8touchgfx6Bitmap15isDynamicBitmapEt), (28 bytes).
    Removing bitmap.o(i._ZN8touchgfx6Bitmap16decompressL8_RLEEPht), (236 bytes).
    Removing bitmap.o(i._ZN8touchgfx6Bitmap17cacheRemoveBitmapEt), (148 bytes).
    Removing bitmap.o(i._ZN8touchgfx6Bitmap17copyBitmapToCacheEtPh), (548 bytes).
    Removing bitmap.o(i._ZN8touchgfx6Bitmap17decompressL8_LZW9EPhtPt), (792 bytes).
    Removing bitmap.o(i._ZN8touchgfx6Bitmap17dynamicBitmapFillEtNS_9colortypeEh), (90 bytes).
    Removing bitmap.o(i._ZN8touchgfx6Bitmap18cacheReplaceBitmapEtt), (176 bytes).
    Removing bitmap.o(i._ZN8touchgfx6Bitmap19dynamicBitmapCreateEttNS0_12BitmapFormatENS0_10ClutFormatE), (244 bytes).
    Removing bitmap.o(i._ZN8touchgfx6Bitmap19dynamicBitmapDeleteEt), (60 bytes).
    Removing bitmap.o(i._ZN8touchgfx6Bitmap19getSizeOfBitmapDataEt), (204 bytes).
    Removing bitmap.o(i._ZN8touchgfx6Bitmap21dynamicBitmapCreateL8EttNS0_10ClutFormatEt), (236 bytes).
    Removing bitmap.o(i._ZN8touchgfx6Bitmap21dynamicBitmapFillRectEtRKNS_4RectENS_9colortypeEh), (316 bytes).
    Removing bitmap.o(i._ZN8touchgfx6Bitmap21isCustomDynamicBitmapEt), (52 bytes).
    Removing bitmap.o(i._ZN8touchgfx6Bitmap23dynamicBitmapCreateCopyEt), (476 bytes).
    Removing bitmap.o(i._ZN8touchgfx6Bitmap23dynamicBitmapGetAddressEt), (28 bytes).
    Removing bitmap.o(i._ZN8touchgfx6Bitmap24firstFreeDynamicBitmapIdEv), (40 bytes).
    Removing bitmap.o(i._ZN8touchgfx6Bitmap24getSizeOfBitmapExtraDataEt), (228 bytes).
    Removing bitmap.o(i._ZN8touchgfx6Bitmap25dynamicBitmapAddSolidRectEtRKNS_4RectE), (432 bytes).
    Removing bitmap.o(i._ZN8touchgfx6Bitmap25dynamicBitmapCreateCustomEtthj), (180 bytes).
    Removing bitmap.o(i._ZN8touchgfx6Bitmap25dynamicBitmapSetSolidRectEtRKNS_4RectE), (56 bytes).
    Removing bitmap.o(i._ZN8touchgfx6Bitmap27dynamicBitmapCreateExternalEttPKvNS0_12BitmapFormatEh), (124 bytes).
    Removing bitmap.o(i._ZN8touchgfx6Bitmap31dynamicBitmapGetCustomSubformatEt), (48 bytes).
    Removing bitmap.o(i._ZN8touchgfx6Bitmap31dynamicBitmapGetNumberOfBitmapsEv), (48 bytes).
    Removing bitmap.o(i._ZN8touchgfx6Bitmap5cacheEt), (48 bytes).
    Removing bitmap.o(i._ZN8touchgfx6Bitmap8cacheAllEv), (76 bytes).
    Removing bitmap.o(i._ZN8touchgfx6Bitmap8setCacheEPtjj), (76 bytes).
    Removing bitmap.o(i._ZNK8touchgfx6Bitmap12getExtraDataEv), (164 bytes).
    Removing bitmap.o(i._ZNK8touchgfx6Bitmap12getSolidRectEv), (156 bytes).
    Removing bitmap.o(i._ZNK8touchgfx6Bitmap20hasTransparentPixelsEv), (108 bytes).
    Removing bitmap.o(i._ZNK8touchgfx6Bitmap7getDataEv), (96 bytes).
    Removing bitmap.o(i._ZNK8touchgfx6Bitmap8getWidthEv), (104 bytes).
    Removing bitmap.o(i._ZNK8touchgfx6Bitmap9getFormatEv), (120 bytes).
    Removing bitmap.o(i._ZNK8touchgfx6Bitmap9getHeightEv), (104 bytes).
    Removing bitmap.o(.ARM.exidx), (8 bytes).
    Removing bitmap.o(.ARM.exidx), (8 bytes).
    Removing bitmap.o(.ARM.exidx), (8 bytes).
    Removing bitmap.o(.ARM.exidx), (8 bytes).
    Removing bitmap.o(.ARM.exidx), (8 bytes).
    Removing bitmap.o(.ARM.exidx), (8 bytes).
    Removing bitmap.o(.ARM.exidx), (8 bytes).
    Removing bitmap.o(.ARM.exidx), (8 bytes).
    Removing bitmap.o(.ARM.exidx), (8 bytes).
    Removing bitmap.o(.ARM.exidx), (8 bytes).
    Removing bitmap.o(.ARM.exidx), (8 bytes).
    Removing bitmap.o(.ARM.exidx), (8 bytes).
    Removing bitmap.o(.ARM.exidx), (8 bytes).
    Removing bitmap.o(.ARM.exidx), (8 bytes).
    Removing bitmap.o(.ARM.exidx), (8 bytes).
    Removing bitmap.o(.ARM.exidx), (8 bytes).
    Removing bitmap.o(.ARM.exidx), (8 bytes).
    Removing bitmap.o(.ARM.exidx), (8 bytes).
    Removing bitmap.o(.ARM.exidx), (8 bytes).
    Removing bitmap.o(.ARM.exidx), (8 bytes).
    Removing bitmap.o(.ARM.exidx), (8 bytes).
    Removing bitmap.o(.ARM.exidx), (8 bytes).
    Removing bitmap.o(.ARM.exidx), (8 bytes).
    Removing bitmap.o(.ARM.exidx), (8 bytes).
    Removing bitmap.o(.ARM.exidx), (8 bytes).
    Removing bitmap.o(.ARM.exidx), (8 bytes).
    Removing bitmap.o(.ARM.exidx), (8 bytes).
    Removing bitmap.o(.ARM.exidx), (8 bytes).
    Removing bitmap.o(.ARM.exidx), (8 bytes).
    Removing bitmap.o(.ARM.exidx), (8 bytes).
    Removing bitmap.o(.ARM.exidx), (8 bytes).
    Removing bitmap.o(.ARM.exidx), (8 bytes).
    Removing bitmap.o(.ARM.exidx), (8 bytes).
    Removing bitmap.o(.ARM.exidx), (8 bytes).
    Removing bitmap.o(.ARM.exidx), (8 bytes).
    Removing bitmap.o(.ARM.exidx), (8 bytes).
    Removing bitmap.o(.ARM.exidx), (8 bytes).
    Removing bitmap.o(.ARM.exidx), (8 bytes).
    Removing bitmap.o(.ARM.exidx), (8 bytes).
    Removing bitmap.o(.ARM.exidx), (8 bytes).
    Removing bitmap.o(.ARM.exidx), (8 bytes).
    Removing bitmap.o(.ARM.exidx), (8 bytes).
    Removing bitmap.o(.ARM.exidx), (8 bytes).
    Removing canvaswidget.o(i._ZN8touchgfx12CanvasWidgetC2Ev), (72 bytes).
    Removing canvaswidget.o(i._ZNK8touchgfx12CanvasWidget10invalidateEv), (62 bytes).
    Removing canvaswidget.o(i._ZNK8touchgfx12CanvasWidget4drawERKNS_4RectE), (308 bytes).
    Removing canvaswidget.o(.ARM.exidx), (8 bytes).
    Removing canvaswidget.o(.ARM.exidx), (8 bytes).
    Removing canvaswidget.o(.ARM.exidx), (8 bytes).
    Removing cwrvectorrenderer.o(i._ZN8touchgfx17CWRVectorRenderer12StrokeCanvas11strokeCloseEff), (68 bytes).
    Removing cwrvectorrenderer.o(i._ZN8touchgfx17CWRVectorRenderer12StrokeCanvas12strokeLineToEff), (300 bytes).
    Removing cwrvectorrenderer.o(i._ZN8touchgfx17CWRVectorRenderer12StrokeCanvas12strokeMoveToEff), (20 bytes).
    Removing cwrvectorrenderer.o(i._ZN8touchgfx17CWRVectorRenderer12StrokeCanvas16drawFinalLineCapEv), (20 bytes).
    Removing cwrvectorrenderer.o(i._ZN8touchgfx17CWRVectorRenderer12StrokeCanvas17strokeDrawLineCapEffff), (528 bytes).
    Removing cwrvectorrenderer.o(i._ZN8touchgfx17CWRVectorRenderer12StrokeCanvas18strokeDrawLineJoinEffffffffff), (260 bytes).
    Removing cwrvectorrenderer.o(i._ZN8touchgfx17CWRVectorRenderer12StrokeCanvas23strokeDrawDoubleLineCapEv), (136 bytes).
    Removing cwrvectorrenderer.o(i._ZN8touchgfx17CWRVectorRenderer12StrokeCanvas23strokeDrawLineJoinRoundEffffffi), (292 bytes).
    Removing cwrvectorrenderer.o(i._ZN8touchgfx17CWRVectorRenderer12StrokeCanvas24lineCapInsteadOfLineJoinEb), (6 bytes).
    Removing cwrvectorrenderer.o(i._ZN8touchgfx17CWRVectorRenderer14setStrokeWidthEf), (6 bytes).
    Removing cwrvectorrenderer.o(i._ZN8touchgfx17CWRVectorRenderer17setLinearGradientEffffjPKfPKjffbS4_), (548 bytes).
    Removing cwrvectorrenderer.o(i._ZN8touchgfx17CWRVectorRenderer23setTransformationMatrixERKNS_9Matrix3x3E), (24 bytes).
    Removing cwrvectorrenderer.o(i._ZN8touchgfx17CWRVectorRenderer5setupERKNS_4RectES3_), (60 bytes).
    Removing cwrvectorrenderer.o(i._ZN8touchgfx17CWRVectorRenderer8drawPathEPKhjPKfjS4_), (222 bytes).
    Removing cwrvectorrenderer.o(i._ZN8touchgfx17CWRVectorRenderer8setAlphaEh), (4 bytes).
    Removing cwrvectorrenderer.o(i._ZN8touchgfx17CWRVectorRenderer8setColorENS_9colortypeE), (38 bytes).
    Removing cwrvectorrenderer.o(i._ZN8touchgfx17CWRVectorRenderer8tearDownEv), (54 bytes).
    Removing cwrvectorrenderer.o(i._ZNK8touchgfx17CWRVectorRenderer10drawStrokeEPKhjPKfjRKNS_4RectE), (948 bytes).
    Removing cwrvectorrenderer.o(i._ZNK8touchgfx17CWRVectorRenderer12drawPathAreaEPKhjPKfjRKNS_4RectE), (44 bytes).
    Removing cwrvectorrenderer.o(i._ZNK8touchgfx17CWRVectorRenderer19drawStrokeBackwardsEjjjPKhPKfbRNS0_12StrokeCanvasE), (468 bytes).
    Removing cwrvectorrenderer.o(i._ZNK8touchgfx17CWRVectorRenderer22getPreviousDestinationERfS1_jjPKhPKf), (192 bytes).
    Removing cwrvectorrenderer.o(i._ZNK8touchgfx17CWRVectorRenderer8drawFillEPKhjPKfjRKNS_4RectE), (872 bytes).
    Removing cwrvectorrenderer.o(.ARM.exidx), (8 bytes).
    Removing cwrvectorrenderer.o(.ARM.exidx), (8 bytes).
    Removing cwrvectorrenderer.o(.ARM.exidx), (8 bytes).
    Removing cwrvectorrenderer.o(.ARM.exidx), (8 bytes).
    Removing cwrvectorrenderer.o(.ARM.exidx), (8 bytes).
    Removing cwrvectorrenderer.o(.ARM.exidx), (8 bytes).
    Removing cwrvectorrenderer.o(.ARM.exidx), (8 bytes).
    Removing cwrvectorrenderer.o(.ARM.exidx), (8 bytes).
    Removing cwrvectorrenderer.o(.ARM.exidx), (8 bytes).
    Removing cwrvectorrenderer.o(.ARM.exidx), (8 bytes).
    Removing cwrvectorrenderer.o(.ARM.exidx), (8 bytes).
    Removing cwrvectorrenderer.o(.ARM.exidx), (8 bytes).
    Removing cwrvectorrenderer.o(.ARM.exidx), (8 bytes).
    Removing cwrvectorrenderer.o(.ARM.exidx), (8 bytes).
    Removing cwrvectorrenderer.o(.ARM.exidx), (8 bytes).
    Removing cwrvectorrenderer.o(.ARM.exidx), (8 bytes).
    Removing cwrvectorrenderer.o(.ARM.exidx), (8 bytes).
    Removing cwrvectorrenderer.o(.ARM.exidx), (8 bytes).
    Removing cwrvectorrenderer.o(.ARM.exidx), (8 bytes).
    Removing cwrvectorrenderer.o(.ARM.exidx), (8 bytes).
    Removing cwrvectorrenderer.o(.ARM.exidx), (8 bytes).
    Removing cwrvectorrenderer.o(.ARM.exidx), (8 bytes).
    Removing dma.o(i._ZN8touchgfx13DMA_Interface10addToQueueERKNS_6BlitOpE), (76 bytes).
    Removing dma.o(i._ZN8touchgfx13DMA_Interface13seedExecutionEv), (6 bytes).
    Removing dma.o(i._ZN8touchgfx13DMA_Interface14isDmaQueueFullEv), (8 bytes).
    Removing dma.o(i._ZN8touchgfx13DMA_Interface15isDmaQueueEmptyEv), (8 bytes).
    Removing dma.o(i._ZN8touchgfx13DMA_Interface31enableCopyWithTransparentPixelsEh), (2 bytes).
    Removing dma.o(i._ZN8touchgfx17LockFreeDMA_Queue10pushCopyOfERKNS_6BlitOpE), (58 bytes).
    Removing dma.o(i._ZN8touchgfx17LockFreeDMA_Queue6isFullEv), (24 bytes).
    Removing dma.o(.ARM.exidx), (8 bytes).
    Removing dma.o(.ARM.exidx), (8 bytes).
    Removing dma.o(.ARM.exidx), (8 bytes).
    Removing dma.o(.ARM.exidx), (8 bytes).
    Removing dma.o(.ARM.exidx), (8 bytes).
    Removing dma.o(.ARM.exidx), (8 bytes).
    Removing dma.o(.ARM.exidx), (8 bytes).
    Removing dma.o(.ARM.exidx), (8 bytes).
    Removing dma.o(.ARM.exidx), (8 bytes).
    Removing dma.o(.ARM.exidx), (8 bytes).
    Removing dma.o(.ARM.exidx), (8 bytes).
    Removing dma.o(.ARM.exidx), (8 bytes).
    Removing dma.o(.ARM.exidx), (8 bytes).
    Removing dma.o(.ARM.exidx), (8 bytes).
    Removing dma.o(.ARM.exidx), (8 bytes).
    Removing dma.o(.ARM.exidx), (8 bytes).
    Removing dma.o(.ARM.exidx), (8 bytes).
    Removing drawable.o(i._ZN8touchgfx8Drawable12moveRelativeEss), (66 bytes).
    Removing drawable.o(i._ZN8touchgfx8Drawable19drawToDynamicBitmapEt), (24 bytes).
    Removing drawable.o(i._ZN8touchgfx8Drawable20getSolidRectAbsoluteEv), (38 bytes).
    Removing drawable.o(i._ZN8touchgfx8Drawable6expandEi), (108 bytes).
    Removing drawable.o(i._ZNK8touchgfx8Drawable10invalidateEv), (40 bytes).
    Removing drawable.o(i._ZNK8touchgfx8Drawable14getVisibleRectERNS_4RectE), (66 bytes).
    Removing drawable.o(i._ZNK8touchgfx8Drawable14invalidateRectERNS_4RectE), (120 bytes).
    Removing drawable.o(i._ZNK8touchgfx8Drawable15getAbsoluteRectEv), (54 bytes).
    Removing drawable.o(i._ZNK8touchgfx8Drawable23translateRectToAbsoluteERNS_4RectE), (30 bytes).
    Removing drawable.o(.ARM.exidx), (8 bytes).
    Removing drawable.o(.ARM.exidx), (8 bytes).
    Removing drawable.o(.ARM.exidx), (8 bytes).
    Removing drawable.o(.ARM.exidx), (8 bytes).
    Removing drawable.o(.ARM.exidx), (8 bytes).
    Removing drawable.o(.ARM.exidx), (8 bytes).
    Removing drawable.o(.ARM.exidx), (8 bytes).
    Removing drawable.o(.ARM.exidx), (8 bytes).
    Removing drawable.o(.ARM.exidx), (8 bytes).
    Removing fontmanager.o(i._ZN8touchgfx11FontManager7getFontEt), (24 bytes).
    Removing fontmanager.o(.ARM.exidx), (8 bytes).
    Removing fontmanager.o(.ARM.exidx), (8 bytes).
    Removing hal.o(i._ZN8touchgfx3HAL12blitCopyWordEPKttttttt), (134 bytes).
    Removing hal.o(i._ZN8touchgfx3HAL12blitFillWordEtttttt), (128 bytes).
    Removing hal.o(i._ZN8touchgfx3HAL12getCPUCyclesEv), (14 bytes).
    Removing hal.o(i._ZN8touchgfx3HAL12setMCUActiveEb), (58 bytes).
    Removing hal.o(i._ZN8touchgfx3HAL13blitCopyGlyphEPKhtttttNS_9colortypeEhNS_14BlitOperationsEb), (164 bytes).
    Removing hal.o(i._ZN8touchgfx3HAL15lockFrameBufferEv), (80 bytes).
    Removing hal.o(i._ZN8touchgfx3HAL16blitCopyARGB8888EPKtttttthb), (88 bytes).
    Removing hal.o(i._ZN8touchgfx3HAL16flushFrameBufferEv), (12 bytes).
    Removing hal.o(i._ZN8touchgfx3HAL17unlockFrameBufferEv), (16 bytes).
    Removing hal.o(i._ZN8touchgfx3HAL18setRenderingMethodENS0_15RenderingMethodE), (44 bytes).
    Removing hal.o(i._ZN8touchgfx3HAL20copyFBRegionToMemoryENS_4RectE), (140 bytes).
    Removing hal.o(i._ZN8touchgfx3HAL20copyFBRegionToMemoryENS_4RectEPtj), (132 bytes).
    Removing hal.o(i._ZN8touchgfx3HAL25copyFromTFTToClientBufferENS_4RectE), (52 bytes).
    Removing hal.o(i._ZN8touchgfx3HAL27drawDrawableInDynamicBitmapERNS_8DrawableEt), (40 bytes).
    Removing hal.o(i._ZN8touchgfx3HAL27drawDrawableInDynamicBitmapERNS_8DrawableEtRKNS_4RectE), (408 bytes).
    Removing hal.o(i._ZN8touchgfx3HAL33lockFrameBufferForRenderingMethodENS0_15RenderingMethodE), (74 bytes).
    Removing hal.o(i._ZN8touchgfx3HAL8blitCopyEPKtPKhttttthbtNS_6Bitmap12BitmapFormatES6_b), (192 bytes).
    Removing hal.o(i._ZN8touchgfx3HAL8blitCopyEPKtttttthbb), (76 bytes).
    Removing hal.o(i._ZN8touchgfx3HAL8blitCopyEPKtttttthbtNS_6Bitmap12BitmapFormatES4_b), (46 bytes).
    Removing hal.o(i._ZN8touchgfx3HAL8blitFillENS_9colortypeEtttthb), (76 bytes).
    Removing hal.o(i._ZN8touchgfx3HAL8blitFillENS_9colortypeEtttthtNS_6Bitmap12BitmapFormatEb), (142 bytes).
    Removing hal.o(i._ZN8touchgfx3HAL9blockCopyEPvPKvj), (154 bytes).
    Removing hal.o(i._ZN8touchgfx3HAL9taskEntryEv), (34 bytes).
    Removing hal.o(i._ZNK8touchgfx3HAL11getBitDepthENS_6Bitmap12BitmapFormatE), (48 bytes).
    Removing hal.o(i._ZNK8touchgfx3HAL13getDstAddressEttPt), (52 bytes).
    Removing hal.o(i._ZNK8touchgfx3HAL13getDstAddressEttPttNS_6Bitmap12BitmapFormatE), (62 bytes).
    Removing hal.o(.ARM.exidx), (8 bytes).
    Removing hal.o(.ARM.exidx), (8 bytes).
    Removing hal.o(.ARM.exidx), (8 bytes).
    Removing hal.o(.ARM.exidx), (8 bytes).
    Removing hal.o(.ARM.exidx), (8 bytes).
    Removing hal.o(.ARM.exidx), (8 bytes).
    Removing hal.o(.ARM.exidx), (8 bytes).
    Removing hal.o(.ARM.exidx), (8 bytes).
    Removing hal.o(.ARM.exidx), (8 bytes).
    Removing hal.o(.ARM.exidx), (8 bytes).
    Removing hal.o(.ARM.exidx), (8 bytes).
    Removing hal.o(.ARM.exidx), (8 bytes).
    Removing hal.o(.ARM.exidx), (8 bytes).
    Removing hal.o(.ARM.exidx), (8 bytes).
    Removing hal.o(.ARM.exidx), (8 bytes).
    Removing hal.o(.ARM.exidx), (8 bytes).
    Removing hal.o(.ARM.exidx), (8 bytes).
    Removing hal.o(.ARM.exidx), (8 bytes).
    Removing hal.o(.ARM.exidx), (8 bytes).
    Removing hal.o(.ARM.exidx), (8 bytes).
    Removing hal.o(.ARM.exidx), (8 bytes).
    Removing hal.o(.ARM.exidx), (8 bytes).
    Removing hal.o(.ARM.exidx), (8 bytes).
    Removing hal.o(.ARM.exidx), (8 bytes).
    Removing hal.o(.ARM.exidx), (8 bytes).
    Removing hal.o(.ARM.exidx), (8 bytes).
    Removing hal.o(.ARM.exidx), (8 bytes).
    Removing hal.o(.ARM.exidx), (8 bytes).
    Removing hal.o(.ARM.exidx), (8 bytes).
    Removing hal.o(.ARM.exidx), (8 bytes).
    Removing hal.o(.ARM.exidx), (8 bytes).
    Removing hal.o(.ARM.exidx), (8 bytes).
    Removing hal.o(.ARM.exidx), (8 bytes).
    Removing hal.o(.ARM.exidx), (8 bytes).
    Removing hal.o(.ARM.exidx), (8 bytes).
    Removing hal.o(.ARM.exidx), (8 bytes).
    Removing hal.o(.ARM.exidx), (8 bytes).
    Removing hal.o(.ARM.exidx), (8 bytes).
    Removing matrix3x3.o(i._ZN8touchgfx9Matrix3x311rotatePivotEfff), (120 bytes).
    Removing matrix3x3.o(i._ZN8touchgfx9Matrix3x35resetEv), (52 bytes).
    Removing matrix3x3.o(i._ZN8touchgfx9Matrix3x35scaleEff), (74 bytes).
    Removing matrix3x3.o(i._ZN8touchgfx9Matrix3x36rotateEf), (156 bytes).
    Removing matrix3x3.o(i._ZN8touchgfx9Matrix3x39translateEff), (86 bytes).
    Removing matrix3x3.o(i._ZN8touchgfx9Matrix3x3C1Ev), (52 bytes).
    Removing matrix3x3.o(i._ZNK8touchgfx9Matrix3x315affineTransformERKNS0_5PointE), (58 bytes).
    Removing matrix3x3.o(i._ZNK8touchgfx9Matrix3x315affineTransformEff), (54 bytes).
    Removing matrix3x3.o(i._ZNK8touchgfx9Matrix3x319projectiveTransformERKNS0_5PointE), (90 bytes).
    Removing matrix3x3.o(i._ZNK8touchgfx9Matrix3x38multiplyERKS0_), (432 bytes).
    Removing matrix3x3.o(.ARM.exidx), (8 bytes).
    Removing matrix3x3.o(.ARM.exidx), (8 bytes).
    Removing matrix3x3.o(.ARM.exidx), (8 bytes).
    Removing matrix3x3.o(.ARM.exidx), (8 bytes).
    Removing matrix3x3.o(.ARM.exidx), (8 bytes).
    Removing matrix3x3.o(.ARM.exidx), (8 bytes).
    Removing matrix3x3.o(.ARM.exidx), (8 bytes).
    Removing matrix3x3.o(.ARM.exidx), (8 bytes).
    Removing matrix3x3.o(.ARM.exidx), (8 bytes).
    Removing matrix3x3.o(.ARM.exidx), (8 bytes).
    Removing painterrgb565.o(i._ZNK8touchgfx13PainterRGB5655paintEPhssssh), (26 bytes).
    Removing painterrgb565.o(i._ZNK8touchgfx13PainterRGB5658tearDownEv), (4 bytes).
    Removing painterrgb565.o(.ARM.exidx), (8 bytes).
    Removing painterrgb565.o(.ARM.exidx), (8 bytes).
    Removing painterrgb565lineargradient.o(i._ZNK8touchgfx27PainterRGB565LinearGradient5paintEPhssssh), (1672 bytes).
    Removing painterrgb565lineargradient.o(i._ZNK8touchgfx27PainterRGB565LinearGradient8tearDownEv), (2 bytes).
    Removing painterrgb565lineargradient.o(.ARM.exidx), (8 bytes).
    Removing painterrgb565lineargradient.o(.ARM.exidx), (8 bytes).
    Removing typedtext.o(.data), (4 bytes).
    Removing typedtext.o(.data), (4 bytes).
    Removing typedtext.o(.data), (2 bytes).
    Removing vectorfontrendererimpl.o(i._ZN8touchgfx22VectorFontRendererImpl11drawContourEtPKtPKs), (810 bytes).
    Removing vectorfontrendererimpl.o(i._ZN8touchgfx22VectorFontRendererImpl9drawGlyphERKNS_4RectES3_PKtPKNS_4FontENS_9colortypeEhNS_12TextRotationEii), (620 bytes).
    Removing vectorfontrendererimpl.o(.ARM.exidx), (8 bytes).
    Removing vectorfontrendererimpl.o(.ARM.exidx), (8 bytes).
    Removing vectorfontrendererimpl.o(.ARM.exidx), (8 bytes).
    Removing canvas.o(i._ZN8touchgfx6Canvas20recursiveCubicBezierEffffffffj), (832 bytes).
    Removing canvas.o(i._ZN8touchgfx6Canvas24recursiveQuadraticBezierEffffffj), (376 bytes).
    Removing canvas.o(i._ZN8touchgfx6Canvas5closeEv), (88 bytes).
    Removing canvas.o(i._ZN8touchgfx6Canvas6lineToENS_7CWRUtil2Q5ES2_), (224 bytes).
    Removing canvas.o(i._ZN8touchgfx6Canvas6moveToENS_7CWRUtil2Q5ES2_), (176 bytes).
    Removing canvas.o(i._ZN8touchgfx6Canvas6renderEh), (796 bytes).
    Removing canvas.o(i._ZN8touchgfx6CanvasC1EPKNS_15AbstractPainterERKNS_4RectES6_h), (276 bytes).
    Removing canvas.o(i._ZNK8touchgfx6Canvas29transformFrameBufferToDisplayERNS_7CWRUtil2Q5ES3_), (48 bytes).
    Removing canvas.o(.ARM.exidx), (8 bytes).
    Removing canvas.o(.ARM.exidx), (8 bytes).
    Removing canvas.o(.ARM.exidx), (8 bytes).
    Removing canvas.o(.ARM.exidx), (8 bytes).
    Removing canvas.o(.ARM.exidx), (8 bytes).
    Removing canvas.o(.ARM.exidx), (8 bytes).
    Removing canvas.o(.ARM.exidx), (8 bytes).
    Removing canvas.o(.ARM.exidx), (8 bytes).
    Removing displaytransformation.o(i._ZN8touchgfx21DisplayTransformation29transformDisplayToFrameBufferERNS_4RectERKS1_), (56 bytes).
    Removing displaytransformation.o(i._ZN8touchgfx21DisplayTransformation29transformDisplayToFrameBufferERfS1_), (116 bytes).
    Removing displaytransformation.o(i._ZN8touchgfx21DisplayTransformation29transformDisplayToFrameBufferERfS1_RKNS_4RectE), (68 bytes).
    Removing displaytransformation.o(i._ZN8touchgfx21DisplayTransformation29transformDisplayToFrameBufferERsS1_), (44 bytes).
    Removing displaytransformation.o(i._ZN8touchgfx21DisplayTransformation29transformDisplayToFrameBufferERsS1_RKNS_4RectE), (40 bytes).
    Removing displaytransformation.o(.ARM.exidx), (8 bytes).
    Removing displaytransformation.o(.ARM.exidx), (8 bytes).
    Removing displaytransformation.o(.ARM.exidx), (8 bytes).
    Removing displaytransformation.o(.ARM.exidx), (8 bytes).
    Removing displaytransformation.o(.ARM.exidx), (8 bytes).
    Removing displaytransformation.o(.ARM.exidx), (8 bytes).
    Removing displaytransformation.o(.ARM.exidx), (8 bytes).
    Removing displaytransformation.o(.ARM.exidx), (8 bytes).
    Removing gestures.o(.ARM.exidx), (8 bytes).
    Removing gestures.o(.ARM.exidx), (8 bytes).
    Removing gestures.o(.ARM.exidx), (8 bytes).
    Removing gestures.o(.ARM.exidx), (8 bytes).
    Removing lcd.o(i._ZN8touchgfx3LCD10rotateRectERNS_4RectERKS1_NS_12TextRotationE), (162 bytes).
    Removing lcd.o(i._ZN8touchgfx3LCD11getNumLinesERNS_12TextProviderENS_14WideTextActionEhPKNS_4FontEs), (110 bytes).
    Removing lcd.o(i._ZN8touchgfx3LCD11stringWidthERNS_12TextProviderERKNS_4FontEih), (124 bytes).
    Removing lcd.o(i._ZN8touchgfx3LCD13drawStringLTRERKNS_4RectES3_RKNS0_13StringVisualsEPKtSt9__va_list), (754 bytes).
    Removing lcd.o(i._ZN8touchgfx3LCD13drawStringRTLERKNS_4RectES3_RKNS0_13StringVisualsEPKtSt9__va_list), (858 bytes).
    Removing lcd.o(i._ZN8touchgfx3LCD17drawStringRTLLineERsPKNS_4FontEhRNS_12TextProviderEibPKNS0_24DrawStringInternalStructE), (1476 bytes).
    Removing lcd.o(i._ZN8touchgfx3LCD18drawStringInternalEPtPKNS_4RectEssRS3_PKNS0_13StringVisualsEhRNS_12TextProviderEib), (728 bytes).
    Removing lcd.o(i._ZN8touchgfx3LCD18drawTextureMapQuadERKNS_14DrawingSurfaceEPKNS_7Point3DERKNS_14TextureSurfaceERKNS_4RectESC_tht), (144 bytes).
    Removing lcd.o(i._ZN8touchgfx3LCD21drawStringRTLInternalERsPKNS_4FontEhRNS_12TextProviderEitPKNS0_24DrawStringInternalStructE), (226 bytes).
    Removing lcd.o(i._ZN8touchgfx3LCD22WideTextInternalStruct23scanStringLengthForLineEv), (606 bytes).
    Removing lcd.o(i._ZN8touchgfx3LCD22WideTextInternalStruct7addWordEttt), (42 bytes).
    Removing lcd.o(i._ZN8touchgfx3LCD22drawTextureMapScanLineERKNS_14DrawingSurfaceERKNS_9GradientsEPKNS_4EdgeES9_RKNS_14TextureSurfaceERKNS_4RectESF_tht), (452 bytes).
    Removing lcd.o(i._ZN8touchgfx3LCD22drawTextureMapTriangleERKNS_14DrawingSurfaceEPKNS_7Point3DERKNS_14TextureSurfaceERKNS_4RectESC_tht), (948 bytes).
    Removing lcd.o(i._ZN8touchgfx3LCD28getTextureMapperDrawScanLineERKNS_14TextureSurfaceEth), (4 bytes).
    Removing lcd.o(i._ZN8touchgfx3LCD5realXERKNS_4RectEssNS_12TextRotationE), (64 bytes).
    Removing lcd.o(i._ZN8touchgfx3LCD5realYERKNS_4RectEssNS_12TextRotationE), (64 bytes).
    Removing lcd.o(.ARM.exidx), (8 bytes).
    Removing lcd.o(.ARM.exidx), (8 bytes).
    Removing lcd.o(.ARM.exidx), (8 bytes).
    Removing lcd.o(.ARM.exidx), (8 bytes).
    Removing lcd.o(.ARM.exidx), (8 bytes).
    Removing lcd.o(.ARM.exidx), (8 bytes).
    Removing lcd.o(.ARM.exidx), (8 bytes).
    Removing lcd.o(.ARM.exidx), (8 bytes).
    Removing lcd.o(.ARM.exidx), (8 bytes).
    Removing lcd.o(.ARM.exidx), (8 bytes).
    Removing lcd.o(.ARM.exidx), (8 bytes).
    Removing lcd.o(.ARM.exidx), (8 bytes).
    Removing lcd.o(.ARM.exidx), (8 bytes).
    Removing lcd.o(.ARM.exidx), (8 bytes).
    Removing lcd.o(.ARM.exidx), (8 bytes).
    Removing lcd.o(.ARM.exidx), (8 bytes).
    Removing lcd.o(.ARM.exidx), (8 bytes).
    Removing outline.o(i._ZN8touchgfx7Outline10qsortCellsEPNS_4CellEj), (508 bytes).
    Removing outline.o(i._ZN8touchgfx7Outline10renderLineEiiii), (402 bytes).
    Removing outline.o(i._ZN8touchgfx7Outline24closeOutlineAndSortCellsEv), (150 bytes).
    Removing outline.o(i._ZN8touchgfx7Outline5resetEv), (64 bytes).
    Removing outline.o(i._ZN8touchgfx7Outline6lineToEii), (62 bytes).
    Removing outline.o(i._ZN8touchgfx7Outline6moveToEii), (108 bytes).
    Removing outline.o(i._ZN8touchgfx7OutlineC1Ev), (52 bytes).
    Removing outline.o(i._ZN8touchgfx7OutlineD0Ev), (20 bytes).
    Removing outline.o(i._ZN8touchgfx7OutlineD1Ev), (16 bytes).
    Removing outline.o(.ARM.exidx), (8 bytes).
    Removing outline.o(.ARM.exidx), (8 bytes).
    Removing outline.o(.ARM.exidx), (8 bytes).
    Removing outline.o(.ARM.exidx), (8 bytes).
    Removing outline.o(.ARM.exidx), (8 bytes).
    Removing outline.o(.ARM.exidx), (8 bytes).
    Removing outline.o(.ARM.exidx), (8 bytes).
    Removing outline.o(.ARM.exidx), (8 bytes).
    Removing outline.o(.ARM.exidx), (8 bytes).
    Removing screen.o(i._ZN8touchgfx6Screen14bindTransitionERNS_10TransitionE), (12 bytes).
    Removing screen.o(i._ZN8touchgfx6Screen14useSMOCDrawingEb), (6 bytes).
    Removing screen.o(i._ZN8touchgfx6Screen15handleDragEventERKNS_9DragEventE), (268 bytes).
    Removing screen.o(i._ZN8touchgfx6Screen16handleClickEventERKNS_10ClickEventE), (192 bytes).
    Removing screen.o(i._ZN8touchgfx6Screen18handleGestureEventERKNS_12GestureEventE), (100 bytes).
    Removing screen.o(i._ZN8touchgfx6Screen4drawERNS_4RectE), (162 bytes).
    Removing screen.o(i._ZN8touchgfx6Screen4drawEv), (52 bytes).
    Removing screen.o(i._ZN8touchgfx6Screen5JSMOCERKNS_4RectEPNS_8DrawableE), (992 bytes).
    Removing screen.o(i._ZN8touchgfx6Screen9startSMOCERKNS_4RectE), (88 bytes).
    Removing screen.o(i._ZN8touchgfx6ScreenC1Ev), (144 bytes).
    Removing screen.o(.ARM.exidx), (8 bytes).
    Removing screen.o(.ARM.exidx), (8 bytes).
    Removing screen.o(.ARM.exidx), (8 bytes).
    Removing screen.o(.ARM.exidx), (8 bytes).
    Removing screen.o(.ARM.exidx), (8 bytes).
    Removing screen.o(.ARM.exidx), (8 bytes).
    Removing screen.o(.ARM.exidx), (8 bytes).
    Removing screen.o(.ARM.exidx), (8 bytes).
    Removing screen.o(.ARM.exidx), (8 bytes).
    Removing screen.o(.ARM.exidx), (8 bytes).
    Removing stm32_crc_lock.o(i.CRC_Lock), (180 bytes).
    Removing stm32_crc_lock.o(.ARM.exidx), (8 bytes).
    Removing touchcalibration.o(i._ZN8touchgfx16TouchCalibration20setCalibrationMatrixEPKNS_5PointES3_), (372 bytes).
    Removing touchcalibration.o(.ARM.exidx), (8 bytes).
    Removing touchcalibration.o(.ARM.exidx), (8 bytes).
    Removing touchcalibration.o(.ARM.exidx), (8 bytes).
    Removing touchcalibration.o(.ARM.exidx), (8 bytes).
    Removing touchcalibration.o(.ARM.exidx), (8 bytes).
    Removing canvaswidgetrenderer.o(i._ZN8touchgfx20CanvasWidgetRenderer11resetBufferEv), (16 bytes).
    Removing canvaswidgetrenderer.o(i._ZN8touchgfx20CanvasWidgetRenderer11setupBufferEPhj), (24 bytes).
    Removing canvaswidgetrenderer.o(i._ZN8touchgfx20CanvasWidgetRenderer16getOutlineBufferEv), (24 bytes).
    Removing canvaswidgetrenderer.o(i._ZN8touchgfx20CanvasWidgetRenderer20getOutlineBufferSizeEv), (24 bytes).
    Removing canvaswidgetrenderer.o(i._ZN8touchgfx20CanvasWidgetRenderer9hasBufferEv), (24 bytes).
    Removing canvaswidgetrenderer.o(.ARM.exidx), (8 bytes).
    Removing canvaswidgetrenderer.o(.ARM.exidx), (8 bytes).
    Removing canvaswidgetrenderer.o(.ARM.exidx), (8 bytes).
    Removing canvaswidgetrenderer.o(.ARM.exidx), (8 bytes).
    Removing canvaswidgetrenderer.o(.ARM.exidx), (8 bytes).
    Removing canvaswidgetrenderer.o(.data), (8 bytes).
    Removing container.o(i._ZN8touchgfx9Container12forEachChildEPNS_15GenericCallbackIRNS_8DrawableEvvEE), (30 bytes).
    Removing container.o(i._ZN8touchgfx9Container12getLastChildEssPPNS_8DrawableE), (108 bytes).
    Removing container.o(i._ZN8touchgfx9Container14setupDrawChainERKNS_4RectEPPNS_8DrawableE), (104 bytes).
    Removing container.o(i._ZN8touchgfx9Container16getLastChildNearEssPPNS_8DrawableEPsS4_), (564 bytes).
    Removing container.o(i._ZN8touchgfx9Container20moveChildrenRelativeEss), (34 bytes).
    Removing container.o(i._ZN8touchgfx9Container3addERNS_8DrawableE), (54 bytes).
    Removing container.o(i._ZN8touchgfx9Container6insertEPNS_8DrawableERS1_), (46 bytes).
    Removing container.o(i._ZN8touchgfx9Container6removeERNS_8DrawableE), (52 bytes).
    Removing container.o(i._ZN8touchgfx9Container6unlinkEv), (6 bytes).
    Removing container.o(i._ZN8touchgfx9Container8containsERKNS_8DrawableE), (30 bytes).
    Removing container.o(i._ZN8touchgfx9Container9removeAllEv), (26 bytes).
    Removing container.o(i._ZNK8touchgfx9Container12getSolidRectEv), (12 bytes).
    Removing container.o(i._ZNK8touchgfx9Container16getContainedAreaEv), (194 bytes).
    Removing container.o(i._ZNK8touchgfx9Container4drawERKNS_4RectE), (106 bytes).
    Removing container.o(.ARM.exidx), (8 bytes).
    Removing container.o(.ARM.exidx), (8 bytes).
    Removing container.o(.ARM.exidx), (8 bytes).
    Removing container.o(.ARM.exidx), (8 bytes).
    Removing container.o(.ARM.exidx), (8 bytes).
    Removing container.o(.ARM.exidx), (8 bytes).
    Removing container.o(.ARM.exidx), (8 bytes).
    Removing container.o(.ARM.exidx), (8 bytes).
    Removing container.o(.ARM.exidx), (8 bytes).
    Removing container.o(.ARM.exidx), (8 bytes).
    Removing container.o(.ARM.exidx), (8 bytes).
    Removing container.o(.ARM.exidx), (8 bytes).
    Removing container.o(.ARM.exidx), (8 bytes).
    Removing container.o(.ARM.exidx), (8 bytes).
    Removing container.o(.constdata), (64 bytes).
    Removing textprovider.o(i._ZN8touchgfx12TextProvider10initializeEPKtS2_PKNS_24FontContextualFormsTableEz), (56 bytes).
    Removing textprovider.o(i._ZN8touchgfx12TextProvider10initializeEPKtSt9__va_listS2_PKNS_24FontContextualFormsTableE), (44 bytes).
    Removing textprovider.o(i._ZN8touchgfx12TextProvider11endOfStringEv), (28 bytes).
    Removing textprovider.o(i._ZN8touchgfx12TextProvider11getNextCharEv), (92 bytes).
    Removing textprovider.o(i._ZN8touchgfx12TextProvider13gsubRuleMatchEPKtttt), (150 bytes).
    Removing textprovider.o(i._ZN8touchgfx12TextProvider14applyGsubRulesEPKtt), (228 bytes).
    Removing textprovider.o(i._ZN8touchgfx12TextProvider15adjustThaiGlyphEPKNS_4FontEPKNS_9GlyphNodeE), (506 bytes).
    Removing textprovider.o(i._ZN8touchgfx12TextProvider15fillInputBufferEv), (264 bytes).
    Removing textprovider.o(i._ZN8touchgfx12TextProvider15getNextLigatureEhPKNS_4FontERPKNS_9GlyphNodeE), (74 bytes).
    Removing textprovider.o(i._ZN8touchgfx12TextProvider15getNextLigatureEhPKNS_4FontERPKNS_9GlyphNodeERPKhRh), (84 bytes).
    Removing textprovider.o(i._ZN8touchgfx12TextProvider16adjustHindiGlyphEPKNS_9GlyphNodeE), (40 bytes).
    Removing textprovider.o(i._ZN8touchgfx12TextProvider16substituteGlyphsEv), (138 bytes).
    Removing textprovider.o(i._ZN8touchgfx12TextProvider16unicodeConverterEh), (1868 bytes).
    Removing textprovider.o(i._ZN8touchgfx12TextProvider17adjustArabicGlyphEPKNS_4FontEPKNS_9GlyphNodeEt), (776 bytes).
    Removing textprovider.o(i._ZN8touchgfx12TextProvider19getNextCharInternalEv), (112 bytes).
    Removing textprovider.o(i._ZN8touchgfx12TextProvider20unicodeConverterInitEv), (8 bytes).
    Removing textprovider.o(i._ZN8touchgfx12TextProvider22replaceInputCharactersEttPKt), (196 bytes).
    Removing textprovider.o(i._ZN8touchgfx12TextProviderC1Ev), (78 bytes).
    Removing textprovider.o(i._ZNK8touchgfx12TextProvider15thaiLookupGlyphEPKNS_9GlyphNodeEPKNS_4FontEt), (24 bytes).
    Removing textprovider.o(i._ZNK8touchgfx12TextProvider21gsubTableBinarySearchEtPKtt), (74 bytes).
    Removing textprovider.o(.ARM.exidx), (8 bytes).
    Removing textprovider.o(.ARM.exidx), (8 bytes).
    Removing textprovider.o(.ARM.exidx), (8 bytes).
    Removing textprovider.o(.ARM.exidx), (8 bytes).
    Removing textprovider.o(.ARM.exidx), (8 bytes).
    Removing textprovider.o(.ARM.exidx), (8 bytes).
    Removing textprovider.o(.ARM.exidx), (8 bytes).
    Removing textprovider.o(.ARM.exidx), (8 bytes).
    Removing textprovider.o(.ARM.exidx), (8 bytes).
    Removing textprovider.o(.ARM.exidx), (8 bytes).
    Removing textprovider.o(.ARM.exidx), (8 bytes).
    Removing textprovider.o(.ARM.exidx), (8 bytes).
    Removing textprovider.o(.ARM.exidx), (8 bytes).
    Removing textprovider.o(.ARM.exidx), (8 bytes).
    Removing textprovider.o(.ARM.exidx), (8 bytes).
    Removing textprovider.o(.ARM.exidx), (8 bytes).
    Removing textprovider.o(.ARM.exidx), (8 bytes).
    Removing textprovider.o(.ARM.exidx), (8 bytes).
    Removing textprovider.o(.ARM.exidx), (8 bytes).
    Removing textprovider.o(.ARM.exidx), (8 bytes).
    Removing texturemaptypes.o(i._ZN8touchgfx4EdgeC1ERKNS_9GradientsEPKNS_7Point3DEii), (552 bytes).
    Removing texturemaptypes.o(i._ZN8touchgfx9GradientsC1EPKNS_7Point3DE), (852 bytes).
    Removing texturemaptypes.o(.ARM.exidx), (8 bytes).
    Removing texturemaptypes.o(.ARM.exidx), (8 bytes).
    Removing utils.o(i._ZN8touchgfx27lookupBilinearRenderVariantERKNS_6BitmapE), (32 bytes).
    Removing utils.o(i._ZN8touchgfx34lookupNearestNeighborRenderVariantERKNS_6BitmapE), (28 bytes).
    Removing utils.o(i._ZN8touchgfx3clzEi), (24 bytes).
    Removing utils.o(i._ZN8touchgfx4clzuEj), (60 bytes).
    Removing utils.o(i._ZN8touchgfx6memsetEPvhj), (16 bytes).
    Removing utils.o(i._ZN8touchgfx6muldivEiii), (198 bytes).
    Removing utils.o(i._ZN8touchgfx6muldivEiiiRi), (60 bytes).
    Removing utils.o(i._ZN8touchgfx7muldivuEjjjRj), (182 bytes).
    Removing utils.o(.ARM.exidx), (8 bytes).
    Removing utils.o(.ARM.exidx), (8 bytes).
    Removing utils.o(.ARM.exidx), (8 bytes).
    Removing utils.o(.ARM.exidx), (8 bytes).
    Removing utils.o(.ARM.exidx), (8 bytes).
    Removing utils.o(.ARM.exidx), (8 bytes).
    Removing utils.o(.ARM.exidx), (8 bytes).
    Removing utils.o(.ARM.exidx), (8 bytes).
    Removing touchgfxhal.o(.ARM.exidx), (8 bytes).
    Removing touchgfxhal.o(i._ZN11TouchGFXHAL16flushFrameBufferEv), (4 bytes).
    Removing touchgfxhal.o(.ARM.exidx), (8 bytes).
    Removing touchgfxhal.o(i._ZN11TouchGFXHALD0Ev), (4 bytes).
    Removing touchgfxhal.o(.ARM.exidx), (8 bytes).
    Removing touchgfxhal.o(.constdata__ZTI11TouchGFXHAL), (12 bytes).
    Removing touchgfxhal.o(.constdata__ZTS11TouchGFXHAL), (14 bytes).
    Removing stm32touchcontroller.o(.ARM.exidx), (8 bytes).
    Removing stm32touchcontroller.o(i._ZN20STM32TouchControllerD0Ev), (4 bytes).
    Removing stm32touchcontroller.o(.ARM.exidx), (8 bytes).
    Removing stm32touchcontroller.o(.constdata__ZTI20STM32TouchController), (12 bytes).
    Removing stm32touchcontroller.o(.constdata__ZTIN8touchgfx15TouchControllerE), (8 bytes).
    Removing stm32touchcontroller.o(.constdata__ZTS20STM32TouchController), (23 bytes).
    Removing stm32touchcontroller.o(.constdata__ZTSN8touchgfx15TouchControllerE), (29 bytes).
    Removing touchgfxconfiguration.o(.ARM.exidx), (8 bytes).
    Removing touchgfxconfiguration.o(.ARM.exidx), (8 bytes).
    Removing touchgfxconfiguration.o(.ARM.exidx), (8 bytes).
    Removing touchgfxconfiguration.o(.ARM.exidx), (8 bytes).
    Removing touchgfxconfiguration.o(.ARM.exidx), (8 bytes).
    Removing touchgfxconfiguration.o(.constdata__ZTI23FrontendApplicationBase), (12 bytes).
    Removing touchgfxconfiguration.o(.constdata__ZTI12FrontendHeap), (12 bytes).
    Removing touchgfxconfiguration.o(.constdata__ZTIN8touchgfx9PartitionINS_4meta8TypeListI12OscPresenterNS2_INS1_3NilES4_EEEELt1EEE), (12 bytes).
    Removing touchgfxconfiguration.o(.constdata__ZTIN8touchgfx9PartitionINS_4meta8TypeListI7OscViewNS2_INS1_3NilES4_EEEELt1EEE), (12 bytes).
    Removing touchgfxconfiguration.o(.constdata__ZTIN8touchgfx9PartitionINS_4meta8TypeListINS_15SlideTransitionILNS_9DirectionE1EEENS2_INS1_3NilES6_EEEELt1EEE), (12 bytes).
    Removing touchgfxconfiguration.o(.constdata__ZTIN8touchgfx14MVPApplicationE), (12 bytes).
    Removing touchgfxconfiguration.o(.constdata__ZTI16FrontendHeapBase), (12 bytes).
    Removing touchgfxconfiguration.o(.constdata__ZTS23FrontendApplicationBase), (26 bytes).
    Removing touchgfxconfiguration.o(.constdata__ZTS12FrontendHeap), (15 bytes).
    Removing touchgfxconfiguration.o(.constdata__ZTSN8touchgfx9PartitionINS_4meta8TypeListI12OscPresenterNS2_INS1_3NilES4_EEEELt1EEE), (81 bytes).
    Removing touchgfxconfiguration.o(.constdata__ZTSN8touchgfx9PartitionINS_4meta8TypeListI7OscViewNS2_INS1_3NilES4_EEEELt1EEE), (75 bytes).
    Removing touchgfxconfiguration.o(.constdata__ZTSN8touchgfx9PartitionINS_4meta8TypeListINS_15SlideTransitionILNS_9DirectionE1EEENS2_INS1_3NilES6_EEEELt1EEE), (107 bytes).
    Removing touchgfxconfiguration.o(.constdata__ZTIN8touchgfx7MVPHeapE), (8 bytes).
    Removing touchgfxconfiguration.o(.constdata__ZTSN8touchgfx14MVPApplicationE), (28 bytes).
    Removing touchgfxconfiguration.o(.constdata__ZTS16FrontendHeapBase), (19 bytes).
    Removing touchgfxconfiguration.o(.constdata__ZTSN8touchgfx7MVPHeapE), (20 bytes).
    Removing touchgfxconfiguration.o(i._ZN8touchgfx9PartitionINS_4meta8TypeListI12OscPresenterNS2_INS1_3NilES4_EEEELt1EED1Ev), (4 bytes).
    Removing touchgfxconfiguration.o(.ARM.exidx), (8 bytes).
    Removing touchgfxconfiguration.o(i._ZN8touchgfx9PartitionINS_4meta8TypeListI7OscViewNS2_INS1_3NilES4_EEEELt1EED1Ev), (4 bytes).
    Removing touchgfxconfiguration.o(.ARM.exidx), (8 bytes).
    Removing touchgfxconfiguration.o(i._ZN8touchgfx9PartitionINS_4meta8TypeListINS_15SlideTransitionILNS_9DirectionE1EEENS2_INS1_3NilES6_EEEELt1EED1Ev), (4 bytes).
    Removing touchgfxconfiguration.o(.ARM.exidx), (8 bytes).
    Removing touchgfxconfiguration.o(i._ZN16FrontendHeapBase15gotoStartScreenER19FrontendApplication), (6 bytes).
    Removing touchgfxconfiguration.o(.ARM.exidx), (8 bytes).
    Removing touchgfxconfiguration.o(i._ZN23FrontendApplicationBaseD0Ev), (14 bytes).
    Removing touchgfxconfiguration.o(.ARM.exidx), (8 bytes).
    Removing touchgfxconfiguration.o(i._ZN23FrontendApplicationBase19changeToStartScreenEv), (4 bytes).
    Removing touchgfxconfiguration.o(.ARM.exidx), (8 bytes).
    Removing touchgfxconfiguration.o(i._ZN12FrontendHeapD0Ev), (14 bytes).
    Removing touchgfxconfiguration.o(.ARM.exidx), (8 bytes).
    Removing touchgfxconfiguration.o(.ARM.exidx), (8 bytes).
    Removing touchgfxconfiguration.o(t._ZNK8touchgfx9PartitionINS_4meta8TypeListI12OscPresenterNS2_INS1_3NilES4_EEEELt1EE8capacityEv), (4 bytes).
    Removing touchgfxconfiguration.o(.ARM.exidx), (8 bytes).
    Removing touchgfxconfiguration.o(t._ZN8touchgfx9PartitionINS_4meta8TypeListI12OscPresenterNS2_INS1_3NilES4_EEEELt1EE12element_sizeEv), (4 bytes).
    Removing touchgfxconfiguration.o(.ARM.exidx), (8 bytes).
    Removing touchgfxconfiguration.o(t._ZN8touchgfx9PartitionINS_4meta8TypeListI12OscPresenterNS2_INS1_3NilES4_EEEELt1EE7elementEt), (8 bytes).
    Removing touchgfxconfiguration.o(.ARM.exidx), (8 bytes).
    Removing touchgfxconfiguration.o(t._ZNK8touchgfx9PartitionINS_4meta8TypeListI12OscPresenterNS2_INS1_3NilES4_EEEELt1EE7elementEt), (8 bytes).
    Removing touchgfxconfiguration.o(.ARM.exidx), (8 bytes).
    Removing touchgfxconfiguration.o(i._ZN8touchgfx9PartitionINS_4meta8TypeListI12OscPresenterNS2_INS1_3NilES4_EEEELt1EED0Ev), (14 bytes).
    Removing touchgfxconfiguration.o(.ARM.exidx), (8 bytes).
    Removing touchgfxconfiguration.o(t._ZNK8touchgfx9PartitionINS_4meta8TypeListI7OscViewNS2_INS1_3NilES4_EEEELt1EE8capacityEv), (4 bytes).
    Removing touchgfxconfiguration.o(.ARM.exidx), (8 bytes).
    Removing touchgfxconfiguration.o(t._ZN8touchgfx9PartitionINS_4meta8TypeListI7OscViewNS2_INS1_3NilES4_EEEELt1EE12element_sizeEv), (6 bytes).
    Removing touchgfxconfiguration.o(.ARM.exidx), (8 bytes).
    Removing touchgfxconfiguration.o(t._ZN8touchgfx9PartitionINS_4meta8TypeListI7OscViewNS2_INS1_3NilES4_EEEELt1EE7elementEt), (14 bytes).
    Removing touchgfxconfiguration.o(.ARM.exidx), (8 bytes).
    Removing touchgfxconfiguration.o(t._ZNK8touchgfx9PartitionINS_4meta8TypeListI7OscViewNS2_INS1_3NilES4_EEEELt1EE7elementEt), (14 bytes).
    Removing touchgfxconfiguration.o(.ARM.exidx), (8 bytes).
    Removing touchgfxconfiguration.o(i._ZN8touchgfx9PartitionINS_4meta8TypeListI7OscViewNS2_INS1_3NilES4_EEEELt1EED0Ev), (14 bytes).
    Removing touchgfxconfiguration.o(.ARM.exidx), (8 bytes).
    Removing touchgfxconfiguration.o(t._ZNK8touchgfx9PartitionINS_4meta8TypeListINS_15SlideTransitionILNS_9DirectionE1EEENS2_INS1_3NilES6_EEEELt1EE8capacityEv), (4 bytes).
    Removing touchgfxconfiguration.o(.ARM.exidx), (8 bytes).
    Removing touchgfxconfiguration.o(t._ZN8touchgfx9PartitionINS_4meta8TypeListINS_15SlideTransitionILNS_9DirectionE1EEENS2_INS1_3NilES6_EEEELt1EE12element_sizeEv), (4 bytes).
    Removing touchgfxconfiguration.o(.ARM.exidx), (8 bytes).
    Removing touchgfxconfiguration.o(t._ZN8touchgfx9PartitionINS_4meta8TypeListINS_15SlideTransitionILNS_9DirectionE1EEENS2_INS1_3NilES6_EEEELt1EE7elementEt), (8 bytes).
    Removing touchgfxconfiguration.o(.ARM.exidx), (8 bytes).
    Removing touchgfxconfiguration.o(t._ZNK8touchgfx9PartitionINS_4meta8TypeListINS_15SlideTransitionILNS_9DirectionE1EEENS2_INS1_3NilES6_EEEELt1EE7elementEt), (8 bytes).
    Removing touchgfxconfiguration.o(.ARM.exidx), (8 bytes).
    Removing touchgfxconfiguration.o(i._ZN8touchgfx9PartitionINS_4meta8TypeListINS_15SlideTransitionILNS_9DirectionE1EEENS2_INS1_3NilES6_EEEELt1EED0Ev), (14 bytes).
    Removing touchgfxconfiguration.o(.ARM.exidx), (8 bytes).
    Removing touchgfxgeneratedhal.o(.constdata__ZTV20TouchGFXGeneratedHAL), (216 bytes).
    Removing touchgfxgeneratedhal.o(i._ZN20TouchGFXGeneratedHALD1Ev), (2 bytes).
    Removing touchgfxgeneratedhal.o(.ARM.exidx), (8 bytes).
    Removing touchgfxgeneratedhal.o(i._ZN20TouchGFXGeneratedHAL16flushFrameBufferEv), (4 bytes).
    Removing touchgfxgeneratedhal.o(.ARM.exidx), (8 bytes).
    Removing touchgfxgeneratedhal.o(i._ZN20TouchGFXGeneratedHALD0Ev), (4 bytes).
    Removing touchgfxgeneratedhal.o(.ARM.exidx), (8 bytes).
    Removing touchgfxgeneratedhal.o(i._ZN8touchgfx23CWRVectorRendererRGB565D1Ev), (12 bytes).
    Removing touchgfxgeneratedhal.o(.ARM.exidx), (8 bytes).
    Removing touchgfxgeneratedhal.o(i._ZN8touchgfx23CWRVectorRendererRGB565C1Ev), (136 bytes).
    Removing touchgfxgeneratedhal.o(.ARM.exidx), (8 bytes).
    Removing touchgfxgeneratedhal.o(i._ZN8touchgfx15AbstractPainterC2Ev), (16 bytes).
    Removing touchgfxgeneratedhal.o(.ARM.exidx), (8 bytes).
    Removing touchgfxgeneratedhal.o(i._ZN8touchgfx21AbstractPainterRGB565C2Ev), (84 bytes).
    Removing touchgfxgeneratedhal.o(.ARM.exidx), (8 bytes).
    Removing touchgfxgeneratedhal.o(.constdata__ZTVN8touchgfx15AbstractPainterE), (32 bytes).
    Removing touchgfxgeneratedhal.o(.constdata__ZTVN8touchgfx21AbstractPainterRGB565E), (32 bytes).
    Removing touchgfxgeneratedhal.o(.constdata__ZTVN8touchgfx17CWRVectorRenderer17CanvasWidgetProxyE), (120 bytes).
    Removing touchgfxgeneratedhal.o(.constdata__ZTVN8touchgfx23CWRVectorRendererRGB565E), (76 bytes).
    Removing touchgfxgeneratedhal.o(.constdata__ZTI20TouchGFXGeneratedHAL), (12 bytes).
    Removing touchgfxgeneratedhal.o(.constdata__ZTIN8touchgfx17CWRVectorRenderer17CanvasWidgetProxyE), (12 bytes).
    Removing touchgfxgeneratedhal.o(.constdata__ZTIN8touchgfx23CWRVectorRendererRGB565E), (12 bytes).
    Removing touchgfxgeneratedhal.o(.constdata__ZTS20TouchGFXGeneratedHAL), (23 bytes).
    Removing touchgfxgeneratedhal.o(.constdata__ZTSN8touchgfx17CWRVectorRenderer17CanvasWidgetProxyE), (50 bytes).
    Removing touchgfxgeneratedhal.o(.constdata__ZTSN8touchgfx23CWRVectorRendererRGB565E), (37 bytes).
    Removing touchgfxgeneratedhal.o(i._ZN8touchgfx17CWRVectorRenderer17CanvasWidgetProxyD1Ev), (2 bytes).
    Removing touchgfxgeneratedhal.o(.ARM.exidx), (8 bytes).
    Removing touchgfxgeneratedhal.o(i._ZN8touchgfx21AbstractPainterRGB565D2Ev), (2 bytes).
    Removing touchgfxgeneratedhal.o(.ARM.exidx), (8 bytes).
    Removing touchgfxgeneratedhal.o(i._ZN8touchgfx15AbstractPainterD2Ev), (2 bytes).
    Removing touchgfxgeneratedhal.o(.ARM.exidx), (8 bytes).
    Removing touchgfxgeneratedhal.o(i._ZN8touchgfx15AbstractPainterD0Ev), (4 bytes).
    Removing touchgfxgeneratedhal.o(.ARM.exidx), (8 bytes).
    Removing touchgfxgeneratedhal.o(i._ZNK8touchgfx15AbstractPainter8tearDownEv), (2 bytes).
    Removing touchgfxgeneratedhal.o(.ARM.exidx), (8 bytes).
    Removing touchgfxgeneratedhal.o(i._ZN8touchgfx21AbstractPainterRGB565D0Ev), (4 bytes).
    Removing touchgfxgeneratedhal.o(.ARM.exidx), (8 bytes).
    Removing touchgfxgeneratedhal.o(i._ZNK8touchgfx17CWRVectorRenderer17CanvasWidgetProxy16drawCanvasWidgetERKNS_4RectE), (4 bytes).
    Removing touchgfxgeneratedhal.o(.ARM.exidx), (8 bytes).
    Removing touchgfxgeneratedhal.o(i._ZN8touchgfx17CWRVectorRenderer17CanvasWidgetProxyD0Ev), (4 bytes).
    Removing touchgfxgeneratedhal.o(.ARM.exidx), (8 bytes).
    Removing touchgfxgeneratedhal.o(i._ZN8touchgfx23CWRVectorRendererRGB56516getLinearPainterEv), (4 bytes).
    Removing touchgfxgeneratedhal.o(.ARM.exidx), (8 bytes).
    Removing touchgfxgeneratedhal.o(i._ZN8touchgfx23CWRVectorRendererRGB56520getColorPainterColorEv), (4 bytes).
    Removing touchgfxgeneratedhal.o(.ARM.exidx), (8 bytes).
    Removing touchgfxgeneratedhal.o(i._ZN8touchgfx23CWRVectorRendererRGB56515getColorPainterEv), (4 bytes).
    Removing touchgfxgeneratedhal.o(.ARM.exidx), (8 bytes).
    Removing touchgfxgeneratedhal.o(i._ZN8touchgfx23CWRVectorRendererRGB565D0Ev), (14 bytes).
    Removing touchgfxgeneratedhal.o(.ARM.exidx), (8 bytes).
    Removing stm32dma.o(.ARM.exidx), (8 bytes).
    Removing stm32dma.o(.ARM.exidx), (8 bytes).
    Removing stm32dma.o(.ARM.exidx), (8 bytes).
    Removing stm32dma.o(i._ZN8STM32DMA10getDMATypeEv), (4 bytes).
    Removing stm32dma.o(.ARM.exidx), (8 bytes).
    Removing stm32dma.o(.ARM.exidx), (8 bytes).
    Removing stm32dma.o(.constdata__ZTI8STM32DMA), (12 bytes).
    Removing stm32dma.o(.constdata__ZTS8STM32DMA), (10 bytes).
    Removing abstractpartition.o(.constdata__ZTIN8touchgfx17AbstractPartitionE), (8 bytes).
    Removing abstractpartition.o(.constdata__ZTSN8touchgfx17AbstractPartitionE), (31 bytes).
    Removing lcd16bpp.o(.constdata__ZTVN8touchgfx8LCD16bpp55TextureMapper_L8_RGB565_Opaque_BilinearInterpolation_GAE), (20 bytes).
    Removing lcd16bpp.o(.constdata__ZTVN8touchgfx8LCD16bpp57TextureMapper_L8_RGB565_Opaque_BilinearInterpolation_NoGAE), (20 bytes).
    Removing lcd16bpp.o(.constdata__ZTVN8touchgfx8LCD16bpp49TextureMapper_L8_RGB565_Opaque_NearestNeighbor_GAE), (20 bytes).
    Removing lcd16bpp.o(.constdata__ZTVN8touchgfx8LCD16bpp51TextureMapper_L8_RGB565_Opaque_NearestNeighbor_NoGAE), (20 bytes).
    Removing lcd16bpp.o(.constdata__ZTVN8touchgfx8LCD16bpp55TextureMapper_L8_RGB888_Opaque_BilinearInterpolation_GAE), (20 bytes).
    Removing lcd16bpp.o(.constdata__ZTVN8touchgfx8LCD16bpp57TextureMapper_L8_RGB888_Opaque_BilinearInterpolation_NoGAE), (20 bytes).
    Removing lcd16bpp.o(.constdata__ZTVN8touchgfx8LCD16bpp49TextureMapper_L8_RGB888_Opaque_NearestNeighbor_GAE), (20 bytes).
    Removing lcd16bpp.o(.constdata__ZTVN8touchgfx8LCD16bpp51TextureMapper_L8_RGB888_Opaque_NearestNeighbor_NoGAE), (20 bytes).
    Removing lcd16bpp.o(.constdata__ZTVN8touchgfx8LCD16bpp60TextureMapper_L8_ARGB8888_NonOpaque_BilinearInterpolation_GAE), (20 bytes).
    Removing lcd16bpp.o(.constdata__ZTVN8touchgfx8LCD16bpp62TextureMapper_L8_ARGB8888_NonOpaque_BilinearInterpolation_NoGAE), (20 bytes).
    Removing lcd16bpp.o(.constdata__ZTVN8touchgfx8LCD16bpp54TextureMapper_L8_ARGB8888_NonOpaque_NearestNeighbor_GAE), (20 bytes).
    Removing lcd16bpp.o(.constdata__ZTVN8touchgfx8LCD16bpp56TextureMapper_L8_ARGB8888_NonOpaque_NearestNeighbor_NoGAE), (20 bytes).
    Removing lcd16bpp.o(.constdata__ZTVN8touchgfx8LCD16bpp52TextureMapper_RGB565_Opaque_BilinearInterpolation_GAE), (20 bytes).
    Removing lcd16bpp.o(.constdata__ZTVN8touchgfx8LCD16bpp54TextureMapper_RGB565_Opaque_BilinearInterpolation_NoGAE), (20 bytes).
    Removing lcd16bpp.o(.constdata__ZTVN8touchgfx8LCD16bpp55TextureMapper_RGB565_NonOpaque_BilinearInterpolation_GAE), (20 bytes).
    Removing lcd16bpp.o(.constdata__ZTVN8touchgfx8LCD16bpp57TextureMapper_RGB565_NonOpaque_BilinearInterpolation_NoGAE), (20 bytes).
    Removing lcd16bpp.o(.constdata__ZTVN8touchgfx8LCD16bpp46TextureMapper_RGB565_Opaque_NearestNeighbor_GAE), (20 bytes).
    Removing lcd16bpp.o(.constdata__ZTVN8touchgfx8LCD16bpp48TextureMapper_RGB565_Opaque_NearestNeighbor_NoGAE), (20 bytes).
    Removing lcd16bpp.o(.constdata__ZTVN8touchgfx8LCD16bpp49TextureMapper_RGB565_NonOpaque_NearestNeighbor_GAE), (20 bytes).
    Removing lcd16bpp.o(.constdata__ZTVN8touchgfx8LCD16bpp51TextureMapper_RGB565_NonOpaque_NearestNeighbor_NoGAE), (20 bytes).
    Removing lcd16bpp.o(.constdata__ZTVN8touchgfx8LCD16bpp57TextureMapper_ARGB8888_NonOpaque_BilinearInterpolation_GAE), (20 bytes).
    Removing lcd16bpp.o(.constdata__ZTVN8touchgfx8LCD16bpp59TextureMapper_ARGB8888_NonOpaque_BilinearInterpolation_NoGAE), (20 bytes).
    Removing lcd16bpp.o(.constdata__ZTVN8touchgfx8LCD16bpp51TextureMapper_ARGB8888_NonOpaque_NearestNeighbor_GAE), (20 bytes).
    Removing lcd16bpp.o(.constdata__ZTVN8touchgfx8LCD16bpp53TextureMapper_ARGB8888_NonOpaque_NearestNeighbor_NoGAE), (20 bytes).
    Removing lcd16bpp.o(.constdata__ZTVN8touchgfx8LCD16bpp41TextureMapper_A4_BilinearInterpolation_GAE), (20 bytes).
    Removing lcd16bpp.o(.constdata__ZTVN8touchgfx8LCD16bpp43TextureMapper_A4_BilinearInterpolation_NoGAE), (20 bytes).
    Removing lcd16bpp.o(.constdata__ZTVN8touchgfx8LCD16bpp35TextureMapper_A4_NearestNeighbor_GAE), (20 bytes).
    Removing lcd16bpp.o(.constdata__ZTVN8touchgfx8LCD16bpp37TextureMapper_A4_NearestNeighbor_NoGAE), (20 bytes).
    Removing lcd16bpp.o(.constdata__ZTVN8touchgfx8LCD16bpp17DecompressorL8_L4E), (28 bytes).
    Removing lcd16bpp.o(.constdata__ZTVN8touchgfx8LCD16bpp18DecompressorL8_RLEE), (28 bytes).
    Removing lcd16bpp.o(.constdata__ZTVN8touchgfx8LCD16bpp19DecompressorL8_LZW9E), (28 bytes).
    Removing lcd16bpp.o(i._ZN8touchgfx4RectaNERKS0_), (120 bytes).
    Removing lcd16bpp.o(.ARM.exidx), (8 bytes).
    Removing lcd16bpp.o(i._ZN8touchgfx3LCD26DrawTextureMapScanLineBase29drawTextureMapNextSubdivisionERfS2_S2_S2_S2_S2_fS2_fS2_fiRiS3_S3_S3_), (232 bytes).
    Removing lcd16bpp.o(.ARM.exidx), (8 bytes).
    Removing lcd16bpp.o(i._ZN8touchgfx8LCD16bpp51TextureMapper_RGB565_NonOpaque_NearestNeighbor_NoGAD1Ev), (2 bytes).
    Removing lcd16bpp.o(.ARM.exidx), (8 bytes).
    Removing lcd16bpp.o(i._ZN8touchgfx8LCD16bpp49TextureMapper_RGB565_NonOpaque_NearestNeighbor_GAD1Ev), (2 bytes).
    Removing lcd16bpp.o(.ARM.exidx), (8 bytes).
    Removing lcd16bpp.o(i._ZN8touchgfx8LCD16bpp57TextureMapper_RGB565_NonOpaque_BilinearInterpolation_NoGAD1Ev), (2 bytes).
    Removing lcd16bpp.o(.ARM.exidx), (8 bytes).
    Removing lcd16bpp.o(i._ZN8touchgfx8LCD16bpp55TextureMapper_RGB565_NonOpaque_BilinearInterpolation_GAD1Ev), (2 bytes).
    Removing lcd16bpp.o(.ARM.exidx), (8 bytes).
    Removing lcd16bpp.o(i._ZN8touchgfx8LCD16bpp48TextureMapper_RGB565_Opaque_NearestNeighbor_NoGAD1Ev), (2 bytes).
    Removing lcd16bpp.o(.ARM.exidx), (8 bytes).
    Removing lcd16bpp.o(i._ZN8touchgfx8LCD16bpp46TextureMapper_RGB565_Opaque_NearestNeighbor_GAD1Ev), (2 bytes).
    Removing lcd16bpp.o(.ARM.exidx), (8 bytes).
    Removing lcd16bpp.o(i._ZN8touchgfx8LCD16bpp54TextureMapper_RGB565_Opaque_BilinearInterpolation_NoGAD1Ev), (2 bytes).
    Removing lcd16bpp.o(.ARM.exidx), (8 bytes).
    Removing lcd16bpp.o(i._ZN8touchgfx8LCD16bpp52TextureMapper_RGB565_Opaque_BilinearInterpolation_GAD1Ev), (2 bytes).
    Removing lcd16bpp.o(.ARM.exidx), (8 bytes).
    Removing lcd16bpp.o(i._ZN8touchgfx8LCD16bpp51TextureMapper_L8_RGB888_Opaque_NearestNeighbor_NoGAD1Ev), (2 bytes).
    Removing lcd16bpp.o(.ARM.exidx), (8 bytes).
    Removing lcd16bpp.o(i._ZN8touchgfx8LCD16bpp49TextureMapper_L8_RGB888_Opaque_NearestNeighbor_GAD1Ev), (2 bytes).
    Removing lcd16bpp.o(.ARM.exidx), (8 bytes).
    Removing lcd16bpp.o(i._ZN8touchgfx8LCD16bpp57TextureMapper_L8_RGB888_Opaque_BilinearInterpolation_NoGAD1Ev), (2 bytes).
    Removing lcd16bpp.o(.ARM.exidx), (8 bytes).
    Removing lcd16bpp.o(i._ZN8touchgfx8LCD16bpp55TextureMapper_L8_RGB888_Opaque_BilinearInterpolation_GAD1Ev), (2 bytes).
    Removing lcd16bpp.o(.ARM.exidx), (8 bytes).
    Removing lcd16bpp.o(i._ZN8touchgfx8LCD16bpp51TextureMapper_L8_RGB565_Opaque_NearestNeighbor_NoGAD1Ev), (2 bytes).
    Removing lcd16bpp.o(.ARM.exidx), (8 bytes).
    Removing lcd16bpp.o(i._ZN8touchgfx8LCD16bpp49TextureMapper_L8_RGB565_Opaque_NearestNeighbor_GAD1Ev), (2 bytes).
    Removing lcd16bpp.o(.ARM.exidx), (8 bytes).
    Removing lcd16bpp.o(i._ZN8touchgfx8LCD16bpp57TextureMapper_L8_RGB565_Opaque_BilinearInterpolation_NoGAD1Ev), (2 bytes).
    Removing lcd16bpp.o(.ARM.exidx), (8 bytes).
    Removing lcd16bpp.o(i._ZN8touchgfx8LCD16bpp55TextureMapper_L8_RGB565_Opaque_BilinearInterpolation_GAD1Ev), (2 bytes).
    Removing lcd16bpp.o(.ARM.exidx), (8 bytes).
    Removing lcd16bpp.o(i._ZN8touchgfx8LCD16bpp56TextureMapper_L8_ARGB8888_NonOpaque_NearestNeighbor_NoGAD1Ev), (2 bytes).
    Removing lcd16bpp.o(.ARM.exidx), (8 bytes).
    Removing lcd16bpp.o(i._ZN8touchgfx8LCD16bpp54TextureMapper_L8_ARGB8888_NonOpaque_NearestNeighbor_GAD1Ev), (2 bytes).
    Removing lcd16bpp.o(.ARM.exidx), (8 bytes).
    Removing lcd16bpp.o(i._ZN8touchgfx8LCD16bpp62TextureMapper_L8_ARGB8888_NonOpaque_BilinearInterpolation_NoGAD1Ev), (2 bytes).
    Removing lcd16bpp.o(.ARM.exidx), (8 bytes).
    Removing lcd16bpp.o(i._ZN8touchgfx8LCD16bpp60TextureMapper_L8_ARGB8888_NonOpaque_BilinearInterpolation_GAD1Ev), (2 bytes).
    Removing lcd16bpp.o(.ARM.exidx), (8 bytes).
    Removing lcd16bpp.o(i._ZN8touchgfx8LCD16bpp53TextureMapper_ARGB8888_NonOpaque_NearestNeighbor_NoGAD1Ev), (2 bytes).
    Removing lcd16bpp.o(.ARM.exidx), (8 bytes).
    Removing lcd16bpp.o(i._ZN8touchgfx8LCD16bpp51TextureMapper_ARGB8888_NonOpaque_NearestNeighbor_GAD1Ev), (2 bytes).
    Removing lcd16bpp.o(.ARM.exidx), (8 bytes).
    Removing lcd16bpp.o(i._ZN8touchgfx8LCD16bpp59TextureMapper_ARGB8888_NonOpaque_BilinearInterpolation_NoGAD1Ev), (2 bytes).
    Removing lcd16bpp.o(.ARM.exidx), (8 bytes).
    Removing lcd16bpp.o(i._ZN8touchgfx8LCD16bpp57TextureMapper_ARGB8888_NonOpaque_BilinearInterpolation_GAD1Ev), (2 bytes).
    Removing lcd16bpp.o(.ARM.exidx), (8 bytes).
    Removing lcd16bpp.o(i._ZN8touchgfx8LCD16bpp37TextureMapper_A4_NearestNeighbor_NoGAD1Ev), (2 bytes).
    Removing lcd16bpp.o(.ARM.exidx), (8 bytes).
    Removing lcd16bpp.o(i._ZN8touchgfx8LCD16bpp35TextureMapper_A4_NearestNeighbor_GAD1Ev), (2 bytes).
    Removing lcd16bpp.o(.ARM.exidx), (8 bytes).
    Removing lcd16bpp.o(i._ZN8touchgfx8LCD16bpp43TextureMapper_A4_BilinearInterpolation_NoGAD1Ev), (2 bytes).
    Removing lcd16bpp.o(.ARM.exidx), (8 bytes).
    Removing lcd16bpp.o(i._ZN8touchgfx8LCD16bpp41TextureMapper_A4_BilinearInterpolation_GAD1Ev), (2 bytes).
    Removing lcd16bpp.o(.ARM.exidx), (8 bytes).
    Removing lcd16bpp.o(i._ZN8touchgfx8LCD16bpp19DecompressorL8_LZW9D1Ev), (2 bytes).
    Removing lcd16bpp.o(.ARM.exidx), (8 bytes).
    Removing lcd16bpp.o(i._ZN8touchgfx8LCD16bpp18DecompressorL8_RLED1Ev), (2 bytes).
    Removing lcd16bpp.o(.ARM.exidx), (8 bytes).
    Removing lcd16bpp.o(i._ZN8touchgfx8LCD16bpp17DecompressorL8_L4D1Ev), (2 bytes).
    Removing lcd16bpp.o(.ARM.exidx), (8 bytes).
    Removing lcd16bpp.o(i._ZN8touchgfx8LCD16bpp22bilinearInterpolate565Etttthh), (132 bytes).
    Removing lcd16bpp.o(.ARM.exidx), (8 bytes).
    Removing lcd16bpp.o(i._ZN8touchgfx8LCD16bpp22bilinearInterpolate888Ejjjjhh), (132 bytes).
    Removing lcd16bpp.o(.ARM.exidx), (8 bytes).
    Removing lcd16bpp.o(.ARM.exidx), (8 bytes).
    Removing lcd16bpp.o(i._ZNK8touchgfx8LCD16bpp28DrawTextureMapScanLineBase1627overrunCheckNearestNeighborERPtRiS4_S4_iiss), (154 bytes).
    Removing lcd16bpp.o(.ARM.exidx), (8 bytes).
    Removing lcd16bpp.o(i._ZNK8touchgfx8LCD16bpp28DrawTextureMapScanLineBase1633overrunCheckBilinearInterpolationERPtRiS4_S4_iiss), (172 bytes).
    Removing lcd16bpp.o(.ARM.exidx), (8 bytes).
    Removing lcd16bpp.o(i._ZNK8touchgfx8LCD16bpp55TextureMapper_L8_RGB888_Opaque_BilinearInterpolation_GA10writePixelEPtPKhS4_siihhh), (278 bytes).
    Removing lcd16bpp.o(.ARM.exidx), (8 bytes).
    Removing lcd16bpp.o(i._ZNK8touchgfx8LCD16bpp60TextureMapper_L8_ARGB8888_NonOpaque_BilinearInterpolation_GA10writePixelEPtPKhPKjsiihhh), (336 bytes).
    Removing lcd16bpp.o(.ARM.exidx), (8 bytes).
    Removing lcd16bpp.o(i._ZNK8touchgfx8LCD16bpp62TextureMapper_L8_ARGB8888_NonOpaque_BilinearInterpolation_NoGA10writePixelEPtPKhPKjsiihh), (310 bytes).
    Removing lcd16bpp.o(.ARM.exidx), (8 bytes).
    Removing lcd16bpp.o(i._ZNK8touchgfx8LCD16bpp55TextureMapper_RGB565_NonOpaque_BilinearInterpolation_GA10writePixelEPtPKtPKhsiihhh), (420 bytes).
    Removing lcd16bpp.o(.ARM.exidx), (8 bytes).
    Removing lcd16bpp.o(i._ZNK8touchgfx8LCD16bpp57TextureMapper_RGB565_NonOpaque_BilinearInterpolation_NoGA10writePixelEPtPKhPKtsiihh), (388 bytes).
    Removing lcd16bpp.o(.ARM.exidx), (8 bytes).
    Removing lcd16bpp.o(i._ZNK8touchgfx8LCD16bpp57TextureMapper_ARGB8888_NonOpaque_BilinearInterpolation_GA10writePixelEPtPKjsiihhh), (328 bytes).
    Removing lcd16bpp.o(.ARM.exidx), (8 bytes).
    Removing lcd16bpp.o(i._ZNK8touchgfx8LCD16bpp59TextureMapper_ARGB8888_NonOpaque_BilinearInterpolation_NoGA10writePixelEPtPKjsiihh), (318 bytes).
    Removing lcd16bpp.o(.ARM.exidx), (8 bytes).
    Removing lcd16bpp.o(i._ZN8touchgfx3LCD27supportDynamicBitmapDrawingENS_6Bitmap12BitmapFormatE), (20 bytes).
    Removing lcd16bpp.o(.ARM.exidx), (8 bytes).
    Removing lcd16bpp.o(i._ZN8touchgfx3LCD15setDefaultColorENS_9colortypeE), (12 bytes).
    Removing lcd16bpp.o(.ARM.exidx), (8 bytes).
    Removing lcd16bpp.o(i._ZN8touchgfx3LCD14getAlphaFromA4EPKtj), (26 bytes).
    Removing lcd16bpp.o(.ARM.exidx), (8 bytes).
    Removing lcd16bpp.o(i._ZNK8touchgfx3LCD26DrawTextureMapScanLineBase11is1x1InsideEiiii), (26 bytes).
    Removing lcd16bpp.o(.ARM.exidx), (8 bytes).
    Removing lcd16bpp.o(i._ZNK8touchgfx3LCD26DrawTextureMapScanLineBase11is2x2InsideEiiii), (30 bytes).
    Removing lcd16bpp.o(.ARM.exidx), (8 bytes).
    Removing lcd16bpp.o(i._ZNK8touchgfx8LCD16bpp8bitDepthEv), (4 bytes).
    Removing lcd16bpp.o(.ARM.exidx), (8 bytes).
    Removing lcd16bpp.o(.ARM.exidx), (8 bytes).
    Removing lcd16bpp.o(i._ZNK8touchgfx8LCD16bpp17framebufferStrideEv), (28 bytes).
    Removing lcd16bpp.o(.ARM.exidx), (8 bytes).
    Removing lcd16bpp.o(i._ZN8touchgfx8LCD16bpp20bilinearInterpolate8Ehhhhhh), (68 bytes).
    Removing lcd16bpp.o(.ARM.exidx), (8 bytes).
    Removing lcd16bpp.o(i._ZN8touchgfx8LCD16bpp10div255_888Ejh), (48 bytes).
    Removing lcd16bpp.o(.ARM.exidx), (8 bytes).
    Removing lcd16bpp.o(i._ZN8touchgfx8LCD16bpp10div255_565Eth), (52 bytes).
    Removing lcd16bpp.o(.ARM.exidx), (8 bytes).
    Removing lcd16bpp.o(i._ZN8touchgfx8LCD16bpp18div255_565_FFcheckEth), (58 bytes).
    Removing lcd16bpp.o(.ARM.exidx), (8 bytes).
    Removing lcd16bpp.o(i._ZN8touchgfx8LCD16bppD0Ev), (4 bytes).
    Removing lcd16bpp.o(.ARM.exidx), (8 bytes).
    Removing lcd16bpp.o(i._ZN8touchgfx8LCD16bpp49TextureMapper_L8_RGB565_Opaque_NearestNeighbor_GAD0Ev), (4 bytes).
    Removing lcd16bpp.o(.ARM.exidx), (8 bytes).
    Removing lcd16bpp.o(i._ZN8touchgfx8LCD16bpp51TextureMapper_L8_RGB565_Opaque_NearestNeighbor_NoGAD0Ev), (4 bytes).
    Removing lcd16bpp.o(.ARM.exidx), (8 bytes).
    Removing lcd16bpp.o(i._ZN8touchgfx8LCD16bpp55TextureMapper_L8_RGB565_Opaque_BilinearInterpolation_GAD0Ev), (4 bytes).
    Removing lcd16bpp.o(.ARM.exidx), (8 bytes).
    Removing lcd16bpp.o(i._ZN8touchgfx8LCD16bpp57TextureMapper_L8_RGB565_Opaque_BilinearInterpolation_NoGAD0Ev), (4 bytes).
    Removing lcd16bpp.o(.ARM.exidx), (8 bytes).
    Removing lcd16bpp.o(i._ZN8touchgfx8LCD16bpp49TextureMapper_L8_RGB888_Opaque_NearestNeighbor_GAD0Ev), (4 bytes).
    Removing lcd16bpp.o(.ARM.exidx), (8 bytes).
    Removing lcd16bpp.o(i._ZN8touchgfx8LCD16bpp51TextureMapper_L8_RGB888_Opaque_NearestNeighbor_NoGAD0Ev), (4 bytes).
    Removing lcd16bpp.o(.ARM.exidx), (8 bytes).
    Removing lcd16bpp.o(i._ZN8touchgfx8LCD16bpp55TextureMapper_L8_RGB888_Opaque_BilinearInterpolation_GAD0Ev), (4 bytes).
    Removing lcd16bpp.o(.ARM.exidx), (8 bytes).
    Removing lcd16bpp.o(i._ZN8touchgfx8LCD16bpp57TextureMapper_L8_RGB888_Opaque_BilinearInterpolation_NoGAD0Ev), (4 bytes).
    Removing lcd16bpp.o(.ARM.exidx), (8 bytes).
    Removing lcd16bpp.o(i._ZN8touchgfx8LCD16bpp54TextureMapper_L8_ARGB8888_NonOpaque_NearestNeighbor_GAD0Ev), (4 bytes).
    Removing lcd16bpp.o(.ARM.exidx), (8 bytes).
    Removing lcd16bpp.o(i._ZN8touchgfx8LCD16bpp56TextureMapper_L8_ARGB8888_NonOpaque_NearestNeighbor_NoGAD0Ev), (4 bytes).
    Removing lcd16bpp.o(.ARM.exidx), (8 bytes).
    Removing lcd16bpp.o(i._ZN8touchgfx8LCD16bpp60TextureMapper_L8_ARGB8888_NonOpaque_BilinearInterpolation_GAD0Ev), (4 bytes).
    Removing lcd16bpp.o(.ARM.exidx), (8 bytes).
    Removing lcd16bpp.o(i._ZN8touchgfx8LCD16bpp62TextureMapper_L8_ARGB8888_NonOpaque_BilinearInterpolation_NoGAD0Ev), (4 bytes).
    Removing lcd16bpp.o(.ARM.exidx), (8 bytes).
    Removing lcd16bpp.o(i._ZN8touchgfx8LCD16bpp49TextureMapper_RGB565_NonOpaque_NearestNeighbor_GAD0Ev), (4 bytes).
    Removing lcd16bpp.o(.ARM.exidx), (8 bytes).
    Removing lcd16bpp.o(i._ZN8touchgfx8LCD16bpp51TextureMapper_RGB565_NonOpaque_NearestNeighbor_NoGAD0Ev), (4 bytes).
    Removing lcd16bpp.o(.ARM.exidx), (8 bytes).
    Removing lcd16bpp.o(i._ZN8touchgfx8LCD16bpp46TextureMapper_RGB565_Opaque_NearestNeighbor_GAD0Ev), (4 bytes).
    Removing lcd16bpp.o(.ARM.exidx), (8 bytes).
    Removing lcd16bpp.o(i._ZN8touchgfx8LCD16bpp48TextureMapper_RGB565_Opaque_NearestNeighbor_NoGAD0Ev), (4 bytes).
    Removing lcd16bpp.o(.ARM.exidx), (8 bytes).
    Removing lcd16bpp.o(i._ZN8touchgfx8LCD16bpp55TextureMapper_RGB565_NonOpaque_BilinearInterpolation_GAD0Ev), (4 bytes).
    Removing lcd16bpp.o(.ARM.exidx), (8 bytes).
    Removing lcd16bpp.o(i._ZN8touchgfx8LCD16bpp57TextureMapper_RGB565_NonOpaque_BilinearInterpolation_NoGAD0Ev), (4 bytes).
    Removing lcd16bpp.o(.ARM.exidx), (8 bytes).
    Removing lcd16bpp.o(i._ZN8touchgfx8LCD16bpp52TextureMapper_RGB565_Opaque_BilinearInterpolation_GAD0Ev), (4 bytes).
    Removing lcd16bpp.o(.ARM.exidx), (8 bytes).
    Removing lcd16bpp.o(i._ZN8touchgfx8LCD16bpp54TextureMapper_RGB565_Opaque_BilinearInterpolation_NoGAD0Ev), (4 bytes).
    Removing lcd16bpp.o(.ARM.exidx), (8 bytes).
    Removing lcd16bpp.o(i._ZN8touchgfx8LCD16bpp51TextureMapper_ARGB8888_NonOpaque_NearestNeighbor_GAD0Ev), (4 bytes).
    Removing lcd16bpp.o(.ARM.exidx), (8 bytes).
    Removing lcd16bpp.o(i._ZN8touchgfx8LCD16bpp53TextureMapper_ARGB8888_NonOpaque_NearestNeighbor_NoGAD0Ev), (4 bytes).
    Removing lcd16bpp.o(.ARM.exidx), (8 bytes).
    Removing lcd16bpp.o(i._ZN8touchgfx8LCD16bpp57TextureMapper_ARGB8888_NonOpaque_BilinearInterpolation_GAD0Ev), (4 bytes).
    Removing lcd16bpp.o(.ARM.exidx), (8 bytes).
    Removing lcd16bpp.o(i._ZN8touchgfx8LCD16bpp59TextureMapper_ARGB8888_NonOpaque_BilinearInterpolation_NoGAD0Ev), (4 bytes).
    Removing lcd16bpp.o(.ARM.exidx), (8 bytes).
    Removing lcd16bpp.o(i._ZN8touchgfx8LCD16bpp35TextureMapper_A4_NearestNeighbor_GAD0Ev), (4 bytes).
    Removing lcd16bpp.o(.ARM.exidx), (8 bytes).
    Removing lcd16bpp.o(i._ZN8touchgfx8LCD16bpp37TextureMapper_A4_NearestNeighbor_NoGAD0Ev), (4 bytes).
    Removing lcd16bpp.o(.ARM.exidx), (8 bytes).
    Removing lcd16bpp.o(i._ZN8touchgfx8LCD16bpp41TextureMapper_A4_BilinearInterpolation_GAD0Ev), (4 bytes).
    Removing lcd16bpp.o(.ARM.exidx), (8 bytes).
    Removing lcd16bpp.o(i._ZN8touchgfx8LCD16bpp43TextureMapper_A4_BilinearInterpolation_NoGAD0Ev), (4 bytes).
    Removing lcd16bpp.o(.ARM.exidx), (8 bytes).
    Removing lcd16bpp.o(i._ZN8touchgfx8LCD16bpp17DecompressorL8_L4D0Ev), (4 bytes).
    Removing lcd16bpp.o(.ARM.exidx), (8 bytes).
    Removing lcd16bpp.o(i._ZN8touchgfx8LCD16bpp18DecompressorL8_RLED0Ev), (4 bytes).
    Removing lcd16bpp.o(.ARM.exidx), (8 bytes).
    Removing lcd16bpp.o(i._ZN8touchgfx8LCD16bpp19DecompressorL8_LZW9D0Ev), (4 bytes).
    Removing lcd16bpp.o(.ARM.exidx), (8 bytes).
    Removing lcd16bpp.o(.constdata__ZTIN8touchgfx8LCD16bppE), (12 bytes).
    Removing lcd16bpp.o(.constdata__ZTIN8touchgfx8LCD16bpp49TextureMapper_L8_RGB565_Opaque_NearestNeighbor_GAE), (12 bytes).
    Removing lcd16bpp.o(.constdata__ZTIN8touchgfx8LCD16bpp51TextureMapper_L8_RGB565_Opaque_NearestNeighbor_NoGAE), (12 bytes).
    Removing lcd16bpp.o(.constdata__ZTIN8touchgfx8LCD16bpp55TextureMapper_L8_RGB565_Opaque_BilinearInterpolation_GAE), (12 bytes).
    Removing lcd16bpp.o(.constdata__ZTIN8touchgfx8LCD16bpp57TextureMapper_L8_RGB565_Opaque_BilinearInterpolation_NoGAE), (12 bytes).
    Removing lcd16bpp.o(.constdata__ZTIN8touchgfx8LCD16bpp49TextureMapper_L8_RGB888_Opaque_NearestNeighbor_GAE), (12 bytes).
    Removing lcd16bpp.o(.constdata__ZTIN8touchgfx8LCD16bpp51TextureMapper_L8_RGB888_Opaque_NearestNeighbor_NoGAE), (12 bytes).
    Removing lcd16bpp.o(.constdata__ZTIN8touchgfx8LCD16bpp55TextureMapper_L8_RGB888_Opaque_BilinearInterpolation_GAE), (12 bytes).
    Removing lcd16bpp.o(.constdata__ZTIN8touchgfx8LCD16bpp57TextureMapper_L8_RGB888_Opaque_BilinearInterpolation_NoGAE), (12 bytes).
    Removing lcd16bpp.o(.constdata__ZTIN8touchgfx8LCD16bpp54TextureMapper_L8_ARGB8888_NonOpaque_NearestNeighbor_GAE), (12 bytes).
    Removing lcd16bpp.o(.constdata__ZTIN8touchgfx8LCD16bpp56TextureMapper_L8_ARGB8888_NonOpaque_NearestNeighbor_NoGAE), (12 bytes).
    Removing lcd16bpp.o(.constdata__ZTIN8touchgfx8LCD16bpp60TextureMapper_L8_ARGB8888_NonOpaque_BilinearInterpolation_GAE), (12 bytes).
    Removing lcd16bpp.o(.constdata__ZTIN8touchgfx8LCD16bpp62TextureMapper_L8_ARGB8888_NonOpaque_BilinearInterpolation_NoGAE), (12 bytes).
    Removing lcd16bpp.o(.constdata__ZTIN8touchgfx8LCD16bpp49TextureMapper_RGB565_NonOpaque_NearestNeighbor_GAE), (12 bytes).
    Removing lcd16bpp.o(.constdata__ZTIN8touchgfx8LCD16bpp51TextureMapper_RGB565_NonOpaque_NearestNeighbor_NoGAE), (12 bytes).
    Removing lcd16bpp.o(.constdata__ZTIN8touchgfx8LCD16bpp46TextureMapper_RGB565_Opaque_NearestNeighbor_GAE), (12 bytes).
    Removing lcd16bpp.o(.constdata__ZTIN8touchgfx8LCD16bpp48TextureMapper_RGB565_Opaque_NearestNeighbor_NoGAE), (12 bytes).
    Removing lcd16bpp.o(.constdata__ZTIN8touchgfx8LCD16bpp55TextureMapper_RGB565_NonOpaque_BilinearInterpolation_GAE), (12 bytes).
    Removing lcd16bpp.o(.constdata__ZTIN8touchgfx8LCD16bpp57TextureMapper_RGB565_NonOpaque_BilinearInterpolation_NoGAE), (12 bytes).
    Removing lcd16bpp.o(.constdata__ZTIN8touchgfx8LCD16bpp52TextureMapper_RGB565_Opaque_BilinearInterpolation_GAE), (12 bytes).
    Removing lcd16bpp.o(.constdata__ZTIN8touchgfx8LCD16bpp54TextureMapper_RGB565_Opaque_BilinearInterpolation_NoGAE), (12 bytes).
    Removing lcd16bpp.o(.constdata__ZTIN8touchgfx8LCD16bpp51TextureMapper_ARGB8888_NonOpaque_NearestNeighbor_GAE), (12 bytes).
    Removing lcd16bpp.o(.constdata__ZTIN8touchgfx8LCD16bpp53TextureMapper_ARGB8888_NonOpaque_NearestNeighbor_NoGAE), (12 bytes).
    Removing lcd16bpp.o(.constdata__ZTIN8touchgfx8LCD16bpp57TextureMapper_ARGB8888_NonOpaque_BilinearInterpolation_GAE), (12 bytes).
    Removing lcd16bpp.o(.constdata__ZTIN8touchgfx8LCD16bpp59TextureMapper_ARGB8888_NonOpaque_BilinearInterpolation_NoGAE), (12 bytes).
    Removing lcd16bpp.o(.constdata__ZTIN8touchgfx8LCD16bpp35TextureMapper_A4_NearestNeighbor_GAE), (12 bytes).
    Removing lcd16bpp.o(.constdata__ZTIN8touchgfx8LCD16bpp37TextureMapper_A4_NearestNeighbor_NoGAE), (12 bytes).
    Removing lcd16bpp.o(.constdata__ZTIN8touchgfx8LCD16bpp41TextureMapper_A4_BilinearInterpolation_GAE), (12 bytes).
    Removing lcd16bpp.o(.constdata__ZTIN8touchgfx8LCD16bpp43TextureMapper_A4_BilinearInterpolation_NoGAE), (12 bytes).
    Removing lcd16bpp.o(.constdata__ZTIN8touchgfx8LCD16bpp17DecompressorL8_L4E), (12 bytes).
    Removing lcd16bpp.o(.constdata__ZTIN8touchgfx8LCD16bpp18DecompressorL8_RLEE), (12 bytes).
    Removing lcd16bpp.o(.constdata__ZTIN8touchgfx8LCD16bpp19DecompressorL8_LZW9E), (12 bytes).
    Removing lcd16bpp.o(.constdata__ZTIN8touchgfx8LCD16bpp18DecompressorL8BaseE), (8 bytes).
    Removing lcd16bpp.o(.constdata__ZTIN8touchgfx8LCD16bpp28DrawTextureMapScanLineBase16E), (12 bytes).
    Removing lcd16bpp.o(.constdata__ZTSN8touchgfx8LCD16bppE), (21 bytes).
    Removing lcd16bpp.o(.constdata__ZTSN8touchgfx8LCD16bpp49TextureMapper_L8_RGB565_Opaque_NearestNeighbor_GAE), (72 bytes).
    Removing lcd16bpp.o(.constdata__ZTSN8touchgfx8LCD16bpp51TextureMapper_L8_RGB565_Opaque_NearestNeighbor_NoGAE), (74 bytes).
    Removing lcd16bpp.o(.constdata__ZTSN8touchgfx8LCD16bpp55TextureMapper_L8_RGB565_Opaque_BilinearInterpolation_GAE), (78 bytes).
    Removing lcd16bpp.o(.constdata__ZTSN8touchgfx8LCD16bpp57TextureMapper_L8_RGB565_Opaque_BilinearInterpolation_NoGAE), (80 bytes).
    Removing lcd16bpp.o(.constdata__ZTSN8touchgfx8LCD16bpp49TextureMapper_L8_RGB888_Opaque_NearestNeighbor_GAE), (72 bytes).
    Removing lcd16bpp.o(.constdata__ZTSN8touchgfx8LCD16bpp51TextureMapper_L8_RGB888_Opaque_NearestNeighbor_NoGAE), (74 bytes).
    Removing lcd16bpp.o(.constdata__ZTSN8touchgfx8LCD16bpp55TextureMapper_L8_RGB888_Opaque_BilinearInterpolation_GAE), (78 bytes).
    Removing lcd16bpp.o(.constdata__ZTSN8touchgfx8LCD16bpp57TextureMapper_L8_RGB888_Opaque_BilinearInterpolation_NoGAE), (80 bytes).
    Removing lcd16bpp.o(.constdata__ZTSN8touchgfx8LCD16bpp54TextureMapper_L8_ARGB8888_NonOpaque_NearestNeighbor_GAE), (77 bytes).
    Removing lcd16bpp.o(.constdata__ZTSN8touchgfx8LCD16bpp56TextureMapper_L8_ARGB8888_NonOpaque_NearestNeighbor_NoGAE), (79 bytes).
    Removing lcd16bpp.o(.constdata__ZTSN8touchgfx8LCD16bpp60TextureMapper_L8_ARGB8888_NonOpaque_BilinearInterpolation_GAE), (83 bytes).
    Removing lcd16bpp.o(.constdata__ZTSN8touchgfx8LCD16bpp62TextureMapper_L8_ARGB8888_NonOpaque_BilinearInterpolation_NoGAE), (85 bytes).
    Removing lcd16bpp.o(.constdata__ZTSN8touchgfx8LCD16bpp49TextureMapper_RGB565_NonOpaque_NearestNeighbor_GAE), (72 bytes).
    Removing lcd16bpp.o(.constdata__ZTSN8touchgfx8LCD16bpp51TextureMapper_RGB565_NonOpaque_NearestNeighbor_NoGAE), (74 bytes).
    Removing lcd16bpp.o(.constdata__ZTSN8touchgfx8LCD16bpp46TextureMapper_RGB565_Opaque_NearestNeighbor_GAE), (69 bytes).
    Removing lcd16bpp.o(.constdata__ZTSN8touchgfx8LCD16bpp48TextureMapper_RGB565_Opaque_NearestNeighbor_NoGAE), (71 bytes).
    Removing lcd16bpp.o(.constdata__ZTSN8touchgfx8LCD16bpp55TextureMapper_RGB565_NonOpaque_BilinearInterpolation_GAE), (78 bytes).
    Removing lcd16bpp.o(.constdata__ZTSN8touchgfx8LCD16bpp57TextureMapper_RGB565_NonOpaque_BilinearInterpolation_NoGAE), (80 bytes).
    Removing lcd16bpp.o(.constdata__ZTSN8touchgfx8LCD16bpp52TextureMapper_RGB565_Opaque_BilinearInterpolation_GAE), (75 bytes).
    Removing lcd16bpp.o(.constdata__ZTSN8touchgfx8LCD16bpp54TextureMapper_RGB565_Opaque_BilinearInterpolation_NoGAE), (77 bytes).
    Removing lcd16bpp.o(.constdata__ZTSN8touchgfx8LCD16bpp51TextureMapper_ARGB8888_NonOpaque_NearestNeighbor_GAE), (74 bytes).
    Removing lcd16bpp.o(.constdata__ZTSN8touchgfx8LCD16bpp53TextureMapper_ARGB8888_NonOpaque_NearestNeighbor_NoGAE), (76 bytes).
    Removing lcd16bpp.o(.constdata__ZTSN8touchgfx8LCD16bpp57TextureMapper_ARGB8888_NonOpaque_BilinearInterpolation_GAE), (80 bytes).
    Removing lcd16bpp.o(.constdata__ZTSN8touchgfx8LCD16bpp59TextureMapper_ARGB8888_NonOpaque_BilinearInterpolation_NoGAE), (82 bytes).
    Removing lcd16bpp.o(.constdata__ZTSN8touchgfx8LCD16bpp35TextureMapper_A4_NearestNeighbor_GAE), (58 bytes).
    Removing lcd16bpp.o(.constdata__ZTSN8touchgfx8LCD16bpp37TextureMapper_A4_NearestNeighbor_NoGAE), (60 bytes).
    Removing lcd16bpp.o(.constdata__ZTSN8touchgfx8LCD16bpp41TextureMapper_A4_BilinearInterpolation_GAE), (64 bytes).
    Removing lcd16bpp.o(.constdata__ZTSN8touchgfx8LCD16bpp43TextureMapper_A4_BilinearInterpolation_NoGAE), (66 bytes).
    Removing lcd16bpp.o(.constdata__ZTSN8touchgfx8LCD16bpp17DecompressorL8_L4E), (40 bytes).
    Removing lcd16bpp.o(.constdata__ZTSN8touchgfx8LCD16bpp18DecompressorL8_RLEE), (41 bytes).
    Removing lcd16bpp.o(.constdata__ZTSN8touchgfx8LCD16bpp19DecompressorL8_LZW9E), (42 bytes).
    Removing lcd16bpp.o(.constdata__ZTIN8touchgfx3LCD26DrawTextureMapScanLineBaseE), (8 bytes).
    Removing lcd16bpp.o(.constdata__ZTSN8touchgfx8LCD16bpp28DrawTextureMapScanLineBase16E), (51 bytes).
    Removing lcd16bpp.o(.constdata__ZTSN8touchgfx8LCD16bpp18DecompressorL8BaseE), (41 bytes).
    Removing lcd16bpp.o(.constdata__ZTSN8touchgfx3LCD26DrawTextureMapScanLineBaseE), (44 bytes).
    Removing lcd16bpp.o(.ARM.exidx), (8 bytes).
    Removing application.o(.constdata__ZTVN8touchgfx11ApplicationE), (84 bytes).
    Removing application.o(.ARM.exidx), (8 bytes).
    Removing application.o(i._ZN8touchgfx11ApplicationD1Ev), (2 bytes).
    Removing application.o(.ARM.exidx), (8 bytes).
    Removing application.o(.ARM.exidx), (8 bytes).
    Removing application.o(.ARM.exidx), (8 bytes).
    Removing application.o(i._ZN8touchgfx11Application19changeToStartScreenEv), (2 bytes).
    Removing application.o(.ARM.exidx), (8 bytes).
    Removing application.o(i._ZN8touchgfx11Application15appSwitchScreenEh), (2 bytes).
    Removing application.o(.ARM.exidx), (8 bytes).
    Removing application.o(i._ZN8touchgfx11Application13requestRedrawERNS_4RectE), (8 bytes).
    Removing application.o(.ARM.exidx), (8 bytes).
    Removing application.o(i._ZN8touchgfx11ApplicationD0Ev), (4 bytes).
    Removing application.o(.ARM.exidx), (8 bytes).
    Removing application.o(.constdata__ZTIN8touchgfx11ApplicationE), (12 bytes).
    Removing application.o(.constdata__ZTIN8touchgfx15UIEventListenerE), (8 bytes).
    Removing application.o(.constdata__ZTSN8touchgfx11ApplicationE), (25 bytes).
    Removing application.o(.constdata__ZTSN8touchgfx15UIEventListenerE), (29 bytes).
    Removing canvaswidget.o(.constdata__ZTVN8touchgfx12CanvasWidgetE), (120 bytes).
    Removing canvaswidget.o(i._ZN8touchgfx12CanvasWidgetD2Ev), (2 bytes).
    Removing canvaswidget.o(.ARM.exidx), (8 bytes).
    Removing canvaswidget.o(i._ZNK8touchgfx8Drawable17invalidateContentEv), (16 bytes).
    Removing canvaswidget.o(.ARM.exidx), (8 bytes).
    Removing canvaswidget.o(i._ZN8touchgfx8Drawable13getFirstChildEv), (4 bytes).
    Removing canvaswidget.o(.ARM.exidx), (8 bytes).
    Removing canvaswidget.o(i._ZN8touchgfx8Drawable4setXEs), (4 bytes).
    Removing canvaswidget.o(.ARM.exidx), (8 bytes).
    Removing canvaswidget.o(i._ZN8touchgfx8Drawable4setYEs), (4 bytes).
    Removing canvaswidget.o(.ARM.exidx), (8 bytes).
    Removing canvaswidget.o(i._ZN8touchgfx8Drawable8setWidthEs), (4 bytes).
    Removing canvaswidget.o(.ARM.exidx), (8 bytes).
    Removing canvaswidget.o(i._ZN8touchgfx8Drawable9setHeightEs), (4 bytes).
    Removing canvaswidget.o(.ARM.exidx), (8 bytes).
    Removing canvaswidget.o(i._ZN8touchgfx8Drawable20childGeometryChangedEv), (2 bytes).
    Removing canvaswidget.o(.ARM.exidx), (8 bytes).
    Removing canvaswidget.o(i._ZN8touchgfx8Drawable16handleClickEventERKNS_10ClickEventE), (2 bytes).
    Removing canvaswidget.o(.ARM.exidx), (8 bytes).
    Removing canvaswidget.o(i._ZN8touchgfx8Drawable18handleGestureEventERKNS_12GestureEventE), (2 bytes).
    Removing canvaswidget.o(.ARM.exidx), (8 bytes).
    Removing canvaswidget.o(i._ZN8touchgfx8Drawable15handleDragEventERKNS_9DragEventE), (2 bytes).
    Removing canvaswidget.o(.ARM.exidx), (8 bytes).
    Removing canvaswidget.o(i._ZN8touchgfx8Drawable15handleTickEventEv), (2 bytes).
    Removing canvaswidget.o(.ARM.exidx), (8 bytes).
    Removing canvaswidget.o(i._ZN8touchgfx8Drawable6moveToEss), (18 bytes).
    Removing canvaswidget.o(.ARM.exidx), (8 bytes).
    Removing canvaswidget.o(i._ZN8touchgfx8Drawable14setupDrawChainERKNS_4RectEPPS0_), (18 bytes).
    Removing canvaswidget.o(.ARM.exidx), (8 bytes).
    Removing canvaswidget.o(i._ZN8touchgfx6Widget12getLastChildEssPPNS_8DrawableE), (18 bytes).
    Removing canvaswidget.o(.ARM.exidx), (8 bytes).
    Removing canvaswidget.o(i._ZN8touchgfx12CanvasWidget8setAlphaEh), (6 bytes).
    Removing canvaswidget.o(.ARM.exidx), (8 bytes).
    Removing canvaswidget.o(i._ZNK8touchgfx12CanvasWidget8getAlphaEv), (6 bytes).
    Removing canvaswidget.o(.ARM.exidx), (8 bytes).
    Removing canvaswidget.o(i._ZNK8touchgfx12CanvasWidget14getMinimalRectEv), (22 bytes).
    Removing canvaswidget.o(.ARM.exidx), (8 bytes).
    Removing canvaswidget.o(i._ZNK8touchgfx12CanvasWidget12getSolidRectEv), (12 bytes).
    Removing canvaswidget.o(.ARM.exidx), (8 bytes).
    Removing canvaswidget.o(i._ZN8touchgfx12CanvasWidgetD0Ev), (4 bytes).
    Removing canvaswidget.o(.ARM.exidx), (8 bytes).
    Removing canvaswidget.o(.constdata__ZTIN8touchgfx12CanvasWidgetE), (12 bytes).
    Removing canvaswidget.o(.constdata__ZTIN8touchgfx6WidgetE), (12 bytes).
    Removing canvaswidget.o(.constdata__ZTSN8touchgfx12CanvasWidgetE), (26 bytes).
    Removing canvaswidget.o(.constdata__ZTSN8touchgfx6WidgetE), (19 bytes).
    Removing cwrvectorrenderer.o(.constdata__ZTVN8touchgfx17CWRVectorRendererE), (76 bytes).
    Removing cwrvectorrenderer.o(i._ZN8touchgfx17CWRVectorRendererD2Ev), (12 bytes).
    Removing cwrvectorrenderer.o(.ARM.exidx), (8 bytes).
    Removing cwrvectorrenderer.o(t._ZN8touchgfx7CWRUtil4toQ5IfEENS0_2Q5ET_), (32 bytes).
    Removing cwrvectorrenderer.o(.ARM.exidx), (8 bytes).
    Removing cwrvectorrenderer.o(i._ZN8touchgfx17CWRVectorRenderer7setModeENS_14VectorRenderer8DrawModeE), (4 bytes).
    Removing cwrvectorrenderer.o(.ARM.exidx), (8 bytes).
    Removing cwrvectorrenderer.o(i._ZN8touchgfx17CWRVectorRenderer19setStrokeMiterLimitEf), (6 bytes).
    Removing cwrvectorrenderer.o(.ARM.exidx), (8 bytes).
    Removing cwrvectorrenderer.o(i._ZN8touchgfx17CWRVectorRenderer17setStrokeLineJoinENS_16VGStrokeLineJoinE), (6 bytes).
    Removing cwrvectorrenderer.o(.ARM.exidx), (8 bytes).
    Removing cwrvectorrenderer.o(i._ZN8touchgfx17CWRVectorRenderer16setStrokeLineCapENS_15VGStrokeLineCapE), (6 bytes).
    Removing cwrvectorrenderer.o(.ARM.exidx), (8 bytes).
    Removing cwrvectorrenderer.o(i._ZN8touchgfx17CWRVectorRenderer12StrokeCanvas19lineToWithTransformEff), (54 bytes).
    Removing cwrvectorrenderer.o(.ARM.exidx), (8 bytes).
    Removing cwrvectorrenderer.o(i._ZN8touchgfx17CWRVectorRendererD0Ev), (12 bytes).
    Removing cwrvectorrenderer.o(.ARM.exidx), (8 bytes).
    Removing cwrvectorrenderer.o(.constdata__ZTVN8touchgfx17CWRVectorRenderer12StrokeCanvasE), (20 bytes).
    Removing cwrvectorrenderer.o(.constdata__ZTIN8touchgfx17CWRVectorRendererE), (12 bytes).
    Removing cwrvectorrenderer.o(.constdata__ZTIN8touchgfx14VectorRendererE), (8 bytes).
    Removing cwrvectorrenderer.o(.constdata__ZTIN8touchgfx17CWRVectorRenderer12StrokeCanvasE), (24 bytes).
    Removing cwrvectorrenderer.o(.constdata__ZTSN8touchgfx17CWRVectorRendererE), (31 bytes).
    Removing cwrvectorrenderer.o(.constdata__ZTSN8touchgfx14VectorRendererE), (28 bytes).
    Removing cwrvectorrenderer.o(.constdata__ZTSN8touchgfx17CWRVectorRenderer12StrokeCanvasE), (45 bytes).
    Removing cwrvectorrenderer.o(i._ZN8touchgfx17CWRVectorRenderer12StrokeCanvasD1Ev), (20 bytes).
    Removing cwrvectorrenderer.o(.ARM.exidx), (8 bytes).
    Removing cwrvectorrenderer.o(i._ZN8touchgfx17CWRVectorRenderer12StrokeCanvas6lineToENS_7CWRUtil2Q5ES3_), (36 bytes).
    Removing cwrvectorrenderer.o(.ARM.exidx), (8 bytes).
    Removing cwrvectorrenderer.o(i._ZN8touchgfx17CWRVectorRenderer12StrokeCanvasD0Ev), (28 bytes).
    Removing cwrvectorrenderer.o(.ARM.exidx), (8 bytes).
    Removing dma.o(.constdata__ZTVN8touchgfx13DMA_InterfaceE), (80 bytes).
    Removing dma.o(i._ZN8touchgfx17LockFreeDMA_QueueD1Ev), (2 bytes).
    Removing dma.o(.ARM.exidx), (8 bytes).
    Removing dma.o(i._ZN8touchgfx13DMA_InterfaceD2Ev), (2 bytes).
    Removing dma.o(.ARM.exidx), (8 bytes).
    Removing dma.o(i._ZN8touchgfx17LockFreeDMA_QueueD0Ev), (4 bytes).
    Removing dma.o(.ARM.exidx), (8 bytes).
    Removing dma.o(.ARM.exidx), (8 bytes).
    Removing dma.o(i._ZN8touchgfx13DMA_Interface10initializeEv), (2 bytes).
    Removing dma.o(.ARM.exidx), (8 bytes).
    Removing dma.o(i._ZN8touchgfx13DMA_Interface10getDMATypeEv), (4 bytes).
    Removing dma.o(.ARM.exidx), (8 bytes).
    Removing dma.o(i._ZN8touchgfx13DMA_InterfaceD0Ev), (4 bytes).
    Removing dma.o(.ARM.exidx), (8 bytes).
    Removing dma.o(.constdata__ZTIN8touchgfx13DMA_InterfaceE), (8 bytes).
    Removing dma.o(.constdata__ZTIN8touchgfx17LockFreeDMA_QueueE), (12 bytes).
    Removing dma.o(.constdata__ZTIN8touchgfx9DMA_QueueE), (8 bytes).
    Removing dma.o(.constdata__ZTSN8touchgfx17LockFreeDMA_QueueE), (31 bytes).
    Removing dma.o(.constdata__ZTSN8touchgfx13DMA_InterfaceE), (27 bytes).
    Removing dma.o(.constdata__ZTSN8touchgfx9DMA_QueueE), (22 bytes).
    Removing drawable.o(.constdata__ZTVN8touchgfx8DrawableE), (104 bytes).
    Removing drawable.o(i._ZN8touchgfx8DrawableD2Ev), (2 bytes).
    Removing drawable.o(.ARM.exidx), (8 bytes).
    Removing drawable.o(i._ZN8touchgfx8DrawableD0Ev), (4 bytes).
    Removing drawable.o(.ARM.exidx), (8 bytes).
    Removing drawable.o(.constdata__ZTIN8touchgfx8DrawableE), (8 bytes).
    Removing drawable.o(.constdata__ZTSN8touchgfx8DrawableE), (21 bytes).
    Removing hal.o(i._ZNK8touchgfx4RectanERKS0_), (158 bytes).
    Removing hal.o(.ARM.exidx), (8 bytes).
    Removing hal.o(i._ZN8touchgfx3HALD2Ev), (2 bytes).
    Removing hal.o(.ARM.exidx), (8 bytes).
    Removing hal.o(i._ZN8touchgfx3HALD0Ev), (4 bytes).
    Removing hal.o(.ARM.exidx), (8 bytes).
    Removing hal.o(i._ZN8touchgfx3HAL21setDisplayOrientationENS_18DisplayOrientationE), (12 bytes).
    Removing hal.o(.ARM.exidx), (8 bytes).
    Removing hal.o(i._ZN8touchgfx3HAL18setFrameBufferSizeEtt), (32 bytes).
    Removing hal.o(.ARM.exidx), (8 bytes).
    Removing hal.o(.ARM.exidx), (8 bytes).
    Removing hal.o(.ARM.exidx), (8 bytes).
    Removing hal.o(i._ZN8touchgfx3HAL11getBlitCapsEv), (20 bytes).
    Removing hal.o(.ARM.exidx), (8 bytes).
    Removing hal.o(.ARM.exidx), (8 bytes).
    Removing hal.o(i._ZN8touchgfx3HAL9sampleKeyERh), (4 bytes).
    Removing hal.o(.ARM.exidx), (8 bytes).
    Removing hal.o(.ARM.exidx), (8 bytes).
    Removing hal.o(.ARM.exidx), (8 bytes).
    Removing hal.o(i._ZNK8touchgfx3HAL18getFlashDataReaderEv), (4 bytes).
    Removing hal.o(.ARM.exidx), (8 bytes).
    Removing hal.o(.ARM.exidx), (8 bytes).
    Removing hal.o(.ARM.exidx), (8 bytes).
    Removing hal.o(i._ZN8touchgfx3HAL10getDMATypeEv), (8 bytes).
    Removing hal.o(.ARM.exidx), (8 bytes).
    Removing hal.o(.ARM.exidx), (8 bytes).
    Removing hal.o(i._ZN8touchgfx3HAL15InvalidateCacheEv), (2 bytes).
    Removing hal.o(.ARM.exidx), (8 bytes).
    Removing hal.o(i._ZN8touchgfx3HAL10FlushCacheEv), (2 bytes).
    Removing hal.o(.ARM.exidx), (8 bytes).
    Removing hal.o(.constdata__ZTIN8touchgfx3HALE), (8 bytes).
    Removing hal.o(.constdata__ZTSN8touchgfx3HALE), (16 bytes).
    Removing painterrgb565.o(.constdata__ZTVN8touchgfx13PainterRGB565E), (56 bytes).
    Removing painterrgb565.o(i._ZN8touchgfx13PainterRGB5658setColorENS_9colortypeE), (30 bytes).
    Removing painterrgb565.o(.ARM.exidx), (8 bytes).
    Removing painterrgb565.o(i._ZN8touchgfx13PainterRGB565D1Ev), (2 bytes).
    Removing painterrgb565.o(.ARM.exidx), (8 bytes).
    Removing painterrgb565.o(i._ZN8touchgfx13PainterRGB565D0Ev), (4 bytes).
    Removing painterrgb565.o(.ARM.exidx), (8 bytes).
    Removing painterrgb565.o(i._ZNK8touchgfx15AbstractPainter5setupERKNS_4RectE), (8 bytes).
    Removing painterrgb565.o(.ARM.exidx), (8 bytes).
    Removing painterrgb565.o(i._ZThn8_N8touchgfx13PainterRGB5658setColorENS_9colortypeE), (30 bytes).
    Removing painterrgb565.o(.ARM.exidx), (8 bytes).
    Removing painterrgb565.o(i._ZNK8touchgfx13PainterRGB56518getRenderingMethodEv), (28 bytes).
    Removing painterrgb565.o(.ARM.exidx), (8 bytes).
    Removing painterrgb565.o(i._ZThn8_N8touchgfx13PainterRGB565D0Ev), (6 bytes).
    Removing painterrgb565.o(.ARM.exidx), (8 bytes).
    Removing painterrgb565.o(i._ZThn8_N8touchgfx13PainterRGB565D1Ev), (4 bytes).
    Removing painterrgb565.o(.ARM.exidx), (8 bytes).
    Removing painterrgb565.o(.constdata__ZTIN8touchgfx13PainterRGB565E), (32 bytes).
    Removing painterrgb565.o(.constdata__ZTIN8touchgfx20AbstractPainterColorE), (8 bytes).
    Removing painterrgb565.o(.constdata__ZTIN8touchgfx21AbstractPainterRGB565E), (12 bytes).
    Removing painterrgb565.o(.constdata__ZTSN8touchgfx13PainterRGB565E), (27 bytes).
    Removing painterrgb565.o(.constdata__ZTIN8touchgfx15AbstractPainterE), (8 bytes).
    Removing painterrgb565.o(.constdata__ZTSN8touchgfx20AbstractPainterColorE), (34 bytes).
    Removing painterrgb565.o(.constdata__ZTSN8touchgfx21AbstractPainterRGB565E), (35 bytes).
    Removing painterrgb565.o(.constdata__ZTSN8touchgfx15AbstractPainterE), (29 bytes).
    Removing painterrgb565lineargradient.o(.constdata__ZTVN8touchgfx27PainterRGB565LinearGradientE), (32 bytes).
    Removing painterrgb565lineargradient.o(i._ZN8touchgfx27PainterRGB565LinearGradientD1Ev), (2 bytes).
    Removing painterrgb565lineargradient.o(.ARM.exidx), (8 bytes).
    Removing painterrgb565lineargradient.o(i._ZNK8touchgfx15AbstractPainter18getRenderingMethodEv), (4 bytes).
    Removing painterrgb565lineargradient.o(.ARM.exidx), (8 bytes).
    Removing painterrgb565lineargradient.o(i._ZN8touchgfx27PainterRGB565LinearGradientD0Ev), (4 bytes).
    Removing painterrgb565lineargradient.o(.ARM.exidx), (8 bytes).
    Removing painterrgb565lineargradient.o(.constdata__ZTIN8touchgfx27PainterRGB565LinearGradientE), (12 bytes).
    Removing painterrgb565lineargradient.o(.constdata__ZTIN8touchgfx29AbstractPainterLinearGradientE), (12 bytes).
    Removing painterrgb565lineargradient.o(.constdata__ZTSN8touchgfx27PainterRGB565LinearGradientE), (41 bytes).
    Removing painterrgb565lineargradient.o(.constdata__ZTSN8touchgfx29AbstractPainterLinearGradientE), (43 bytes).
    Removing vectorfontrendererimpl.o(.ARM.exidx), (8 bytes).
    Removing vectorfontrendererimpl.o(i._ZN8touchgfx22VectorFontRendererImplD0Ev), (4 bytes).
    Removing vectorfontrendererimpl.o(.ARM.exidx), (8 bytes).
    Removing vectorfontrendererimpl.o(.constdata__ZTIN8touchgfx22VectorFontRendererImplE), (12 bytes).
    Removing vectorfontrendererimpl.o(.constdata__ZTIN8touchgfx18VectorFontRendererE), (8 bytes).
    Removing vectorfontrendererimpl.o(.constdata__ZTSN8touchgfx22VectorFontRendererImplE), (36 bytes).
    Removing vectorfontrendererimpl.o(.constdata__ZTSN8touchgfx18VectorFontRendererE), (32 bytes).
    Removing canvas.o(.constdata__ZTVN8touchgfx6CanvasE), (20 bytes).
    Removing canvas.o(i._ZN8touchgfx6CanvasD1Ev), (20 bytes).
    Removing canvas.o(.ARM.exidx), (8 bytes).
    Removing canvas.o(t._ZN8touchgfx6Canvas6lineToIfEEvT_S2_), (52 bytes).
    Removing canvas.o(.ARM.exidx), (8 bytes).
    Removing canvas.o(i._ZN8touchgfx6CanvasD0Ev), (28 bytes).
    Removing canvas.o(.ARM.exidx), (8 bytes).
    Removing canvas.o(t._ZN8touchgfx3absIfEET_S1_), (16 bytes).
    Removing canvas.o(.ARM.exidx), (8 bytes).
    Removing canvas.o(.constdata__ZTIN8touchgfx6CanvasE), (8 bytes).
    Removing canvas.o(.constdata__ZTSN8touchgfx6CanvasE), (19 bytes).
    Removing gestures.o(.constdata__ZTIN8touchgfx9DragEventE), (12 bytes).
    Removing gestures.o(.constdata__ZTIN8touchgfx12GestureEventE), (12 bytes).
    Removing gestures.o(.constdata__ZTIN8touchgfx10ClickEventE), (12 bytes).
    Removing gestures.o(.constdata__ZTIN8touchgfx5EventE), (8 bytes).
    Removing gestures.o(.constdata__ZTSN8touchgfx9DragEventE), (22 bytes).
    Removing gestures.o(.constdata__ZTSN8touchgfx12GestureEventE), (26 bytes).
    Removing gestures.o(.constdata__ZTSN8touchgfx10ClickEventE), (24 bytes).
    Removing gestures.o(.constdata__ZTSN8touchgfx5EventE), (18 bytes).
    Removing gestures.o(i._ZNK8touchgfx9DragEvent12getEventTypeEv), (4 bytes).
    Removing gestures.o(.ARM.exidx), (8 bytes).
    Removing gestures.o(i._ZN8touchgfx9DragEventD1Ev), (2 bytes).
    Removing gestures.o(.ARM.exidx), (8 bytes).
    Removing gestures.o(i._ZN8touchgfx9DragEventD0Ev), (4 bytes).
    Removing gestures.o(.ARM.exidx), (8 bytes).
    Removing gestures.o(i._ZNK8touchgfx12GestureEvent12getEventTypeEv), (4 bytes).
    Removing gestures.o(.ARM.exidx), (8 bytes).
    Removing gestures.o(i._ZN8touchgfx12GestureEventD1Ev), (2 bytes).
    Removing gestures.o(.ARM.exidx), (8 bytes).
    Removing gestures.o(i._ZN8touchgfx12GestureEventD0Ev), (4 bytes).
    Removing gestures.o(.ARM.exidx), (8 bytes).
    Removing gestures.o(i._ZNK8touchgfx10ClickEvent12getEventTypeEv), (4 bytes).
    Removing gestures.o(.ARM.exidx), (8 bytes).
    Removing gestures.o(i._ZN8touchgfx10ClickEventD1Ev), (2 bytes).
    Removing gestures.o(.ARM.exidx), (8 bytes).
    Removing gestures.o(i._ZN8touchgfx10ClickEventD0Ev), (4 bytes).
    Removing gestures.o(.ARM.exidx), (8 bytes).
    Removing lcd.o(.constdata__ZTVN8touchgfx3LCDE), (88 bytes).
    Removing lcd.o(i._ZN8touchgfx4Edge4stepEv), (136 bytes).
    Removing lcd.o(.ARM.exidx), (8 bytes).
    Removing lcd.o(i._ZN8touchgfx3LCDD2Ev), (2 bytes).
    Removing lcd.o(.ARM.exidx), (8 bytes).
    Removing lcd.o(i._ZN8touchgfx3LCD22WideTextInternalStructC1ERNS_12TextProviderEtthPKNS_4FontEsNS_14WideTextActionE), (142 bytes).
    Removing lcd.o(.ARM.exidx), (8 bytes).
    Removing lcd.o(i._ZN8touchgfx3LCDD0Ev), (4 bytes).
    Removing lcd.o(.ARM.exidx), (8 bytes).
    Removing lcd.o(.constdata__ZTIN8touchgfx3LCDE), (8 bytes).
    Removing lcd.o(.constdata__ZTSN8touchgfx3LCDE), (16 bytes).
    Removing outline.o(.constdata__ZTVN8touchgfx7OutlineE), (16 bytes).
    Removing outline.o(i._ZN8touchgfx7Outline14renderScanlineEiiiii), (398 bytes).
    Removing outline.o(.ARM.exidx), (8 bytes).
    Removing outline.o(i._ZN8touchgfx7Outline10setCurCellEii), (84 bytes).
    Removing outline.o(.ARM.exidx), (8 bytes).
    Removing outline.o(i._ZN8touchgfx7Outline13setCurCellNewEii), (86 bytes).
    Removing outline.o(.ARM.exidx), (8 bytes).
    Removing outline.o(.constdata__ZTIN8touchgfx7OutlineE), (8 bytes).
    Removing outline.o(.constdata__ZTSN8touchgfx7OutlineE), (20 bytes).
    Removing screen.o(.constdata__ZTVN8touchgfx6ScreenE), (52 bytes).
    Removing screen.o(i._ZN8touchgfx6ScreenD1Ev), (12 bytes).
    Removing screen.o(.ARM.exidx), (8 bytes).
    Removing screen.o(i._ZN8touchgfx6ScreenD0Ev), (12 bytes).
    Removing screen.o(.ARM.exidx), (8 bytes).
    Removing screen.o(i._ZN8touchgfx6Screen11setupScreenEv), (2 bytes).
    Removing screen.o(.ARM.exidx), (8 bytes).
    Removing screen.o(i._ZN8touchgfx6Screen15afterTransitionEv), (2 bytes).
    Removing screen.o(.ARM.exidx), (8 bytes).
    Removing screen.o(i._ZN8touchgfx6Screen14tearDownScreenEv), (2 bytes).
    Removing screen.o(.ARM.exidx), (8 bytes).
    Removing screen.o(i._ZN8touchgfx6Screen15handleTickEventEv), (2 bytes).
    Removing screen.o(.ARM.exidx), (8 bytes).
    Removing screen.o(i._ZN8touchgfx6Screen14handleKeyEventEh), (2 bytes).
    Removing screen.o(.ARM.exidx), (8 bytes).
    Removing screen.o(.constdata__ZTIN8touchgfx6ScreenE), (8 bytes).
    Removing screen.o(.constdata__ZTSN8touchgfx6ScreenE), (19 bytes).
    Removing container.o(.constdata__ZTVN8touchgfx9ContainerE), (144 bytes).
    Removing container.o(i._ZN8touchgfx9ContainerD1Ev), (2 bytes).
    Removing container.o(.ARM.exidx), (8 bytes).
    Removing container.o(i._ZN8touchgfx9Container13getFirstChildEv), (4 bytes).
    Removing container.o(.ARM.exidx), (8 bytes).
    Removing container.o(i._ZN8touchgfx9ContainerD0Ev), (4 bytes).
    Removing container.o(.ARM.exidx), (8 bytes).
    Removing container.o(.constdata__ZTIN8touchgfx9ContainerE), (12 bytes).
    Removing container.o(.constdata__ZTSN8touchgfx9ContainerE), (22 bytes).
    Removing textprovider.o(i._ZNK8touchgfx12TextProvider21contextualFormForCharEt), (140 bytes).
    Removing textprovider.o(.ARM.exidx), (8 bytes).
    Removing textprovider.o(i._ZNK8touchgfx9GlyphNode3topEv), (24 bytes).
    Removing textprovider.o(.ARM.exidx), (8 bytes).
    Removing textprovider.o(i._ZN8touchgfx12TextProvider11adjustGlyphEttRPKNS_9GlyphNodeEPKNS_4FontE), (144 bytes).
    Removing textprovider.o(.ARM.exidx), (8 bytes).
    Removing textprovider.o(t._ZN8touchgfx12TextProvider14circularBufferILj10EE8peekCharEt), (30 bytes).
    Removing textprovider.o(.ARM.exidx), (8 bytes).

2403 unused section(s) (total 169519 bytes) removed from the image.
