C:/TouchGFXProjects/Osciloscopio/Core/Src/stm32f4xx_hal_msp.c:65:6:HAL_MspInit	8	static
C:/TouchGFXProjects/Osciloscopio/Core/Src/stm32f4xx_hal_msp.c:90:6:HAL_ADC_MspInit	48	static
C:/TouchGFXProjects/Osciloscopio/Core/Src/stm32f4xx_hal_msp.c:145:6:HAL_ADC_MspDeInit	8	static
C:/TouchGFXProjects/Osciloscopio/Core/Src/stm32f4xx_hal_msp.c:178:6:HAL_CRC_MspInit	8	static
C:/TouchGFXProjects/Osciloscopio/Core/Src/stm32f4xx_hal_msp.c:200:6:HAL_CRC_MspDeInit	0	static
C:/TouchGFXProjects/Osciloscopio/Core/Src/stm32f4xx_hal_msp.c:222:6:HAL_DMA2D_MspInit	16	static
C:/TouchGFXProjects/Osciloscopio/Core/Src/stm32f4xx_hal_msp.c:247:6:HAL_DMA2D_MspDeInit	0	static
C:/TouchGFXProjects/Osciloscopio/Core/Src/stm32f4xx_hal_msp.c:272:6:HAL_I2C_MspInit	64	static
C:/TouchGFXProjects/Osciloscopio/Core/Src/stm32f4xx_hal_msp.c:320:6:HAL_I2C_MspDeInit	8	static
C:/TouchGFXProjects/Osciloscopio/Core/Src/stm32f4xx_hal_msp.c:351:6:HAL_LTDC_MspInit	120	static
C:/TouchGFXProjects/Osciloscopio/Core/Src/stm32f4xx_hal_msp.c:476:6:HAL_LTDC_MspDeInit	8	static
C:/TouchGFXProjects/Osciloscopio/Core/Src/stm32f4xx_hal_msp.c:538:6:HAL_SPI_MspInit	40	static
C:/TouchGFXProjects/Osciloscopio/Core/Src/stm32f4xx_hal_msp.c:575:6:HAL_SPI_MspDeInit	0	static
C:/TouchGFXProjects/Osciloscopio/Core/Src/stm32f4xx_hal_msp.c:605:6:HAL_TIM_Base_MspInit	16	static
C:/TouchGFXProjects/Osciloscopio/Core/Src/stm32f4xx_hal_msp.c:630:6:HAL_TIM_Base_MspDeInit	0	static
C:/TouchGFXProjects/Osciloscopio/Core/Src/stm32f4xx_hal_msp.c:757:6:HAL_SDRAM_MspInit	48	static
C:/TouchGFXProjects/Osciloscopio/Core/Src/stm32f4xx_hal_msp.c:843:6:HAL_SDRAM_MspDeInit	8	static
