Component: ARM Compiler 5.06 update 7 (build 960) Tool: armlink [4d3601]

==============================================================================

Section Cross References

    startup_stm32f429xx.o(STACK) refers (Special) to heapauxi.o(.text) for __use_two_region_memory
    startup_stm32f429xx.o(HEAP) refers (Special) to heapauxi.o(.text) for __use_two_region_memory
    startup_stm32f429xx.o(RESET) refers (Special) to heapauxi.o(.text) for __use_two_region_memory
    startup_stm32f429xx.o(RESET) refers to startup_stm32f429xx.o(STACK) for __initial_sp
    startup_stm32f429xx.o(RESET) refers to startup_stm32f429xx.o(.text) for Reset_Handler
    startup_stm32f429xx.o(RESET) refers to stm32f4xx_it.o(i.NMI_Handler) for NMI_Handler
    startup_stm32f429xx.o(RESET) refers to stm32f4xx_it.o(i.HardFault_Handler) for HardFault_Handler
    startup_stm32f429xx.o(RESET) refers to stm32f4xx_it.o(i.MemManage_Handler) for MemManage_Handler
    startup_stm32f429xx.o(RESET) refers to stm32f4xx_it.o(i.BusFault_Handler) for BusFault_Handler
    startup_stm32f429xx.o(RESET) refers to stm32f4xx_it.o(i.UsageFault_Handler) for UsageFault_Handler
    startup_stm32f429xx.o(RESET) refers to port.o(.emb_text) for SVC_Handler
    startup_stm32f429xx.o(RESET) refers to stm32f4xx_it.o(i.DebugMon_Handler) for DebugMon_Handler
    startup_stm32f429xx.o(RESET) refers to port.o(i.SysTick_Handler) for SysTick_Handler
    startup_stm32f429xx.o(RESET) refers to stm32f4xx_it.o(i.TIM6_DAC_IRQHandler) for TIM6_DAC_IRQHandler
    startup_stm32f429xx.o(RESET) refers to stm32f4xx_it.o(i.DMA2_Stream0_IRQHandler) for DMA2_Stream0_IRQHandler
    startup_stm32f429xx.o(RESET) refers to stm32f4xx_it.o(i.DMA2_Stream4_IRQHandler) for DMA2_Stream4_IRQHandler
    startup_stm32f429xx.o(RESET) refers to stm32f4xx_it.o(i.LTDC_IRQHandler) for LTDC_IRQHandler
    startup_stm32f429xx.o(RESET) refers to stm32f4xx_it.o(i.DMA2D_IRQHandler) for DMA2D_IRQHandler
    startup_stm32f429xx.o(.text) refers (Special) to heapauxi.o(.text) for __use_two_region_memory
    startup_stm32f429xx.o(.text) refers to system_stm32f4xx.o(i.SystemInit) for SystemInit
    startup_stm32f429xx.o(.text) refers to __main.o(!!!main) for __main
    startup_stm32f429xx.o(.text) refers to startup_stm32f429xx.o(HEAP) for Heap_Mem
    startup_stm32f429xx.o(.text) refers to startup_stm32f429xx.o(STACK) for Stack_Mem
    main.o(i.HAL_TIM_PeriodElapsedCallback) refers to stm32f4xx_hal.o(i.HAL_IncTick) for HAL_IncTick
    main.o(i.SystemClock_Config) refers to rt_memclr_w.o(.text) for __aeabi_memclr4
    main.o(i.SystemClock_Config) refers to stm32f4xx_hal_rcc.o(i.HAL_RCC_OscConfig) for HAL_RCC_OscConfig
    main.o(i.SystemClock_Config) refers to main.o(i.Error_Handler) for Error_Handler
    main.o(i.SystemClock_Config) refers to stm32f4xx_hal_pwr_ex.o(i.HAL_PWREx_EnableOverDrive) for HAL_PWREx_EnableOverDrive
    main.o(i.SystemClock_Config) refers to stm32f4xx_hal_rcc.o(i.HAL_RCC_ClockConfig) for HAL_RCC_ClockConfig
    main.o(i.main) refers to stm32f4xx_hal.o(i.HAL_Init) for HAL_Init
    main.o(i.main) refers to main.o(i.SystemClock_Config) for SystemClock_Config
    main.o(i.main) refers to gpio.o(i.MX_GPIO_Init) for MX_GPIO_Init
    main.o(i.main) refers to dma.o(i.MX_DMA_Init) for MX_DMA_Init
    main.o(i.main) refers to crc.o(i.MX_CRC_Init) for MX_CRC_Init
    main.o(i.main) refers to dma2d.o(i.MX_DMA2D_Init) for MX_DMA2D_Init
    main.o(i.main) refers to fmc.o(i.MX_FMC_Init) for MX_FMC_Init
    main.o(i.main) refers to i2c.o(i.MX_I2C3_Init) for MX_I2C3_Init
    main.o(i.main) refers to ltdc.o(i.MX_LTDC_Init) for MX_LTDC_Init
    main.o(i.main) refers to spi.o(i.MX_SPI5_Init) for MX_SPI5_Init
    main.o(i.main) refers to tim.o(i.MX_TIM1_Init) for MX_TIM1_Init
    main.o(i.main) refers to usart.o(i.MX_USART1_UART_Init) for MX_USART1_UART_Init
    main.o(i.main) refers to adc.o(i.MX_ADC3_Init) for MX_ADC3_Init
    main.o(i.main) refers to dac.o(i.MX_DAC_Init) for MX_DAC_Init
    main.o(i.main) refers to adc.o(i.MX_ADC1_Init) for MX_ADC1_Init
    main.o(i.main) refers to stm32f429i_discovery_sdram.o(i.BSP_SDRAM_Init) for BSP_SDRAM_Init
    main.o(i.main) refers to stm32f429i_discovery_lcd.o(i.BSP_LCD_Init) for BSP_LCD_Init
    main.o(i.main) refers to stm32f429i_discovery_lcd.o(i.BSP_LCD_LayerDefaultInit) for BSP_LCD_LayerDefaultInit
    main.o(i.main) refers to stm32f429i_discovery_lcd.o(i.BSP_LCD_SelectLayer) for BSP_LCD_SelectLayer
    main.o(i.main) refers to stm32f429i_discovery_lcd.o(i.BSP_LCD_DisplayOn) for BSP_LCD_DisplayOn
    main.o(i.main) refers to stm32f429i_discovery_lcd.o(i.BSP_LCD_Clear) for BSP_LCD_Clear
    main.o(i.main) refers to stm32f429i_discovery_ts.o(i.BSP_TS_Init) for BSP_TS_Init
    main.o(i.main) refers to stm32f429i_discovery_lcd.o(i.BSP_LCD_SetFont) for BSP_LCD_SetFont
    main.o(i.main) refers to freertos.o(i.MX_FREERTOS_Init) for MX_FREERTOS_Init
    main.o(i.main) refers to cmsis_os.o(i.osKernelStart) for osKernelStart
[...]
    DMA2_Stream1_IRQHandler                  0x08000367   Thumb Code     0  startup_stm32f429xx.o(.text)
    DMA2_Stream2_IRQHandler                  0x08000367   Thumb Code     0  startup_stm32f429xx.o(.text)
    DMA2_Stream3_IRQHandler                  0x08000367   Thumb Code     0  startup_stm32f429xx.o(.text)
    DMA2_Stream5_IRQHandler                  0x08000367   Thumb Code     0  startup_stm32f429xx.o(.text)
    DMA2_Stream6_IRQHandler                  0x08000367   Thumb Code     0  startup_stm32f429xx.o(.text)
    DMA2_Stream7_IRQHandler                  0x08000367   Thumb Code     0  startup_stm32f429xx.o(.text)
    ETH_IRQHandler                           0x08000367   Thumb Code     0  startup_stm32f429xx.o(.text)
    ETH_WKUP_IRQHandler                      0x08000367   Thumb Code     0  startup_stm32f429xx.o(.text)
    EXTI0_IRQHandler                         0x08000367   Thumb Code     0  startup_stm32f429xx.o(.text)
    EXTI15_10_IRQHandler                     0x08000367   Thumb Code     0  startup_stm32f429xx.o(.text)
    EXTI1_IRQHandler                         0x08000367   Thumb Code     0  startup_stm32f429xx.o(.text)
    EXTI2_IRQHandler                         0x08000367   Thumb Code     0  startup_stm32f429xx.o(.text)
    EXTI3_IRQHandler                         0x08000367   Thumb Code     0  startup_stm32f429xx.o(.text)
    EXTI4_IRQHandler                         0x08000367   Thumb Code     0  startup_stm32f429xx.o(.text)
    EXTI9_5_IRQHandler                       0x08000367   Thumb Code     0  startup_stm32f429xx.o(.text)
    FLASH_IRQHandler                         0x08000367   Thumb Code     0  startup_stm32f429xx.o(.text)
    FMC_IRQHandler                           0x08000367   Thumb Code     0  startup_stm32f429xx.o(.text)
    FPU_IRQHandler                           0x08000367   Thumb Code     0  startup_stm32f429xx.o(.text)
    HASH_RNG_IRQHandler                      0x08000367   Thumb Code     0  startup_stm32f429xx.o(.text)
    I2C1_ER_IRQHandler                       0x08000367   Thumb Code     0  startup_stm32f429xx.o(.text)
    I2C1_EV_IRQHandler                       0x08000367   Thumb Code     0  startup_stm32f429xx.o(.text)
    I2C2_ER_IRQHandler                       0x08000367   Thumb Code     0  startup_stm32f429xx.o(.text)
    I2C2_EV_IRQHandler                       0x08000367   Thumb Code     0  startup_stm32f429xx.o(.text)
    I2C3_ER_IRQHandler                       0x08000367   Thumb Code     0  startup_stm32f429xx.o(.text)
    I2C3_EV_IRQHandler                       0x08000367   Thumb Code     0  startup_stm32f429xx.o(.text)
    LTDC_ER_IRQHandler                       0x08000367   Thumb Code     0  startup_stm32f429xx.o(.text)
    OTG_FS_IRQHandler                        0x08000367   Thumb Code     0  startup_stm32f429xx.o(.text)
    OTG_FS_WKUP_IRQHandler                   0x08000367   Thumb Code     0  startup_stm32f429xx.o(.text)
    OTG_HS_EP1_IN_IRQHandler                 0x08000367   Thumb Code     0  startup_stm32f429xx.o(.text)
    OTG_HS_EP1_OUT_IRQHandler                0x08000367   Thumb Code     0  startup_stm32f429xx.o(.text)
    OTG_HS_IRQHandler                        0x08000367   Thumb Code     0  startup_stm32f429xx.o(.text)
    OTG_HS_WKUP_IRQHandler                   0x08000367   Thumb Code     0  startup_stm32f429xx.o(.text)
    PVD_IRQHandler                           0x08000367   Thumb Code     0  startup_stm32f429xx.o(.text)
    RCC_IRQHandler                           0x08000367   Thumb Code     0  startup_stm32f429xx.o(.text)
    RTC_Alarm_IRQHandler                     0x08000367   Thumb Code     0  startup_stm32f429xx.o(.text)
    RTC_WKUP_IRQHandler                      0x08000367   Thumb Code     0  startup_stm32f429xx.o(.text)
    SAI1_IRQHandler                          0x08000367   Thumb Code     0  startup_stm32f429xx.o(.text)
    SDIO_IRQHandler                          0x08000367   Thumb Code     0  startup_stm32f429xx.o(.text)
    SPI1_IRQHandler                          0x08000367   Thumb Code     0  startup_stm32f429xx.o(.text)
    SPI2_IRQHandler                          0x08000367   Thumb Code     0  startup_stm32f429xx.o(.text)
    SPI3_IRQHandler                          0x08000367   Thumb Code     0  startup_stm32f429xx.o(.text)
    SPI4_IRQHandler                          0x08000367   Thumb Code     0  startup_stm32f429xx.o(.text)
    SPI5_IRQHandler                          0x08000367   Thumb Code     0  startup_stm32f429xx.o(.text)
    SPI6_IRQHandler                          0x08000367   Thumb Code     0  startup_stm32f429xx.o(.text)
    TAMP_STAMP_IRQHandler                    0x08000367   Thumb Code     0  startup_stm32f429xx.o(.text)
    TIM1_BRK_TIM9_IRQHandler                 0x08000367   Thumb Code     0  startup_stm32f429xx.o(.text)
    TIM1_CC_IRQHandler                       0x08000367   Thumb Code     0  startup_stm32f429xx.o(.text)
    TIM1_TRG_COM_TIM11_IRQHandler            0x08000367   Thumb Code     0  startup_stm32f429xx.o(.text)
    TIM1_UP_TIM10_IRQHandler                 0x08000367   Thumb Code     0  startup_stm32f429xx.o(.text)
    TIM2_IRQHandler                          0x08000367   Thumb Code     0  startup_stm32f429xx.o(.text)
    TIM3_IRQHandler                          0x08000367   Thumb Code     0  startup_stm32f429xx.o(.text)
    TIM4_IRQHandler                          0x08000367   Thumb Code     0  startup_stm32f429xx.o(.text)
    TIM5_IRQHandler                          0x08000367   Thumb Code     0  startup_stm32f429xx.o(.text)
    TIM7_IRQHandler                          0x08000367   Thumb Code     0  startup_stm32f429xx.o(.text)
    TIM8_BRK_TIM12_IRQHandler                0x08000367   Thumb Code     0  startup_stm32f429xx.o(.text)
    TIM8_CC_IRQHandler                       0x08000367   Thumb Code     0  startup_stm32f429xx.o(.text)
    TIM8_TRG_COM_TIM14_IRQHandler            0x08000367   Thumb Code     0  startup_stm32f429xx.o(.text)
    TIM8_UP_TIM13_IRQHandler                 0x08000367   Thumb Code     0  startup_stm32f429xx.o(.text)
    UART4_IRQHandler                         0x08000367   Thumb Code     0  startup_stm32f429xx.o(.text)
    UART5_IRQHandler                         0x08000367   Thumb Code     0  startup_stm32f429xx.o(.text)
    UART7_IRQHandler                         0x08000367   Thumb Code     0  startup_stm32f429xx.o(.text)
    UART8_IRQHandler                         0x08000367   Thumb Code     0  startup_stm32f429xx.o(.text)
    USART1_IRQHandler                        0x08000367   Thumb Code     0  startup_stm32f429xx.o(.text)
    USART2_IRQHandler                        0x08000367   Thumb Code     0  startup_stm32f429xx.o(.text)
    USART3_IRQHandler                        0x08000367   Thumb Code     0  startup_stm32f429xx.o(.text)
    USART6_IRQHandler                        0x08000367   Thumb Code     0  startup_stm32f429xx.o(.text)
    WWDG_IRQHandler                          0x08000367   Thumb Code     0  startup_stm32f429xx.o(.text)
    __user_initial_stackheap                 0x08000369   Thumb Code     0  startup_stm32f429xx.o(.text)
    __I$use$semihosting                      0x0800038d   Thumb Code     0  use_no_semi.o(.text)
    __use_no_semihosting_swi                 0x0800038d   Thumb Code     2  use_no_semi.o(.text)
    __aeabi_uldivmod                         0x0800038f   Thumb Code     0  lludivv7m.o(.text)
    _ll_udiv                                 0x0800038f   Thumb Code   238  lludivv7m.o(.text)
    __aeabi_memcpy4                          0x0800047d   Thumb Code     0  rt_memcpy_w.o(.text)
    __aeabi_memcpy8                          0x0800047d   Thumb Code     0  rt_memcpy_w.o(.text)
    __rt_memcpy_w                            0x0800047d   Thumb Code   100  rt_memcpy_w.o(.text)
    _memcpy_lastbytes_aligned                0x080004c5   Thumb Code     0  rt_memcpy_w.o(.text)
    __aeabi_memset                           0x080004e1   Thumb Code    16  aeabi_memset.o(.text)
    __aeabi_memclr4                          0x080004f1   Thumb Code     0  rt_memclr_w.o(.text)
    __aeabi_memclr8                          0x080004f1   Thumb Code     0  rt_memclr_w.o(.text)
    __rt_memclr_w                            0x080004f1   Thumb Code    78  rt_memclr_w.o(.text)
    _memset_w                                0x080004f5   Thumb Code     0  rt_memclr_w.o(.text)
    __use_two_region_memory                  0x0800053f   Thumb Code     2  heapauxi.o(.text)
    __rt_heap_escrow$2region                 0x08000541   Thumb Code     2  heapauxi.o(.text)
    __rt_heap_expand$2region                 0x08000543   Thumb Code     2  heapauxi.o(.text)
    __aeabi_memclr                           0x08000545   Thumb Code     0  rt_memclr.o(.text)
    __rt_memclr                              0x08000545   Thumb Code    68  rt_memclr.o(.text)
    _memset                                  0x08000549   Thumb Code     0  rt_memclr.o(.text)
    __user_setup_stackheap                   0x08000589   Thumb Code    74  sys_stackheap_outer.o(.text)
    exit                                     0x080005d3   Thumb Code    18  exit.o(.text)
    __user_libspace                          0x080005e5   Thumb Code     8  libspace.o(.text)
    __user_perproc_libspace                  0x080005e5   Thumb Code     0  libspace.o(.text)
    __user_perthread_libspace                0x080005e5   Thumb Code     0  libspace.o(.text)
    ADC_Ctrl                                 0x080005ed   Thumb Code    22  freertos.o(i.ADC_Ctrl)
    BSP_LCD_Clear                            0x08000815   Thumb Code    56  stm32f429i_discovery_lcd.o(i.BSP_LCD_Clear)
    BSP_LCD_DisplayOn                        0x08000855   Thumb Code    20  stm32f429i_discovery_lcd.o(i.BSP_LCD_DisplayOn)
    BSP_LCD_DrawLine                         0x0800086d   Thumb Code   306  stm32f429i_discovery_lcd.o(i.BSP_LCD_DrawLine)
    BSP_LCD_DrawPixel                        0x080009a9   Thumb Code    42  stm32f429i_discovery_lcd.o(i.BSP_LCD_DrawPixel)
    BSP_LCD_DrawVLine                        0x080009dd   Thumb Code    90  stm32f429i_discovery_lcd.o(i.BSP_LCD_DrawVLine)
    BSP_LCD_FillRect                         0x08000a45   Thumb Code   110  stm32f429i_discovery_lcd.o(i.BSP_LCD_FillRect)
    BSP_LCD_GetXSize                         0x08000ac1   Thumb Code    12  stm32f429i_discovery_lcd.o(i.BSP_LCD_GetXSize)
    BSP_LCD_GetYSize                         0x08000ad1   Thumb Code    12  stm32f429i_discovery_lcd.o(i.BSP_LCD_GetYSize)
    BSP_LCD_Init                             0x08000ae1   Thumb Code   144  stm32f429i_discovery_lcd.o(i.BSP_LCD_Init)
    BSP_LCD_LayerDefaultInit                 0x08000b89   Thumb Code   138  stm32f429i_discovery_lcd.o(i.BSP_LCD_LayerDefaultInit)
    BSP_LCD_MspInit                          0x08000c21   Thumb Code   384  stm32f429i_discovery_lcd.o(i.BSP_LCD_MspInit)
    BSP_LCD_SelectLayer                      0x08000dbd   Thumb Code     6  stm32f429i_discovery_lcd.o(i.BSP_LCD_SelectLayer)
    BSP_LCD_SetFont                          0x08000dc9   Thumb Code    18  stm32f429i_discovery_lcd.o(i.BSP_LCD_SetFont)
    BSP_LCD_SetTextColor                     0x08000de5   Thumb Code    16  stm32f429i_discovery_lcd.o(i.BSP_LCD_SetTextColor)
    BSP_SDRAM_Init                           0x08000dfd   Thumb Code   128  stm32f429i_discovery_sdram.o(i.BSP_SDRAM_Init)
    BSP_SDRAM_Initialization_sequence        0x08000e8d   Thumb Code   142  stm32f429i_discovery_sdram.o(i.BSP_SDRAM_Initialization_sequence)
    BSP_SDRAM_MspInit                        0x08000f25   Thumb Code   456  stm32f429i_discovery_sdram.o(i.BSP_SDRAM_MspInit)
    BSP_TS_Init                              0x08001111   Thumb Code    66  stm32f429i_discovery_ts.o(i.BSP_TS_Init)
    BusFault_Handler                         0x08001165   Thumb Code     4  stm32f4xx_it.o(i.BusFault_Handler)
    DAC_Ctrl                                 0x08001169   Thumb Code    10  freertos.o(i.DAC_Ctrl)
    DMA2D_IRQHandler                         0x08001175   Thumb Code    10  stm32f4xx_it.o(i.DMA2D_IRQHandler)
    DMA2_Stream0_IRQHandler                  0x0800126d   Thumb Code    10  stm32f4xx_it.o(i.DMA2_Stream0_IRQHandler)
    DMA2_Stream4_IRQHandler                  0x0800127d   Thumb Code    10  stm32f4xx_it.o(i.DMA2_Stream4_IRQHandler)
    DebugMon_Handler                         0x08001397   Thumb Code     2  stm32f4xx_it.o(i.DebugMon_Handler)
    Error_Handler                            0x08001399   Thumb Code     6  main.o(i.Error_Handler)
    FMC_SDRAM_Init                           0x0800139f   Thumb Code   108  stm32f4xx_ll_fmc.o(i.FMC_SDRAM_Init)
    FMC_SDRAM_ProgramRefreshRate             0x0800140b   Thumb Code    20  stm32f4xx_ll_fmc.o(i.FMC_SDRAM_ProgramRefreshRate)
    FMC_SDRAM_SendCommand                    0x0800141f   Thumb Code    86  stm32f4xx_ll_fmc.o(i.FMC_SDRAM_SendCommand)
    FMC_SDRAM_Timing_Init                    0x08001475   Thumb Code   144  stm32f4xx_ll_fmc.o(i.FMC_SDRAM_Timing_Init)
    HAL_ADC_ConfigChannel                    0x08001569   Thumb Code   400  stm32f4xx_hal_adc.o(i.HAL_ADC_ConfigChannel)
    HAL_ADC_ConvCpltCallback                 0x0800170d   Thumb Code     2  stm32f4xx_hal_adc.o(i.HAL_ADC_ConvCpltCallback)
    HAL_ADC_ConvHalfCpltCallback             0x0800170f   Thumb Code     2  stm32f4xx_hal_adc.o(i.HAL_ADC_ConvHalfCpltCallback)
    HAL_ADC_ErrorCallback                    0x08001711   Thumb Code     2  stm32f4xx_hal_adc.o(i.HAL_ADC_ErrorCallback)
    HAL_ADC_Init                             0x08001715   Thumb Code   100  stm32f4xx_hal_adc.o(i.HAL_ADC_Init)
    HAL_ADC_MspInit                          0x0800177d   Thumb Code   336  adc.o(i.HAL_ADC_MspInit)
    HAL_ADC_Start_DMA                        0x080018ed   Thumb Code   398  stm32f4xx_hal_adc.o(i.HAL_ADC_Start_DMA)
    HAL_CRC_Init                             0x08001aa1   Thumb Code    32  stm32f4xx_hal_crc.o(i.HAL_CRC_Init)
    HAL_CRC_MspInit                          0x08001ac1   Thumb Code    44  crc.o(i.HAL_CRC_MspInit)
    HAL_DACEx_DMAUnderrunCallbackCh2         0x08001af5   Thumb Code     2  stm32f4xx_hal_dac_ex.o(i.HAL_DACEx_DMAUnderrunCallbackCh2)
    HAL_DAC_ConfigChannel                    0x08001af7   Thumb Code   110  stm32f4xx_hal_dac.o(i.HAL_DAC_ConfigChannel)
    HAL_DAC_DMAUnderrunCallbackCh1           0x08001b65   Thumb Code     2  stm32f4xx_hal_dac.o(i.HAL_DAC_DMAUnderrunCallbackCh1)
    HAL_DAC_IRQHandler                       0x08001b67   Thumb Code   130  stm32f4xx_hal_dac.o(i.HAL_DAC_IRQHandler)
    HAL_DAC_Init                             0x08001be9   Thumb Code    40  stm32f4xx_hal_dac.o(i.HAL_DAC_Init)
    HAL_DAC_MspInit                          0x08001c11   Thumb Code   130  dac.o(i.HAL_DAC_MspInit)
    HAL_DMA2D_CLUTLoadingCpltCallback        0x08001ca1   Thumb Code     2  stm32f4xx_hal_dma2d.o(i.HAL_DMA2D_CLUTLoadingCpltCallback)
    HAL_DMA2D_ConfigLayer                    0x08001ca5   Thumb Code   198  stm32f4xx_hal_dma2d.o(i.HAL_DMA2D_ConfigLayer)
    HAL_DMA2D_IRQHandler                     0x08001d71   Thumb Code   358  stm32f4xx_hal_dma2d.o(i.HAL_DMA2D_IRQHandler)
    HAL_DMA2D_Init                           0x08001ed7   Thumb Code    96  stm32f4xx_hal_dma2d.o(i.HAL_DMA2D_Init)
    HAL_DMA2D_LineEventCallback              0x08001f37   Thumb Code     2  stm32f4xx_hal_dma2d.o(i.HAL_DMA2D_LineEventCallback)
    HAL_DMA2D_MspInit                        0x08001f39   Thumb Code    62  dma2d.o(i.HAL_DMA2D_MspInit)
    HAL_DMA2D_PollForTransfer                0x08001f81   Thumb Code   358  stm32f4xx_hal_dma2d.o(i.HAL_DMA2D_PollForTransfer)
    HAL_DMA2D_Start                          0x080020e7   Thumb Code    78  stm32f4xx_hal_dma2d.o(i.HAL_DMA2D_Start)
    HAL_DMA_DeInit                           0x08002135   Thumb Code   112  stm32f4xx_hal_dma.o(i.HAL_DMA_DeInit)
    HAL_DMA_IRQHandler                       0x080021a5   Thumb Code   570  stm32f4xx_hal_dma.o(i.HAL_DMA_IRQHandler)
    HAL_DMA_Init                             0x080023e5   Thumb Code   232  stm32f4xx_hal_dma.o(i.HAL_DMA_Init)
    HAL_DMA_Start_IT                         0x080024d1   Thumb Code   146  stm32f4xx_hal_dma.o(i.HAL_DMA_Start_IT)
    HAL_Delay                                0x08002565   Thumb Code    36  stm32f4xx_hal.o(i.HAL_Delay)
    HAL_GPIO_DeInit                          0x0800269d   Thumb Code   340  stm32f4xx_hal_gpio.o(i.HAL_GPIO_DeInit)
    HAL_GPIO_Init                            0x08002821   Thumb Code   474  stm32f4xx_hal_gpio.o(i.HAL_GPIO_Init)
    HAL_GPIO_WritePin                        0x08002a31   Thumb Code    12  stm32f4xx_hal_gpio.o(i.HAL_GPIO_WritePin)
    HAL_GetTick                              0x08002a3d   Thumb Code     6  stm32f4xx_hal.o(i.HAL_GetTick)
    HAL_I2CEx_ConfigAnalogFilter             0x08002a49   Thumb Code    76  stm32f4xx_hal_i2c_ex.o(i.HAL_I2CEx_ConfigAnalogFilter)
    HAL_I2CEx_ConfigDigitalFilter            0x08002a95   Thumb Code    80  stm32f4xx_hal_i2c_ex.o(i.HAL_I2CEx_ConfigDigitalFilter)
    HAL_I2C_DeInit                           0x08002ae5   Thumb Code    60  stm32f4xx_hal_i2c.o(i.HAL_I2C_DeInit)
    HAL_I2C_GetState                         0x08002b21   Thumb Code     8  stm32f4xx_hal_i2c.o(i.HAL_I2C_GetState)
    HAL_I2C_Init                             0x08002b29   Thumb Code   446  stm32f4xx_hal_i2c.o(i.HAL_I2C_Init)
    HAL_I2C_Mem_Read                         0x08002cf9   Thumb Code   762  stm32f4xx_hal_i2c.o(i.HAL_I2C_Mem_Read)
    HAL_I2C_Mem_Write                        0x08003001   Thumb Code   348  stm32f4xx_hal_i2c.o(i.HAL_I2C_Mem_Write)
    HAL_I2C_MspDeInit                        0x08003165   Thumb Code    44  i2c.o(i.HAL_I2C_MspDeInit)
    HAL_I2C_MspInit                          0x080031a1   Thumb Code   182  i2c.o(i.HAL_I2C_MspInit)
    HAL_IncTick                              0x08003269   Thumb Code    16  stm32f4xx_hal.o(i.HAL_IncTick)
    HAL_Init                                 0x08003281   Thumb Code    54  stm32f4xx_hal.o(i.HAL_Init)
    HAL_InitTick                             0x080032bd   Thumb Code   160  stm32f4xx_hal_timebase_tim.o(i.HAL_InitTick)
    HAL_LTDC_ConfigLayer                     0x08003371   Thumb Code    94  stm32f4xx_hal_ltdc.o(i.HAL_LTDC_ConfigLayer)
    HAL_LTDC_EnableDither                    0x080033d1   Thumb Code    62  stm32f4xx_hal_ltdc.o(i.HAL_LTDC_EnableDither)
    HAL_LTDC_ErrorCallback                   0x08003415   Thumb Code     2  stm32f4xx_hal_ltdc.o(i.HAL_LTDC_ErrorCallback)
    HAL_LTDC_IRQHandler                      0x08003417   Thumb Code   244  stm32f4xx_hal_ltdc.o(i.HAL_LTDC_IRQHandler)
    HAL_LTDC_Init                            0x0800350d   Thumb Code   274  stm32f4xx_hal_ltdc.o(i.HAL_LTDC_Init)
    HAL_LTDC_LineEventCallback               0x08003625   Thumb Code     2  stm32f4xx_hal_ltdc.o(i.HAL_LTDC_LineEventCallback)
    HAL_LTDC_MspInit                         0x08003629   Thumb Code   520  ltdc.o(i.HAL_LTDC_MspInit)
    HAL_LTDC_ReloadEventCallback             0x08003851   Thumb Code     2  stm32f4xx_hal_ltdc.o(i.HAL_LTDC_ReloadEventCallback)
    HAL_MspInit                              0x08003855   Thumb Code    78  stm32f4xx_hal_msp.o(i.HAL_MspInit)
    HAL_NVIC_EnableIRQ                       0x080038a9   Thumb Code    40  stm32f4xx_hal_cortex.o(i.HAL_NVIC_EnableIRQ)
    HAL_NVIC_SetPriority                     0x080038d1   Thumb Code   124  stm32f4xx_hal_cortex.o(i.HAL_NVIC_SetPriority)
    HAL_NVIC_SetPriorityGrouping             0x0800394d   Thumb Code    32  stm32f4xx_hal_cortex.o(i.HAL_NVIC_SetPriorityGrouping)
    HAL_PWREx_EnableOverDrive                0x08003975   Thumb Code   128  stm32f4xx_hal_pwr_ex.o(i.HAL_PWREx_EnableOverDrive)
    HAL_RCCEx_PeriphCLKConfig                0x08003a01   Thumb Code   746  stm32f4xx_hal_rcc_ex.o(i.HAL_RCCEx_PeriphCLKConfig)
    HAL_RCC_ClockConfig                      0x08003d05   Thumb Code   368  stm32f4xx_hal_rcc.o(i.HAL_RCC_ClockConfig)
    HAL_RCC_GetClockConfig                   0x08003e89   Thumb Code    58  stm32f4xx_hal_rcc.o(i.HAL_RCC_GetClockConfig)
    HAL_RCC_GetHCLKFreq                      0x08003ecd   Thumb Code     6  stm32f4xx_hal_rcc.o(i.HAL_RCC_GetHCLKFreq)
    HAL_RCC_GetPCLK1Freq                     0x08003ed9   Thumb Code    22  stm32f4xx_hal_rcc.o(i.HAL_RCC_GetPCLK1Freq)
    HAL_RCC_GetPCLK2Freq                     0x08003ef9   Thumb Code    22  stm32f4xx_hal_rcc.o(i.HAL_RCC_GetPCLK2Freq)
    HAL_RCC_GetSysClockFreq                  0x08003f19   Thumb Code   162  stm32f4xx_hal_rcc.o(i.HAL_RCC_GetSysClockFreq)
    HAL_RCC_OscConfig                        0x08003fc9   Thumb Code  1172  stm32f4xx_hal_rcc.o(i.HAL_RCC_OscConfig)
    HAL_SDRAM_Init                           0x08004465   Thumb Code    64  stm32f4xx_hal_sdram.o(i.HAL_SDRAM_Init)
    HAL_SDRAM_MspInit                        0x080044a5   Thumb Code    10  fmc.o(i.HAL_SDRAM_MspInit)
    HAL_SDRAM_ProgramRefreshRate             0x080044af   Thumb Code    54  stm32f4xx_hal_sdram.o(i.HAL_SDRAM_ProgramRefreshRate)
    HAL_SDRAM_SendCommand                    0x080044e5   Thumb Code    78  stm32f4xx_hal_sdram.o(i.HAL_SDRAM_SendCommand)
    HAL_SPI_DeInit                           0x08004533   Thumb Code    54  stm32f4xx_hal_spi.o(i.HAL_SPI_DeInit)
    HAL_SPI_GetState                         0x08004569   Thumb Code     8  stm32f4xx_hal_spi.o(i.HAL_SPI_GetState)
    HAL_SPI_Init                             0x08004571   Thumb Code   200  stm32f4xx_hal_spi.o(i.HAL_SPI_Init)
    HAL_SPI_MspDeInit                        0x08004639   Thumb Code    36  spi.o(i.HAL_SPI_MspDeInit)
    HAL_SPI_MspInit                          0x08004669   Thumb Code   122  spi.o(i.HAL_SPI_MspInit)
    HAL_SPI_Receive                          0x080046f1   Thumb Code   382  stm32f4xx_hal_spi.o(i.HAL_SPI_Receive)
    HAL_SPI_Transmit                         0x0800486f   Thumb Code   444  stm32f4xx_hal_spi.o(i.HAL_SPI_Transmit)
    HAL_SPI_TransmitReceive                  0x08004a2b   Thumb Code   576  stm32f4xx_hal_spi.o(i.HAL_SPI_TransmitReceive)
    HAL_TIMEx_BreakCallback                  0x08004c6b   Thumb Code     2  stm32f4xx_hal_tim_ex.o(i.HAL_TIMEx_BreakCallback)
    HAL_TIMEx_CommutCallback                 0x08004c6d   Thumb Code     2  stm32f4xx_hal_tim_ex.o(i.HAL_TIMEx_CommutCallback)
    HAL_TIMEx_MasterConfigSynchronization    0x08004c71   Thumb Code   150  stm32f4xx_hal_tim_ex.o(i.HAL_TIMEx_MasterConfigSynchronization)
    HAL_TIM_Base_Init                        0x08004d25   Thumb Code   102  stm32f4xx_hal_tim.o(i.HAL_TIM_Base_Init)
    HAL_TIM_Base_MspInit                     0x08004d8d   Thumb Code    44  tim.o(i.HAL_TIM_Base_MspInit)
    HAL_TIM_Base_Start_IT                    0x08004dc1   Thumb Code   138  stm32f4xx_hal_tim.o(i.HAL_TIM_Base_Start_IT)
    HAL_TIM_ConfigClockSource                0x08004e69   Thumb Code   268  stm32f4xx_hal_tim.o(i.HAL_TIM_ConfigClockSource)
    HAL_TIM_IC_CaptureCallback               0x08004f75   Thumb Code     2  stm32f4xx_hal_tim.o(i.HAL_TIM_IC_CaptureCallback)
    HAL_TIM_IRQHandler                       0x08004f77   Thumb Code   364  stm32f4xx_hal_tim.o(i.HAL_TIM_IRQHandler)
    HAL_TIM_OC_DelayElapsedCallback          0x080050e3   Thumb Code     2  stm32f4xx_hal_tim.o(i.HAL_TIM_OC_DelayElapsedCallback)
    HAL_TIM_PWM_PulseFinishedCallback        0x080050e5   Thumb Code     2  stm32f4xx_hal_tim.o(i.HAL_TIM_PWM_PulseFinishedCallback)
    HAL_TIM_PeriodElapsedCallback            0x080050e9   Thumb Code    18  main.o(i.HAL_TIM_PeriodElapsedCallback)
    HAL_TIM_TriggerCallback                  0x08005101   Thumb Code     2  stm32f4xx_hal_tim.o(i.HAL_TIM_TriggerCallback)
    HAL_UART_Init                            0x08005103   Thumb Code   118  stm32f4xx_hal_uart.o(i.HAL_UART_Init)
    HAL_UART_MspInit                         0x08005179   Thumb Code   124  usart.o(i.HAL_UART_MspInit)
    HardFault_Handler                        0x08005201   Thumb Code     4  stm32f4xx_it.o(i.HardFault_Handler)
    IOE_Delay                                0x080059ed   Thumb Code    12  stm32f429i_discovery.o(i.IOE_Delay)
    IOE_ITConfig                             0x080059f9   Thumb Code     8  stm32f429i_discovery.o(i.IOE_ITConfig)
    IOE_Init                                 0x08005a01   Thumb Code     8  stm32f429i_discovery.o(i.IOE_Init)
    IOE_Read                                 0x08005a09   Thumb Code    16  stm32f429i_discovery.o(i.IOE_Read)
    IOE_ReadMultiple                         0x08005a19   Thumb Code    28  stm32f429i_discovery.o(i.IOE_ReadMultiple)
    IOE_Write                                0x08005a35   Thumb Code    20  stm32f429i_discovery.o(i.IOE_Write)
    LCD_Delay                                0x08005a49   Thumb Code    12  stm32f429i_discovery.o(i.LCD_Delay)
    LCD_IO_Init                              0x08005a55   Thumb Code   216  stm32f429i_discovery.o(i.LCD_IO_Init)
    LCD_IO_ReadData                          0x08005b3d   Thumb Code    68  stm32f429i_discovery.o(i.LCD_IO_ReadData)
    LCD_IO_WriteData                         0x08005b89   Thumb Code    42  stm32f429i_discovery.o(i.LCD_IO_WriteData)
    LCD_IO_WriteReg                          0x08005bbd   Thumb Code    44  stm32f429i_discovery.o(i.LCD_IO_WriteReg)
    LTDC_IRQHandler                          0x08005bf1   Thumb Code    10  stm32f4xx_it.o(i.LTDC_IRQHandler)
    MX_ADC1_Init                             0x08005e11   Thumb Code   100  adc.o(i.MX_ADC1_Init)
    MX_ADC3_Init                             0x08005e81   Thumb Code    96  adc.o(i.MX_ADC3_Init)
    MX_CRC_Init                              0x08005eed   Thumb Code    22  crc.o(i.MX_CRC_Init)
    MX_DAC_Init                              0x08005f0d   Thumb Code    50  dac.o(i.MX_DAC_Init)
    MX_DMA2D_Init                            0x08005f49   Thumb Code    54  dma2d.o(i.MX_DMA2D_Init)
    MX_DMA_Init                              0x08005f89   Thumb Code    68  dma.o(i.MX_DMA_Init)
    MX_FMC_Init                              0x08005fd1   Thumb Code   110  fmc.o(i.MX_FMC_Init)
    MX_FREERTOS_Init                         0x08006049   Thumb Code   128  freertos.o(i.MX_FREERTOS_Init)
    MX_GPIO_Init                             0x080060e1   Thumb Code   526  gpio.o(i.MX_GPIO_Init)
    MX_I2C3_Init                             0x08006309   Thumb Code    76  i2c.o(i.MX_I2C3_Init)
    MX_LTDC_Init                             0x08006361   Thumb Code   260  ltdc.o(i.MX_LTDC_Init)
    MX_SPI5_Init                             0x0800646d   Thumb Code    60  spi.o(i.MX_SPI5_Init)
    MX_TIM1_Init                             0x080064b1   Thumb Code   102  tim.o(i.MX_TIM1_Init)
    MX_USART1_UART_Init                      0x08006521   Thumb Code    46  usart.o(i.MX_USART1_UART_Init)
    MemManage_Handler                        0x08006559   Thumb Code     4  stm32f4xx_it.o(i.MemManage_Handler)
    NMI_Handler                              0x0800655d   Thumb Code     4  stm32f4xx_it.o(i.NMI_Handler)
    Screen_task                              0x0800687d   Thumb Code   304  freertos.o(i.Screen_task)
    StartDefaultTask                         0x080069c5   Thumb Code    10  freertos.o(i.StartDefaultTask)
    SysTick_Handler                          0x080069d1   Thumb Code    46  port.o(i.SysTick_Handler)
    SystemClock_Config                       0x08006a05   Thumb Code   180  main.o(i.SystemClock_Config)
    SystemInit                               0x08006ac1   Thumb Code    14  system_stm32f4xx.o(i.SystemInit)
    TIM6_DAC_IRQHandler                      0x08006ad5   Thumb Code    22  stm32f4xx_it.o(i.TIM6_DAC_IRQHandler)
    TIM_Base_SetConfig                       0x08006af5   Thumb Code   186  stm32f4xx_hal_tim.o(i.TIM_Base_SetConfig)
    TIM_ETR_SetConfig                        0x08006bdd   Thumb Code    22  stm32f4xx_hal_tim.o(i.TIM_ETR_SetConfig)
    UsageFault_Handler                       0x08006e81   Thumb Code     4  stm32f4xx_it.o(i.UsageFault_Handler)
    _sys_exit                                0x08006ebd   Thumb Code     4  redirect.o(i._sys_exit)
    ili9341_DisplayOff                       0x08006ec1   Thumb Code    10  ili9341.o(i.ili9341_DisplayOff)
    ili9341_DisplayOn                        0x08006ecb   Thumb Code    10  ili9341.o(i.ili9341_DisplayOn)
    ili9341_GetLcdPixelHeight                0x08006ed5   Thumb Code     6  ili9341.o(i.ili9341_GetLcdPixelHeight)
    ili9341_GetLcdPixelWidth                 0x08006edb   Thumb Code     4  ili9341.o(i.ili9341_GetLcdPixelWidth)
    ili9341_Init                             0x08006edf   Thumb Code   656  ili9341.o(i.ili9341_Init)
    ili9341_ReadData                         0x0800716f   Thumb Code    16  ili9341.o(i.ili9341_ReadData)
    ili9341_ReadID                           0x0800717f   Thumb Code    18  ili9341.o(i.ili9341_ReadID)
    ili9341_WriteData                        0x08007191   Thumb Code    12  ili9341.o(i.ili9341_WriteData)
    ili9341_WriteReg                         0x0800719d   Thumb Code    12  ili9341.o(i.ili9341_WriteReg)
    main                                     0x080071a9   Thumb Code   134  main.o(i.main)
    osDelay                                  0x08007243   Thumb Code    24  cmsis_os.o(i.osDelay)
    osKernelStart                            0x0800725b   Thumb Code    10  cmsis_os.o(i.osKernelStart)
    osMessageCreate                          0x08007265   Thumb Code    40  cmsis_os.o(i.osMessageCreate)
    osThreadCreate                           0x0800728d   Thumb Code    94  cmsis_os.o(i.osThreadCreate)
    pvPortMalloc                             0x080077a5   Thumb Code   316  heap_4.o(i.pvPortMalloc)
    pxPortInitialiseStack                    0x080078f9   Thumb Code    38  port.o(i.pxPortInitialiseStack)
    stmpe811_ClearGlobalIT                   0x08007925   Thumb Code    18  stmpe811.o(i.stmpe811_ClearGlobalIT)
    stmpe811_DisableGlobalIT                 0x08007937   Thumb Code    32  stmpe811.o(i.stmpe811_DisableGlobalIT)
    stmpe811_DisableITSource                 0x08007957   Thumb Code    32  stmpe811.o(i.stmpe811_DisableITSource)
    stmpe811_EnableGlobalIT                  0x08007977   Thumb Code    32  stmpe811.o(i.stmpe811_EnableGlobalIT)
    stmpe811_EnableITSource                  0x08007997   Thumb Code    32  stmpe811.o(i.stmpe811_EnableITSource)
    stmpe811_IO_ClearIT                      0x080079dd   Thumb Code    56  stmpe811.o(i.stmpe811_IO_ClearIT)
    stmpe811_IO_Config                       0x08007a15   Thumb Code   234  stmpe811.o(i.stmpe811_IO_Config)
    stmpe811_IO_DisableAF                    0x08007aff   Thumb Code    34  stmpe811.o(i.stmpe811_IO_DisableAF)
    stmpe811_IO_DisableIT                    0x08007b21   Thumb Code    20  stmpe811.o(i.stmpe811_IO_DisableIT)
    stmpe811_IO_EnableAF                     0x08007b35   Thumb Code    32  stmpe811.o(i.stmpe811_IO_EnableAF)
    stmpe811_IO_EnableIT                     0x08007b55   Thumb Code    24  stmpe811.o(i.stmpe811_IO_EnableIT)
    stmpe811_IO_EnablePinIT                  0x08007b6d   Thumb Code    34  stmpe811.o(i.stmpe811_IO_EnablePinIT)
    stmpe811_IO_ITStatus                     0x08007b8f   Thumb Code    18  stmpe811.o(i.stmpe811_IO_ITStatus)
    stmpe811_IO_InitPin                      0x08007ba1   Thumb Code    46  stmpe811.o(i.stmpe811_IO_InitPin)
    stmpe811_IO_ReadPin                      0x08007bcf   Thumb Code    18  stmpe811.o(i.stmpe811_IO_ReadPin)
    stmpe811_IO_SetEdgeMode                  0x08007be1   Thumb Code    86  stmpe811.o(i.stmpe811_IO_SetEdgeMode)
    stmpe811_IO_Start                        0x08007c37   Thumb Code    40  stmpe811.o(i.stmpe811_IO_Start)
    stmpe811_IO_WritePin                     0x08007c5f   Thumb Code    34  stmpe811.o(i.stmpe811_IO_WritePin)
    stmpe811_Init                            0x08007c81   Thumb Code    44  stmpe811.o(i.stmpe811_Init)
    stmpe811_ReadGITStatus                   0x08007cb1   Thumb Code    18  stmpe811.o(i.stmpe811_ReadGITStatus)
    stmpe811_ReadID                          0x08007cc3   Thumb Code    32  stmpe811.o(i.stmpe811_ReadID)
    stmpe811_Reset                           0x08007ce3   Thumb Code    38  stmpe811.o(i.stmpe811_Reset)
    stmpe811_SetITPolarity                   0x08007d09   Thumb Code    36  stmpe811.o(i.stmpe811_SetITPolarity)
    stmpe811_SetITType                       0x08007d2d   Thumb Code    36  stmpe811.o(i.stmpe811_SetITType)
    stmpe811_TS_ClearIT                      0x08007d51   Thumb Code    14  stmpe811.o(i.stmpe811_TS_ClearIT)
    stmpe811_TS_DetectTouch                  0x08007d5f   Thumb Code    60  stmpe811.o(i.stmpe811_TS_DetectTouch)
    stmpe811_TS_DisableIT                    0x08007d9b   Thumb Code    20  stmpe811.o(i.stmpe811_TS_DisableIT)
    stmpe811_TS_EnableIT                     0x08007daf   Thumb Code    24  stmpe811.o(i.stmpe811_TS_EnableIT)
    stmpe811_TS_GetXY                        0x08007dc7   Thumb Code    88  stmpe811.o(i.stmpe811_TS_GetXY)
    stmpe811_TS_ITStatus                     0x08007e1f   Thumb Code    14  stmpe811.o(i.stmpe811_TS_ITStatus)
    stmpe811_TS_Start                        0x08007e2d   Thumb Code   164  stmpe811.o(i.stmpe811_TS_Start)
    uxListRemove                             0x08007ed1   Thumb Code    40  list.o(i.uxListRemove)
    vApplicationGetIdleTaskMemory            0x08007ef9   Thumb Code    14  freertos.o(i.vApplicationGetIdleTaskMemory)
    vApplicationIdleHook                     0x08007f11   Thumb Code     2  freertos.o(i.vApplicationIdleHook)
    vApplicationMallocFailedHook             0x08007f13   Thumb Code     2  freertos.o(i.vApplicationMallocFailedHook)
    vApplicationStackOverflowHook            0x08007f15   Thumb Code     2  freertos.o(i.vApplicationStackOverflowHook)
    vListInitialise                          0x08007f17   Thumb Code    26  list.o(i.vListInitialise)
    vListInitialiseItem                      0x08007f31   Thumb Code     6  list.o(i.vListInitialiseItem)
    vListInsert                              0x08007f37   Thumb Code    52  list.o(i.vListInsert)
    vListInsertEnd                           0x08007f6b   Thumb Code    24  list.o(i.vListInsertEnd)
    vPortEnterCritical                       0x08007f85   Thumb Code    76  port.o(i.vPortEnterCritical)
    vPortExitCritical                        0x08007fd9   Thumb Code    56  port.o(i.vPortExitCritical)
    vPortFree                                0x08008015   Thumb Code   150  heap_4.o(i.vPortFree)
    vPortSetupTimerInterrupt                 0x080080b9   Thumb Code    36  port.o(i.vPortSetupTimerInterrupt)
    vTaskDelay                               0x080080e1   Thumb Code    82  tasks.o(i.vTaskDelay)
    vTaskStartScheduler                      0x0800813d   Thumb Code   146  tasks.o(i.vTaskStartScheduler)
    vTaskSuspendAll                          0x080081ed   Thumb Code    12  tasks.o(i.vTaskSuspendAll)
    vTaskSwitchContext                       0x080081fd   Thumb Code   174  tasks.o(i.vTaskSwitchContext)
    xPortStartScheduler                      0x080082c1   Thumb Code   330  port.o(i.xPortStartScheduler)
    xQueueGenericCreate                      0x08008429   Thumb Code    90  queue.o(i.xQueueGenericCreate)
    xQueueGenericCreateStatic                0x08008483   Thumb Code   224  queue.o(i.xQueueGenericCreateStatic)
    xQueueGenericReset                       0x08008565   Thumb Code   146  queue.o(i.xQueueGenericReset)
    xTaskCreate                              0x080085fd   Thumb Code   100  tasks.o(i.xTaskCreate)
    xTaskCreateStatic                        0x08008661   Thumb Code   186  tasks.o(i.xTaskCreateStatic)
    xTaskIncrementTick                       0x0800871d   Thumb Code   282  tasks.o(i.xTaskIncrementTick)
    xTaskRemoveFromEventList                 0x08008865   Thumb Code   128  tasks.o(i.xTaskRemoveFromEventList)
    xTaskResumeAll                           0x080088fd   Thumb Code   224  tasks.o(i.xTaskResumeAll)
    _fp_init                                 0x08008a01   Thumb Code    10  fpinit.o(x$fpl$fpinit)
    __fplib_config_fpu_vfp                   0x08008a09   Thumb Code     0  fpinit.o(x$fpl$fpinit)
    __fplib_config_pureend_doubles           0x08008a09   Thumb Code     0  fpinit.o(x$fpl$fpinit)
    AHBPrescTable                            0x08008a94   Data          16  system_stm32f4xx.o(.constdata)
    APBPrescTable                            0x08008aa4   Data           8  system_stm32f4xx.o(.constdata)
    Font24_Table                             0x08008aac   Data        6840  stm32f429i_discovery_lcd.o(.constdata)
    Font20_Table                             0x0800a564   Data        3800  stm32f429i_discovery_lcd.o(.constdata)
    Font16_Table                             0x0800b43c   Data        3040  stm32f429i_discovery_lcd.o(.constdata)
    Font12_Table                             0x0800c01c   Data        1140  stm32f429i_discovery_lcd.o(.constdata)
    Font8_Table                              0x0800c490   Data         760  stm32f429i_discovery_lcd.o(.constdata)
    Region$$Table$$Base                      0x0800c7a4   Number         0  anon$$obj.o(Region$$Table)
    Region$$Table$$Limit                     0x0800c7c4   Number         0  anon$$obj.o(Region$$Table)
    defaultTaskHandle                        0x20000000   Data           4  freertos.o(.data)
    ScreenHandle                             0x20000004   Data           4  freertos.o(.data)
    ADCHandle                                0x20000008   Data           4  freertos.o(.data)
    DACHandle                                0x2000000c   Data           4  freertos.o(.data)
    ADC_dataHandle                           0x20000010   Data           4  freertos.o(.data)
    hcrc                                     0x20000014   Data           8  crc.o(.data)
    uwTick                                   0x20000024   Data           4  stm32f4xx_hal.o(.data)
    uwTickPrio                               0x20000028   Data           4  stm32f4xx_hal.o(.data)
    uwTickFreq                               0x2000002c   Data           1  stm32f4xx_hal.o(.data)
    SystemCoreClock                          0x20000030   Data           4  system_stm32f4xx.o(.data)
    pxCurrentTCB                             0x20000034   Data           4  tasks.o(.data)
    GPIO_PORT                                0x2000009c   Data           8  stm32f429i_discovery.o(.data)
    BUTTON_PORT                              0x200000a4   Data           4  stm32f429i_discovery.o(.data)
    I2cxTimeout                              0x200000a8   Data           4  stm32f429i_discovery.o(.data)
    SpixTimeout                              0x200000ac   Data           4  stm32f429i_discovery.o(.data)
    Font24                                   0x200000b4   Data           8  stm32f429i_discovery_lcd.o(.data)
    Font20                                   0x200000bc   Data           8  stm32f429i_discovery_lcd.o(.data)
    Font16                                   0x200000c4   Data           8  stm32f429i_discovery_lcd.o(.data)
    Font12                                   0x200000cc   Data           8  stm32f429i_discovery_lcd.o(.data)
    Font8                                    0x200000d4   Data           8  stm32f429i_discovery_lcd.o(.data)
    LcdDrv                                   0x200000e0   Data           4  stm32f429i_discovery_lcd.o(.data)
    ili9341_drv                              0x200000f8   Data          56  ili9341.o(.data)
    stmpe811_ts_drv                          0x20000130   Data          40  stmpe811.o(.data)
    stmpe811_io_drv                          0x20000158   Data          44  stmpe811.o(.data)
    stmpe811                                 0x20000184   Data           2  stmpe811.o(.data)
    ADC_Lecture                              0x20000188   Data        2000  freertos.o(.bss)
    hadc1                                    0x20000bb0   Data          72  adc.o(.bss)
    hadc3                                    0x20000bf8   Data          72  adc.o(.bss)
    hdma_adc1                                0x20000c40   Data          96  adc.o(.bss)
    hdma_adc3                                0x20000ca0   Data          96  adc.o(.bss)
    hdac                                     0x20000d00   Data          20  dac.o(.bss)
    hdma2d                                   0x20000d14   Data          64  dma2d.o(.bss)
    hsdram1                                  0x20000d54   Data          52  fmc.o(.bss)
    hi2c3                                    0x20000d88   Data          84  i2c.o(.bss)
    hltdc                                    0x20000ddc   Data         168  ltdc.o(.bss)
    hspi5                                    0x20000e84   Data          88  spi.o(.bss)
    htim1                                    0x20000edc   Data          72  tim.o(.bss)
    huart1                                   0x20000f24   Data          72  usart.o(.bss)
    htim6                                    0x20000f6c   Data          72  stm32f4xx_hal_timebase_tim.o(.bss)
    I2cHandle                                0x200090a4   Data          84  stm32f429i_discovery.o(.bss)
    LtdcHandler                              0x20009150   Data         168  stm32f429i_discovery_lcd.o(.bss)
    __libspace_start                         0x200093a0   Data          96  libspace.o(.bss)
    __temporary_stack_top$libspace           0x20009400   Data           0  libspace.o(.bss)



==============================================================================

Memory Map of the image

  Image Entry point : 0x080001ad

  Load Region LR_IROM1 (Base: 0x08000000, Size: 0x0000c94c, Max: 0x00200000, ABSOLUTE, COMPRESSED[0x0000c85c])

    Execution Region ER_IROM1 (Exec base: 0x08000000, Load base: 0x08000000, Size: 0x0000c7c4, Max: 0x00200000, ABSOLUTE)

    Exec Addr    Load Addr    Size         Type   Attr      Idx    E Section Name        Object

    0x08000000   0x08000000   0x000001ac   Data   RO            3    RESET               startup_stm32f429xx.o
    0x080001ac   0x080001ac   0x00000008   Code   RO         8524  * !!!main             c_w.l(__main.o)
    0x080001b4   0x080001b4   0x00000034   Code   RO         8693    !!!scatter          c_w.l(__scatter.o)
    0x080001e8   0x080001e8   0x0000005a   Code   RO         8691    !!dczerorl2         c_w.l(__dczerorl2.o)
    0x08000242   0x08000242   0x00000002   PAD
    0x08000244   0x08000244   0x0000001c   Code   RO         8695    !!handler_zi        c_w.l(__scatter_zi.o)
    0x08000260   0x08000260   0x00000002   Code   RO         8563    .ARM.Collect$$libinit$$00000000  c_w.l(libinit.o)
    0x08000262   0x08000262   0x00000004   Code   RO         8575    .ARM.Collect$$libinit$$00000001  c_w.l(libinit2.o)
    0x08000266   0x08000266   0x00000000   Code   RO         8578    .ARM.Collect$$libinit$$00000004  c_w.l(libinit2.o)
    0x08000266   0x08000266   0x00000000   Code   RO         8581    .ARM.Collect$$libinit$$0000000A  c_w.l(libinit2.o)
    0x08000266   0x08000266   0x00000000   Code   RO         8583    .ARM.Collect$$libinit$$0000000C  c_w.l(libinit2.o)
    0x08000266   0x08000266   0x00000000   Code   RO         8585    .ARM.Collect$$libinit$$0000000E  c_w.l(libinit2.o)
    0x08000266   0x08000266   0x00000000   Code   RO         8588    .ARM.Collect$$libinit$$00000011  c_w.l(libinit2.o)
    0x08000266   0x08000266   0x00000000   Code   RO         8590    .ARM.Collect$$libinit$$00000013  c_w.l(libinit2.o)
    0x08000266   0x08000266   0x00000000   Code   RO         8592    .ARM.Collect$$libinit$$00000015  c_w.l(libinit2.o)
    0x08000266   0x08000266   0x00000000   Code   RO         8594    .ARM.Collect$$libinit$$00000017  c_w.l(libinit2.o)
    0x08000266   0x08000266   0x00000000   Code   RO         8596    .ARM.Collect$$libinit$$00000019  c_w.l(libinit2.o)
    0x08000266   0x08000266   0x00000000   Code   RO         8598    .ARM.Collect$$libinit$$0000001B  c_w.l(libinit2.o)
    0x08000266   0x08000266   0x00000000   Code   RO         8600    .ARM.Collect$$libinit$$0000001D  c_w.l(libinit2.o)
    0x08000266   0x08000266   0x00000000   Code   RO         8602    .ARM.Collect$$libinit$$0000001F  c_w.l(libinit2.o)
    0x08000266   0x08000266   0x00000000   Code   RO         8604    .ARM.Collect$$libinit$$00000021  c_w.l(libinit2.o)
    0x08000266   0x08000266   0x00000000   Code   RO         8606    .ARM.Collect$$libinit$$00000023  c_w.l(libinit2.o)
    0x08000266   0x08000266   0x00000000   Code   RO         8608    .ARM.Collect$$libinit$$00000025  c_w.l(libinit2.o)
    0x08000266   0x08000266   0x00000000   Code   RO         8612    .ARM.Collect$$libinit$$0000002C  c_w.l(libinit2.o)
    0x08000266   0x08000266   0x00000000   Code   RO         8614    .ARM.Collect$$libinit$$0000002E  c_w.l(libinit2.o)
    0x08000266   0x08000266   0x00000000   Code   RO         8616    .ARM.Collect$$libinit$$00000030  c_w.l(libinit2.o)
    0x08000266   0x08000266   0x00000000   Code   RO         8618    .ARM.Collect$$libinit$$00000032  c_w.l(libinit2.o)
    0x08000266   0x08000266   0x00000002   Code   RO         8619    .ARM.Collect$$libinit$$00000033  c_w.l(libinit2.o)
    0x08000268   0x08000268   0x00000002   Code   RO         8645    .ARM.Collect$$libshutdown$$00000000  c_w.l(libshutdown.o)
    0x0800026a   0x0800026a   0x00000000   Code   RO         8672    .ARM.Collect$$libshutdown$$00000002  c_w.l(libshutdown2.o)
    0x0800026a   0x0800026a   0x00000000   Code   RO         8674    .ARM.Collect$$libshutdown$$00000004  c_w.l(libshutdown2.o)
    0x0800026a   0x0800026a   0x00000000   Code   RO         8676    .ARM.Collect$$libshutdown$$00000006  c_w.l(libshutdown2.o)
    0x0800026a   0x0800026a   0x00000000   Code   RO         8679    .ARM.Collect$$libshutdown$$00000009  c_w.l(libshutdown2.o)
    0x0800026a   0x0800026a   0x00000000   Code   RO         8682    .ARM.Collect$$libshutdown$$0000000C  c_w.l(libshutdown2.o)
    0x0800026a   0x0800026a   0x00000000   Code   RO         8684    .ARM.Collect$$libshutdown$$0000000E  c_w.l(libshutdown2.o)
    0x0800026a   0x0800026a   0x00000000   Code   RO         8687    .ARM.Collect$$libshutdown$$00000011  c_w.l(libshutdown2.o)
    0x0800026a   0x0800026a   0x00000002   Code   RO         8688    .ARM.Collect$$libshutdown$$00000012  c_w.l(libshutdown2.o)
    0x0800026c   0x0800026c   0x00000000   Code   RO         8526    .ARM.Collect$$rtentry$$00000000  c_w.l(__rtentry.o)
    0x0800026c   0x0800026c   0x00000000   Code   RO         8534    .ARM.Collect$$rtentry$$00000002  c_w.l(__rtentry2.o)
    0x0800026c   0x0800026c   0x00000006   Code   RO         8546    .ARM.Collect$$rtentry$$00000004  c_w.l(__rtentry4.o)
    0x08000272   0x08000272   0x00000000   Code   RO         8536    .ARM.Collect$$rtentry$$00000009  c_w.l(__rtentry2.o)
    0x08000272   0x08000272   0x00000004   Code   RO         8537    .ARM.Collect$$rtentry$$0000000A  c_w.l(__rtentry2.o)
    0x08000276   0x08000276   0x00000000   Code   RO         8539    .ARM.Collect$$rtentry$$0000000C  c_w.l(__rtentry2.o)
    0x08000276   0x08000276   0x00000008   Code   RO         8540    .ARM.Collect$$rtentry$$0000000D  c_w.l(__rtentry2.o)
    0x0800027e   0x0800027e   0x00000002   Code   RO         8567    .ARM.Collect$$rtexit$$00000000  c_w.l(rtexit.o)
    0x08000280   0x08000280   0x00000000   Code   RO         8621    .ARM.Collect$$rtexit$$00000002  c_w.l(rtexit2.o)
    0x08000280   0x08000280   0x00000004   Code   RO         8622    .ARM.Collect$$rtexit$$00000003  c_w.l(rtexit2.o)
    0x08000284   0x08000284   0x00000006   Code   RO         8623    .ARM.Collect$$rtexit$$00000004  c_w.l(rtexit2.o)
    0x0800028a   0x0800028a   0x00000002   PAD
    0x0800028c   0x0800028c   0x000000be   Code   RO         7252    .emb_text           port.o
    0x0800034a   0x0800034a   0x00000002   PAD
    0x0800034c   0x0800034c   0x00000040   Code   RO            4    .text               startup_stm32f429xx.o
    0x0800038c   0x0800038c   0x00000002   Code   RO         8508    .text               c_w.l(use_no_semi.o)
    0x0800038e   0x0800038e   0x000000ee   Code   RO         8510    .text               c_w.l(lludivv7m.o)
    0x0800047c   0x0800047c   0x00000064   Code   RO         8514    .text               c_w.l(rt_memcpy_w.o)
    0x080004e0   0x080004e0   0x00000010   Code   RO         8518    .text               c_w.l(aeabi_memset.o)
    0x080004f0   0x080004f0   0x0000004e   Code   RO         8520    .text               c_w.l(rt_memclr_w.o)
    0x0800053e   0x0800053e   0x00000006   Code   RO         8522    .text               c_w.l(heapauxi.o)
    0x08000544   0x08000544   0x00000044   Code   RO         8531    .text               c_w.l(rt_memclr.o)
    0x08000588   0x08000588   0x0000004a   Code   RO         8550    .text               c_w.l(sys_stackheap_outer.o)
    0x080005d2   0x080005d2   0x00000012   Code   RO         8552    .text               c_w.l(exit.o)
    0x080005e4   0x080005e4   0x00000008   Code   RO         8564    .text               c_w.l(libspace.o)
    0x080005ec   0x080005ec   0x00000020   Code   RO          339    i.ADC_Ctrl          freertos.o
    0x0800060c   0x0800060c   0x0000007e   Code   RO         1037    i.ADC_DMAConvCplt   stm32f4xx_hal_adc.o
    0x0800068a   0x0800068a   0x0000001a   Code   RO         1038    i.ADC_DMAError      stm32f4xx_hal_adc.o
    0x080006a4   0x080006a4   0x0000000e   Code   RO         1039    i.ADC_DMAHalfConvCplt  stm32f4xx_hal_adc.o
    0x080006b2   0x080006b2   0x00000002   PAD
    0x080006b4   0x080006b4   0x00000160   Code   RO         1040    i.ADC_Init          stm32f4xx_hal_adc.o
    0x08000814   0x08000814   0x00000040   Code   RO         7635    i.BSP_LCD_Clear     stm32f429i_discovery_lcd.o
    0x08000854   0x08000854   0x00000018   Code   RO         7639    i.BSP_LCD_DisplayOn  stm32f429i_discovery_lcd.o
    0x0800086c   0x0800086c   0x0000013c   Code   RO         7646    i.BSP_LCD_DrawLine  stm32f429i_discovery_lcd.o
    0x080009a8   0x080009a8   0x00000034   Code   RO         7647    i.BSP_LCD_DrawPixel  stm32f429i_discovery_lcd.o
    0x080009dc   0x080009dc   0x00000068   Code   RO         7650    i.BSP_LCD_DrawVLine  stm32f429i_discovery_lcd.o
    0x08000a44   0x08000a44   0x0000007c   Code   RO         7654    i.BSP_LCD_FillRect  stm32f429i_discovery_lcd.o
    0x08000ac0   0x08000ac0   0x00000010   Code   RO         7659    i.BSP_LCD_GetXSize  stm32f429i_discovery_lcd.o
    0x08000ad0   0x08000ad0   0x00000010   Code   RO         7660    i.BSP_LCD_GetYSize  stm32f429i_discovery_lcd.o
    0x08000ae0   0x08000ae0   0x000000a8   Code   RO         7661    i.BSP_LCD_Init      stm32f429i_discovery_lcd.o
    0x08000b88   0x08000b88   0x00000098   Code   RO         7662    i.BSP_LCD_LayerDefaultInit  stm32f429i_discovery_lcd.o
    0x08000c20   0x08000c20   0x0000019c   Code   RO         7663    i.BSP_LCD_MspInit   stm32f429i_discovery_lcd.o
    0x08000dbc   0x08000dbc   0x0000000c   Code   RO         7668    i.BSP_LCD_SelectLayer  stm32f429i_discovery_lcd.o
    0x08000dc8   0x08000dc8   0x0000001c   Code   RO         7672    i.BSP_LCD_SetFont   stm32f429i_discovery_lcd.o
    0x08000de4   0x08000de4   0x00000018   Code   RO         7679    i.BSP_LCD_SetTextColor  stm32f429i_discovery_lcd.o
    0x08000dfc   0x08000dfc   0x00000090   Code   RO         7987    i.BSP_SDRAM_Init    stm32f429i_discovery_sdram.o
    0x08000e8c   0x08000e8c   0x00000098   Code   RO         7988    i.BSP_SDRAM_Initialization_sequence  stm32f429i_discovery_sdram.o
    0x08000f24   0x08000f24   0x000001ec   Code   RO         7990    i.BSP_SDRAM_MspInit  stm32f429i_discovery_sdram.o
    0x08001110   0x08001110   0x00000054   Code   RO         8071    i.BSP_TS_Init       stm32f429i_discovery_ts.o
    0x08001164   0x08001164   0x00000004   Code   RO          886    i.BusFault_Handler  stm32f4xx_it.o
    0x08001168   0x08001168   0x0000000a   Code   RO          340    i.DAC_Ctrl          freertos.o
    0x08001172   0x08001172   0x00000002   PAD
    0x08001174   0x08001174   0x00000010   Code   RO          887    i.DMA2D_IRQHandler  stm32f4xx_it.o
    0x08001184   0x08001184   0x000000e6   Code   RO         2890    i.DMA2D_SetConfig   stm32f4xx_hal_dma2d.o
    0x0800126a   0x0800126a   0x00000002   PAD
    0x0800126c   0x0800126c   0x00000010   Code   RO          888    i.DMA2_Stream0_IRQHandler  stm32f4xx_it.o
    0x0800127c   0x0800127c   0x00000010   Code   RO          889    i.DMA2_Stream4_IRQHandler  stm32f4xx_it.o
    0x0800128c   0x0800128c   0x00000034   Code   RO         1876    i.DMA_CalcBaseAndBitshift  stm32f4xx_hal_dma.o
    0x080012c0   0x080012c0   0x000000aa   Code   RO         1877    i.DMA_CheckFifoParam  stm32f4xx_hal_dma.o
    0x0800136a   0x0800136a   0x0000002c   Code   RO         1878    i.DMA_SetConfig     stm32f4xx_hal_dma.o
    0x08001396   0x08001396   0x00000002   Code   RO          890    i.DebugMon_Handler  stm32f4xx_it.o
    0x08001398   0x08001398   0x00000006   Code   RO           13    i.Error_Handler     main.o
    0x0800139e   0x0800139e   0x0000006c   Code   RO         3119    i.FMC_SDRAM_Init    stm32f4xx_ll_fmc.o
    0x0800140a   0x0800140a   0x00000014   Code   RO         3120    i.FMC_SDRAM_ProgramRefreshRate  stm32f4xx_ll_fmc.o
    0x0800141e   0x0800141e   0x00000056   Code   RO         3121    i.FMC_SDRAM_SendCommand  stm32f4xx_ll_fmc.o
    0x08001474   0x08001474   0x00000094   Code   RO         3123    i.FMC_SDRAM_Timing_Init  stm32f4xx_ll_fmc.o
    0x08001508   0x08001508   0x00000060   Code   RO         7684    i.FillBuffer        stm32f429i_discovery_lcd.o
    0x08001568   0x08001568   0x000001a4   Code   RO         1042    i.HAL_ADC_ConfigChannel  stm32f4xx_hal_adc.o
    0x0800170c   0x0800170c   0x00000002   Code   RO         1043    i.HAL_ADC_ConvCpltCallback  stm32f4xx_hal_adc.o
    0x0800170e   0x0800170e   0x00000002   Code   RO         1044    i.HAL_ADC_ConvHalfCpltCallback  stm32f4xx_hal_adc.o
    0x08001710   0x08001710   0x00000002   Code   RO         1046    i.HAL_ADC_ErrorCallback  stm32f4xx_hal_adc.o
    0x08001712   0x08001712   0x00000002   PAD
    0x08001714   0x08001714   0x00000068   Code   RO         1051    i.HAL_ADC_Init      stm32f4xx_hal_adc.o
    0x0800177c   0x0800177c   0x00000170   Code   RO          426    i.HAL_ADC_MspInit   adc.o
    0x080018ec   0x080018ec   0x000001b4   Code   RO         1058    i.HAL_ADC_Start_DMA  stm32f4xx_hal_adc.o
    0x08001aa0   0x08001aa0   0x00000020   Code   RO         2594    i.HAL_CRC_Init      stm32f4xx_hal_crc.o
    0x08001ac0   0x08001ac0   0x00000034   Code   RO          474    i.HAL_CRC_MspInit   crc.o
    0x08001af4   0x08001af4   0x00000002   Code   RO         2799    i.HAL_DACEx_DMAUnderrunCallbackCh2  stm32f4xx_hal_dac_ex.o
    0x08001af6   0x08001af6   0x0000006e   Code   RO         2653    i.HAL_DAC_ConfigChannel  stm32f4xx_hal_dac.o
    0x08001b64   0x08001b64   0x00000002   Code   RO         2656    i.HAL_DAC_DMAUnderrunCallbackCh1  stm32f4xx_hal_dac.o
    0x08001b66   0x08001b66   0x00000082   Code   RO         2662    i.HAL_DAC_IRQHandler  stm32f4xx_hal_dac.o
    0x08001be8   0x08001be8   0x00000028   Code   RO         2663    i.HAL_DAC_Init      stm32f4xx_hal_dac.o
    0x08001c10   0x08001c10   0x00000090   Code   RO          516    i.HAL_DAC_MspInit   dac.o
    0x08001ca0   0x08001ca0   0x00000002   Code   RO         2896    i.HAL_DMA2D_CLUTLoadingCpltCallback  stm32f4xx_hal_dma2d.o
    0x08001ca2   0x08001ca2   0x00000002   PAD
    0x08001ca4   0x08001ca4   0x000000cc   Code   RO         2904    i.HAL_DMA2D_ConfigLayer  stm32f4xx_hal_dma2d.o
    0x08001d70   0x08001d70   0x00000166   Code   RO         2911    i.HAL_DMA2D_IRQHandler  stm32f4xx_hal_dma2d.o
    0x08001ed6   0x08001ed6   0x00000060   Code   RO         2912    i.HAL_DMA2D_Init    stm32f4xx_hal_dma2d.o
    0x08001f36   0x08001f36   0x00000002   Code   RO         2913    i.HAL_DMA2D_LineEventCallback  stm32f4xx_hal_dma2d.o
    0x08001f38   0x08001f38   0x00000048   Code   RO          582    i.HAL_DMA2D_MspInit  dma2d.o
    0x08001f80   0x08001f80   0x00000166   Code   RO         2916    i.HAL_DMA2D_PollForTransfer  stm32f4xx_hal_dma2d.o
    0x080020e6   0x080020e6   0x0000004e   Code   RO         2919    i.HAL_DMA2D_Start   stm32f4xx_hal_dma2d.o
    0x08002134   0x08002134   0x00000070   Code   RO         1881    i.HAL_DMA_DeInit    stm32f4xx_hal_dma.o
    0x080021a4   0x080021a4   0x00000240   Code   RO         1884    i.HAL_DMA_IRQHandler  stm32f4xx_hal_dma.o
    0x080023e4   0x080023e4   0x000000ec   Code   RO         1885    i.HAL_DMA_Init      stm32f4xx_hal_dma.o
    0x080024d0   0x080024d0   0x00000092   Code   RO         1889    i.HAL_DMA_Start_IT  stm32f4xx_hal_dma.o
    0x08002562   0x08002562   0x00000002   PAD
    0x08002564   0x08002564   0x00000028   Code   RO         2327    i.HAL_Delay         stm32f4xx_hal.o
    0x0800258c   0x0800258c   0x00000110   Code   RO          624    i.HAL_FMC_MspInit   fmc.o
    0x0800269c   0x0800269c   0x00000184   Code   RO         1769    i.HAL_GPIO_DeInit   stm32f4xx_hal_gpio.o
    0x08002820   0x08002820   0x00000210   Code   RO         1772    i.HAL_GPIO_Init     stm32f4xx_hal_gpio.o
    0x08002a30   0x08002a30   0x0000000c   Code   RO         1776    i.HAL_GPIO_WritePin  stm32f4xx_hal_gpio.o
    0x08002a3c   0x08002a3c   0x0000000c   Code   RO         2335    i.HAL_GetTick       stm32f4xx_hal.o
    0x08002a48   0x08002a48   0x0000004c   Code   RO         3927    i.HAL_I2CEx_ConfigAnalogFilter  stm32f4xx_hal_i2c_ex.o
    0x08002a94   0x08002a94   0x00000050   Code   RO         3928    i.HAL_I2CEx_ConfigDigitalFilter  stm32f4xx_hal_i2c_ex.o
    0x08002ae4   0x08002ae4   0x0000003c   Code   RO         3452    i.HAL_I2C_DeInit    stm32f4xx_hal_i2c.o
    0x08002b20   0x08002b20   0x00000008   Code   RO         3460    i.HAL_I2C_GetState  stm32f4xx_hal_i2c.o
    0x08002b28   0x08002b28   0x000001d0   Code   RO         3461    i.HAL_I2C_Init      stm32f4xx_hal_i2c.o
    0x08002cf8   0x08002cf8   0x00000308   Code   RO         3479    i.HAL_I2C_Mem_Read  stm32f4xx_hal_i2c.o
    0x08003000   0x08003000   0x00000164   Code   RO         3482    i.HAL_I2C_Mem_Write  stm32f4xx_hal_i2c.o
    0x08003164   0x08003164   0x0000003c   Code   RO          676    i.HAL_I2C_MspDeInit  i2c.o
    0x080031a0   0x080031a0   0x000000c8   Code   RO          677    i.HAL_I2C_MspInit   i2c.o
    0x08003268   0x08003268   0x00000018   Code   RO         2341    i.HAL_IncTick       stm32f4xx_hal.o
    0x08003280   0x08003280   0x0000003c   Code   RO         2342    i.HAL_Init          stm32f4xx_hal.o
    0x080032bc   0x080032bc   0x000000b4   Code   RO          998    i.HAL_InitTick      stm32f4xx_hal_timebase_tim.o
    0x08003370   0x08003370   0x0000005e   Code   RO         3960    i.HAL_LTDC_ConfigLayer  stm32f4xx_hal_ltdc.o
    0x080033ce   0x080033ce   0x00000002   PAD
    0x080033d0   0x080033d0   0x00000044   Code   RO         3972    i.HAL_LTDC_EnableDither  stm32f4xx_hal_ltdc.o
    0x08003414   0x08003414   0x00000002   Code   RO         3973    i.HAL_LTDC_ErrorCallback  stm32f4xx_hal_ltdc.o
    0x08003416   0x08003416   0x000000f4   Code   RO         3976    i.HAL_LTDC_IRQHandler  stm32f4xx_hal_ltdc.o
    0x0800350a   0x0800350a   0x00000002   PAD
    0x0800350c   0x0800350c   0x00000118   Code   RO         3977    i.HAL_LTDC_Init     stm32f4xx_hal_ltdc.o
    0x08003624   0x08003624   0x00000002   Code   RO         3978    i.HAL_LTDC_LineEventCallback  stm32f4xx_hal_ltdc.o
    0x08003626   0x08003626   0x00000002   PAD
    0x08003628   0x08003628   0x00000228   Code   RO          719    i.HAL_LTDC_MspInit  ltdc.o
    0x08003850   0x08003850   0x00000002   Code   RO         3983    i.HAL_LTDC_ReloadEventCallback  stm32f4xx_hal_ltdc.o
    0x08003852   0x08003852   0x00000002   PAD
    0x08003854   0x08003854   0x00000054   Code   RO          974    i.HAL_MspInit       stm32f4xx_hal_msp.o
    0x080038a8   0x080038a8   0x00000028   Code   RO         2180    i.HAL_NVIC_EnableIRQ  stm32f4xx_hal_cortex.o
    0x080038d0   0x080038d0   0x0000007c   Code   RO         2186    i.HAL_NVIC_SetPriority  stm32f4xx_hal_cortex.o
    0x0800394c   0x0800394c   0x00000028   Code   RO         2187    i.HAL_NVIC_SetPriorityGrouping  stm32f4xx_hal_cortex.o
    0x08003974   0x08003974   0x0000008c   Code   RO         2108    i.HAL_PWREx_EnableOverDrive  stm32f4xx_hal_pwr_ex.o
    0x08003a00   0x08003a00   0x00000304   Code   RO         1423    i.HAL_RCCEx_PeriphCLKConfig  stm32f4xx_hal_rcc_ex.o
    0x08003d04   0x08003d04   0x00000184   Code   RO         1316    i.HAL_RCC_ClockConfig  stm32f4xx_hal_rcc.o
    0x08003e88   0x08003e88   0x00000044   Code   RO         1320    i.HAL_RCC_GetClockConfig  stm32f4xx_hal_rcc.o
    0x08003ecc   0x08003ecc   0x0000000c   Code   RO         1321    i.HAL_RCC_GetHCLKFreq  stm32f4xx_hal_rcc.o
    0x08003ed8   0x08003ed8   0x00000020   Code   RO         1323    i.HAL_RCC_GetPCLK1Freq  stm32f4xx_hal_rcc.o
    0x08003ef8   0x08003ef8   0x00000020   Code   RO         1324    i.HAL_RCC_GetPCLK2Freq  stm32f4xx_hal_rcc.o
    0x08003f18   0x08003f18   0x000000b0   Code   RO         1325    i.HAL_RCC_GetSysClockFreq  stm32f4xx_hal_rcc.o
    0x08003fc8   0x08003fc8   0x0000049c   Code   RO         1328    i.HAL_RCC_OscConfig  stm32f4xx_hal_rcc.o
    0x08004464   0x08004464   0x00000040   Code   RO         3285    i.HAL_SDRAM_Init    stm32f4xx_hal_sdram.o
    0x080044a4   0x080044a4   0x0000000a   Code   RO          626    i.HAL_SDRAM_MspInit  fmc.o
    0x080044ae   0x080044ae   0x00000036   Code   RO         3288    i.HAL_SDRAM_ProgramRefreshRate  stm32f4xx_hal_sdram.o
    0x080044e4   0x080044e4   0x0000004e   Code   RO         3294    i.HAL_SDRAM_SendCommand  stm32f4xx_hal_sdram.o
    0x08004532   0x08004532   0x00000036   Code   RO         4256    i.HAL_SPI_DeInit    stm32f4xx_hal_spi.o
    0x08004568   0x08004568   0x00000008   Code   RO         4259    i.HAL_SPI_GetState  stm32f4xx_hal_spi.o
    0x08004570   0x08004570   0x000000c8   Code   RO         4261    i.HAL_SPI_Init      stm32f4xx_hal_spi.o
    0x08004638   0x08004638   0x00000030   Code   RO          760    i.HAL_SPI_MspDeInit  spi.o
    0x08004668   0x08004668   0x00000088   Code   RO          761    i.HAL_SPI_MspInit   spi.o
    0x080046f0   0x080046f0   0x0000017e   Code   RO         4264    i.HAL_SPI_Receive   stm32f4xx_hal_spi.o
    0x0800486e   0x0800486e   0x000001bc   Code   RO         4269    i.HAL_SPI_Transmit  stm32f4xx_hal_spi.o
    0x08004a2a   0x08004a2a   0x00000240   Code   RO         4270    i.HAL_SPI_TransmitReceive  stm32f4xx_hal_spi.o
    0x08004c6a   0x08004c6a   0x00000002   Code   RO         5289    i.HAL_TIMEx_BreakCallback  stm32f4xx_hal_tim_ex.o
    0x08004c6c   0x08004c6c   0x00000002   Code   RO         5290    i.HAL_TIMEx_CommutCallback  stm32f4xx_hal_tim_ex.o
    0x08004c6e   0x08004c6e   0x00000002   PAD
    0x08004c70   0x08004c70   0x000000b4   Code   RO         5308    i.HAL_TIMEx_MasterConfigSynchronization  stm32f4xx_hal_tim_ex.o
    0x08004d24   0x08004d24   0x00000066   Code   RO         4574    i.HAL_TIM_Base_Init  stm32f4xx_hal_tim.o
    0x08004d8a   0x08004d8a   0x00000002   PAD
    0x08004d8c   0x08004d8c   0x00000034   Code   RO          803    i.HAL_TIM_Base_MspInit  tim.o
    0x08004dc0   0x08004dc0   0x000000a8   Code   RO         4579    i.HAL_TIM_Base_Start_IT  stm32f4xx_hal_tim.o
    0x08004e68   0x08004e68   0x0000010c   Code   RO         4583    i.HAL_TIM_ConfigClockSource  stm32f4xx_hal_tim.o
    0x08004f74   0x08004f74   0x00000002   Code   RO         4608    i.HAL_TIM_IC_CaptureCallback  stm32f4xx_hal_tim.o
    0x08004f76   0x08004f76   0x0000016c   Code   RO         4622    i.HAL_TIM_IRQHandler  stm32f4xx_hal_tim.o
    0x080050e2   0x080050e2   0x00000002   Code   RO         4625    i.HAL_TIM_OC_DelayElapsedCallback  stm32f4xx_hal_tim.o
    0x080050e4   0x080050e4   0x00000002   Code   RO         4652    i.HAL_TIM_PWM_PulseFinishedCallback  stm32f4xx_hal_tim.o
    0x080050e6   0x080050e6   0x00000002   PAD
    0x080050e8   0x080050e8   0x00000018   Code   RO           14    i.HAL_TIM_PeriodElapsedCallback  main.o
    0x08005100   0x08005100   0x00000002   Code   RO         4665    i.HAL_TIM_TriggerCallback  stm32f4xx_hal_tim.o
    0x08005102   0x08005102   0x00000076   Code   RO         5586    i.HAL_UART_Init     stm32f4xx_hal_uart.o
    0x08005178   0x08005178   0x00000088   Code   RO          845    i.HAL_UART_MspInit  usart.o
    0x08005200   0x08005200   0x00000004   Code   RO          891    i.HardFault_Handler  stm32f4xx_it.o
    0x08005204   0x08005204   0x0000003e   Code   RO         3505    i.I2C_IsAcknowledgeFailed  stm32f4xx_hal_i2c.o
    0x08005242   0x08005242   0x00000002   PAD
    0x08005244   0x08005244   0x00000160   Code   RO         3516    i.I2C_RequestMemoryRead  stm32f4xx_hal_i2c.o
    0x080053a4   0x080053a4   0x000000e0   Code   RO         3517    i.I2C_RequestMemoryWrite  stm32f4xx_hal_i2c.o
    0x08005484   0x08005484   0x00000066   Code   RO         3525    i.I2C_WaitOnBTFFlagUntilTimeout  stm32f4xx_hal_i2c.o
    0x080054ea   0x080054ea   0x000000be   Code   RO         3526    i.I2C_WaitOnFlagUntilTimeout  stm32f4xx_hal_i2c.o
    0x080055a8   0x080055a8   0x000000fa   Code   RO         3527    i.I2C_WaitOnMasterAddressFlagUntilTimeout  stm32f4xx_hal_i2c.o
    0x080056a2   0x080056a2   0x0000008a   Code   RO         3528    i.I2C_WaitOnRXNEFlagUntilTimeout  stm32f4xx_hal_i2c.o
    0x0800572c   0x0800572c   0x00000066   Code   RO         3531    i.I2C_WaitOnTXEFlagUntilTimeout  stm32f4xx_hal_i2c.o
    0x08005792   0x08005792   0x00000002   PAD
    0x08005794   0x08005794   0x00000014   Code   RO         7342    i.I2Cx_Error        stm32f429i_discovery.o
    0x080057a8   0x080057a8   0x0000005c   Code   RO         7343    i.I2Cx_ITConfig     stm32f429i_discovery.o
    0x08005804   0x08005804   0x00000044   Code   RO         7344    i.I2Cx_Init         stm32f429i_discovery.o
    0x08005848   0x08005848   0x000000e8   Code   RO         7345    i.I2Cx_MspInit      stm32f429i_discovery.o
    0x08005930   0x08005930   0x00000044   Code   RO         7346    i.I2Cx_ReadBuffer   stm32f429i_discovery.o
    0x08005974   0x08005974   0x00000040   Code   RO         7347    i.I2Cx_ReadData     stm32f429i_discovery.o
    0x080059b4   0x080059b4   0x00000038   Code   RO         7349    i.I2Cx_WriteData    stm32f429i_discovery.o
    0x080059ec   0x080059ec   0x0000000c   Code   RO         7350    i.IOE_Delay         stm32f429i_discovery.o
    0x080059f8   0x080059f8   0x00000008   Code   RO         7351    i.IOE_ITConfig      stm32f429i_discovery.o
    0x08005a00   0x08005a00   0x00000008   Code   RO         7352    i.IOE_Init          stm32f429i_discovery.o
    0x08005a08   0x08005a08   0x00000010   Code   RO         7353    i.IOE_Read          stm32f429i_discovery.o
    0x08005a18   0x08005a18   0x0000001c   Code   RO         7354    i.IOE_ReadMultiple  stm32f429i_discovery.o
    0x08005a34   0x08005a34   0x00000014   Code   RO         7355    i.IOE_Write         stm32f429i_discovery.o
    0x08005a48   0x08005a48   0x0000000c   Code   RO         7357    i.LCD_Delay         stm32f429i_discovery.o
    0x08005a54   0x08005a54   0x000000e8   Code   RO         7358    i.LCD_IO_Init       stm32f429i_discovery.o
    0x08005b3c   0x08005b3c   0x0000004c   Code   RO         7359    i.LCD_IO_ReadData   stm32f429i_discovery.o
    0x08005b88   0x08005b88   0x00000034   Code   RO         7360    i.LCD_IO_WriteData  stm32f429i_discovery.o
    0x08005bbc   0x08005bbc   0x00000034   Code   RO         7361    i.LCD_IO_WriteReg   stm32f429i_discovery.o
    0x08005bf0   0x08005bf0   0x00000010   Code   RO          892    i.LTDC_IRQHandler   stm32f4xx_it.o
    0x08005c00   0x08005c00   0x00000210   Code   RO         3996    i.LTDC_SetConfig    stm32f4xx_hal_ltdc.o
    0x08005e10   0x08005e10   0x00000070   Code   RO          427    i.MX_ADC1_Init      adc.o
    0x08005e80   0x08005e80   0x0000006c   Code   RO          428    i.MX_ADC3_Init      adc.o
    0x08005eec   0x08005eec   0x00000020   Code   RO          475    i.MX_CRC_Init       crc.o
    0x08005f0c   0x08005f0c   0x0000003c   Code   RO          517    i.MX_DAC_Init       dac.o
    0x08005f48   0x08005f48   0x00000040   Code   RO          583    i.MX_DMA2D_Init     dma2d.o
    0x08005f88   0x08005f88   0x00000048   Code   RO          557    i.MX_DMA_Init       dma.o
    0x08005fd0   0x08005fd0   0x00000078   Code   RO          627    i.MX_FMC_Init       fmc.o
    0x08006048   0x08006048   0x00000098   Code   RO          341    i.MX_FREERTOS_Init  freertos.o
    0x080060e0   0x080060e0   0x00000228   Code   RO          315    i.MX_GPIO_Init      gpio.o
    0x08006308   0x08006308   0x00000058   Code   RO          678    i.MX_I2C3_Init      i2c.o
    0x08006360   0x08006360   0x0000010c   Code   RO          720    i.MX_LTDC_Init      ltdc.o
    0x0800646c   0x0800646c   0x00000044   Code   RO          762    i.MX_SPI5_Init      spi.o
    0x080064b0   0x080064b0   0x00000070   Code   RO          804    i.MX_TIM1_Init      tim.o
    0x08006520   0x08006520   0x00000038   Code   RO          846    i.MX_USART1_UART_Init  usart.o
    0x08006558   0x08006558   0x00000004   Code   RO          893    i.MemManage_Handler  stm32f4xx_it.o
    0x0800655c   0x0800655c   0x00000004   Code   RO          894    i.NMI_Handler       stm32f4xx_it.o
    0x08006560   0x08006560   0x00000094   Code   RO         4298    i.SPI_EndRxTransaction  stm32f4xx_hal_spi.o
    0x080065f4   0x080065f4   0x00000088   Code   RO         4299    i.SPI_EndRxTxTransaction  stm32f4xx_hal_spi.o
    0x0800667c   0x0800667c   0x000000d8   Code   RO         4304    i.SPI_WaitFlagStateUntilTimeout  stm32f4xx_hal_spi.o
    0x08006754   0x08006754   0x00000014   Code   RO         7362    i.SPIx_Error        stm32f429i_discovery.o
    0x08006768   0x08006768   0x00000054   Code   RO         7363    i.SPIx_Init         stm32f429i_discovery.o
    0x080067bc   0x080067bc   0x00000074   Code   RO         7364    i.SPIx_MspInit      stm32f429i_discovery.o
    0x08006830   0x08006830   0x00000028   Code   RO         7365    i.SPIx_Read         stm32f429i_discovery.o
    0x08006858   0x08006858   0x00000024   Code   RO         7366    i.SPIx_Write        stm32f429i_discovery.o
    0x0800687c   0x0800687c   0x00000148   Code   RO          342    i.Screen_task       freertos.o
    0x080069c4   0x080069c4   0x0000000a   Code   RO          343    i.StartDefaultTask  freertos.o
    0x080069ce   0x080069ce   0x00000002   PAD
    0x080069d0   0x080069d0   0x00000034   Code   RO         7253    i.SysTick_Handler   port.o
    0x08006a04   0x08006a04   0x000000bc   Code   RO           15    i.SystemClock_Config  main.o
    0x08006ac0   0x08006ac0   0x00000014   Code   RO         5930    i.SystemInit        system_stm32f4xx.o
    0x08006ad4   0x08006ad4   0x00000020   Code   RO          895    i.TIM6_DAC_IRQHandler  stm32f4xx_it.o
    0x08006af4   0x08006af4   0x000000e8   Code   RO         4667    i.TIM_Base_SetConfig  stm32f4xx_hal_tim.o
    0x08006bdc   0x08006bdc   0x00000016   Code   RO         4678    i.TIM_ETR_SetConfig  stm32f4xx_hal_tim.o
    0x08006bf2   0x08006bf2   0x00000012   Code   RO         4679    i.TIM_ITRx_SetConfig  stm32f4xx_hal_tim.o
    0x08006c04   0x08006c04   0x00000026   Code   RO         4685    i.TIM_TI1_ConfigInputStage  stm32f4xx_hal_tim.o
    0x08006c2a   0x08006c2a   0x00000028   Code   RO         4687    i.TIM_TI2_ConfigInputStage  stm32f4xx_hal_tim.o
    0x08006c52   0x08006c52   0x00000002   PAD
    0x08006c54   0x08006c54   0x0000022c   Code   RO         5613    i.UART_SetConfig    stm32f4xx_hal_uart.o
    0x08006e80   0x08006e80   0x00000004   Code   RO          896    i.UsageFault_Handler  stm32f4xx_it.o
    0x08006e84   0x08006e84   0x00000010   Code   RO         2193    i.__NVIC_GetPriorityGrouping  stm32f4xx_hal_cortex.o
    0x08006e94   0x08006e94   0x00000028   Code   RO         2194    i.__NVIC_SetPriority  stm32f4xx_hal_cortex.o
    0x08006ebc   0x08006ebc   0x00000004   Code   RO         8463    i._sys_exit         redirect.o
    0x08006ec0   0x08006ec0   0x0000000a   Code   RO         8117    i.ili9341_DisplayOff  ili9341.o
    0x08006eca   0x08006eca   0x0000000a   Code   RO         8118    i.ili9341_DisplayOn  ili9341.o
    0x08006ed4   0x08006ed4   0x00000006   Code   RO         8119    i.ili9341_GetLcdPixelHeight  ili9341.o
    0x08006eda   0x08006eda   0x00000004   Code   RO         8120    i.ili9341_GetLcdPixelWidth  ili9341.o
    0x08006ede   0x08006ede   0x00000290   Code   RO         8121    i.ili9341_Init      ili9341.o
    0x0800716e   0x0800716e   0x00000010   Code   RO         8122    i.ili9341_ReadData  ili9341.o
    0x0800717e   0x0800717e   0x00000012   Code   RO         8123    i.ili9341_ReadID    ili9341.o
    0x08007190   0x08007190   0x0000000c   Code   RO         8124    i.ili9341_WriteData  ili9341.o
    0x0800719c   0x0800719c   0x0000000c   Code   RO         8125    i.ili9341_WriteReg  ili9341.o
    0x080071a8   0x080071a8   0x0000008c   Code   RO           16    i.main              main.o
    0x08007234   0x08007234   0x0000000e   Code   RO         6818    i.makeFreeRtosPriority  cmsis_os.o
    0x08007242   0x08007242   0x00000018   Code   RO         6820    i.osDelay           cmsis_os.o
    0x0800725a   0x0800725a   0x0000000a   Code   RO         6823    i.osKernelStart     cmsis_os.o
    0x08007264   0x08007264   0x00000028   Code   RO         6832    i.osMessageCreate   cmsis_os.o
    0x0800728c   0x0800728c   0x0000005e   Code   RO         6857    i.osThreadCreate    cmsis_os.o
    0x080072ea   0x080072ea   0x00000002   PAD
    0x080072ec   0x080072ec   0x00000098   Code   RO         6465    i.prvAddCurrentTaskToDelayedList  tasks.o
    0x08007384   0x08007384   0x000000b4   Code   RO         6466    i.prvAddNewTaskToReadyList  tasks.o
    0x08007438   0x08007438   0x00000048   Code   RO         6467    i.prvCheckTasksWaitingTermination  tasks.o
    0x08007480   0x08007480   0x00000050   Code   RO         6468    i.prvDeleteTCB      tasks.o
    0x080074d0   0x080074d0   0x0000007c   Code   RO         7185    i.prvHeapInit       heap_4.o
    0x0800754c   0x0800754c   0x0000002c   Code   RO         6469    i.prvIdleTask       tasks.o
    0x08007578   0x08007578   0x00000026   Code   RO         6111    i.prvInitialiseNewQueue  queue.o
    0x0800759e   0x0800759e   0x000000c0   Code   RO         6470    i.prvInitialiseNewTask  tasks.o
    0x0800765e   0x0800765e   0x00000002   PAD
    0x08007660   0x08007660   0x00000068   Code   RO         6471    i.prvInitialiseTaskLists  tasks.o
    0x080076c8   0x080076c8   0x00000068   Code   RO         7186    i.prvInsertBlockIntoFreeList  heap_4.o
    0x08007730   0x08007730   0x00000034   Code   RO         6472    i.prvResetNextTaskUnblockTime  tasks.o
    0x08007764   0x08007764   0x00000040   Code   RO         7254    i.prvTaskExitError  port.o
    0x080077a4   0x080077a4   0x00000154   Code   RO         7187    i.pvPortMalloc      heap_4.o
    0x080078f8   0x080078f8   0x0000002c   Code   RO         7255    i.pxPortInitialiseStack  port.o
    0x08007924   0x08007924   0x00000012   Code   RO         8186    i.stmpe811_ClearGlobalIT  stmpe811.o
    0x08007936   0x08007936   0x00000020   Code   RO         8187    i.stmpe811_DisableGlobalIT  stmpe811.o
    0x08007956   0x08007956   0x00000020   Code   RO         8188    i.stmpe811_DisableITSource  stmpe811.o
    0x08007976   0x08007976   0x00000020   Code   RO         8189    i.stmpe811_EnableGlobalIT  stmpe811.o
    0x08007996   0x08007996   0x00000020   Code   RO         8190    i.stmpe811_EnableITSource  stmpe811.o
    0x080079b6   0x080079b6   0x00000002   PAD
    0x080079b8   0x080079b8   0x00000024   Code   RO         8191    i.stmpe811_GetInstance  stmpe811.o
    0x080079dc   0x080079dc   0x00000038   Code   RO         8193    i.stmpe811_IO_ClearIT  stmpe811.o
    0x08007a14   0x08007a14   0x000000ea   Code   RO         8194    i.stmpe811_IO_Config  stmpe811.o
    0x08007afe   0x08007afe   0x00000022   Code   RO         8195    i.stmpe811_IO_DisableAF  stmpe811.o
    0x08007b20   0x08007b20   0x00000014   Code   RO         8196    i.stmpe811_IO_DisableIT  stmpe811.o
    0x08007b34   0x08007b34   0x00000020   Code   RO         8198    i.stmpe811_IO_EnableAF  stmpe811.o
    0x08007b54   0x08007b54   0x00000018   Code   RO         8199    i.stmpe811_IO_EnableIT  stmpe811.o
    0x08007b6c   0x08007b6c   0x00000022   Code   RO         8200    i.stmpe811_IO_EnablePinIT  stmpe811.o
    0x08007b8e   0x08007b8e   0x00000012   Code   RO         8201    i.stmpe811_IO_ITStatus  stmpe811.o
    0x08007ba0   0x08007ba0   0x0000002e   Code   RO         8202    i.stmpe811_IO_InitPin  stmpe811.o
    0x08007bce   0x08007bce   0x00000012   Code   RO         8203    i.stmpe811_IO_ReadPin  stmpe811.o
    0x08007be0   0x08007be0   0x00000056   Code   RO         8204    i.stmpe811_IO_SetEdgeMode  stmpe811.o
    0x08007c36   0x08007c36   0x00000028   Code   RO         8205    i.stmpe811_IO_Start  stmpe811.o
    0x08007c5e   0x08007c5e   0x00000022   Code   RO         8206    i.stmpe811_IO_WritePin  stmpe811.o
    0x08007c80   0x08007c80   0x00000030   Code   RO         8207    i.stmpe811_Init     stmpe811.o
    0x08007cb0   0x08007cb0   0x00000012   Code   RO         8208    i.stmpe811_ReadGITStatus  stmpe811.o
    0x08007cc2   0x08007cc2   0x00000020   Code   RO         8209    i.stmpe811_ReadID   stmpe811.o
    0x08007ce2   0x08007ce2   0x00000026   Code   RO         8210    i.stmpe811_Reset    stmpe811.o
    0x08007d08   0x08007d08   0x00000024   Code   RO         8211    i.stmpe811_SetITPolarity  stmpe811.o
    0x08007d2c   0x08007d2c   0x00000024   Code   RO         8212    i.stmpe811_SetITType  stmpe811.o
    0x08007d50   0x08007d50   0x0000000e   Code   RO         8213    i.stmpe811_TS_ClearIT  stmpe811.o
    0x08007d5e   0x08007d5e   0x0000003c   Code   RO         8214    i.stmpe811_TS_DetectTouch  stmpe811.o
    0x08007d9a   0x08007d9a   0x00000014   Code   RO         8215    i.stmpe811_TS_DisableIT  stmpe811.o
    0x08007dae   0x08007dae   0x00000018   Code   RO         8216    i.stmpe811_TS_EnableIT  stmpe811.o
    0x08007dc6   0x08007dc6   0x00000058   Code   RO         8217    i.stmpe811_TS_GetXY  stmpe811.o
    0x08007e1e   0x08007e1e   0x0000000e   Code   RO         8218    i.stmpe811_TS_ITStatus  stmpe811.o
    0x08007e2c   0x08007e2c   0x000000a4   Code   RO         8219    i.stmpe811_TS_Start  stmpe811.o
    0x08007ed0   0x08007ed0   0x00000028   Code   RO         6067    i.uxListRemove      list.o
    0x08007ef8   0x08007ef8   0x00000018   Code   RO          344    i.vApplicationGetIdleTaskMemory  freertos.o
    0x08007f10   0x08007f10   0x00000002   Code   RO          345    i.vApplicationIdleHook  freertos.o
    0x08007f12   0x08007f12   0x00000002   Code   RO          346    i.vApplicationMallocFailedHook  freertos.o
    0x08007f14   0x08007f14   0x00000002   Code   RO          347    i.vApplicationStackOverflowHook  freertos.o
    0x08007f16   0x08007f16   0x0000001a   Code   RO         6068    i.vListInitialise   list.o
    0x08007f30   0x08007f30   0x00000006   Code   RO         6069    i.vListInitialiseItem  list.o
    0x08007f36   0x08007f36   0x00000034   Code   RO         6070    i.vListInsert       list.o
    0x08007f6a   0x08007f6a   0x00000018   Code   RO         6071    i.vListInsertEnd    list.o
    0x08007f82   0x08007f82   0x00000002   PAD
    0x08007f84   0x08007f84   0x00000054   Code   RO         7257    i.vPortEnterCritical  port.o
    0x08007fd8   0x08007fd8   0x0000003c   Code   RO         7258    i.vPortExitCritical  port.o
    0x08008014   0x08008014   0x000000a4   Code   RO         7188    i.vPortFree         heap_4.o
    0x080080b8   0x080080b8   0x00000028   Code   RO         7259    i.vPortSetupTimerInterrupt  port.o
    0x080080e0   0x080080e0   0x0000005c   Code   RO         6481    i.vTaskDelay        tasks.o
    0x0800813c   0x0800813c   0x000000b0   Code   RO         6495    i.vTaskStartScheduler  tasks.o
    0x080081ec   0x080081ec   0x00000010   Code   RO         6497    i.vTaskSuspendAll   tasks.o
    0x080081fc   0x080081fc   0x000000c4   Code   RO         6498    i.vTaskSwitchContext  tasks.o
    0x080082c0   0x080082c0   0x00000168   Code   RO         7261    i.xPortStartScheduler  port.o
    0x08008428   0x08008428   0x0000005a   Code   RO         6125    i.xQueueGenericCreate  queue.o
    0x08008482   0x08008482   0x000000e0   Code   RO         6126    i.xQueueGenericCreateStatic  queue.o
    0x08008562   0x08008562   0x00000002   PAD
    0x08008564   0x08008564   0x00000098   Code   RO         6127    i.xQueueGenericReset  queue.o
    0x080085fc   0x080085fc   0x00000064   Code   RO         6502    i.xTaskCreate       tasks.o
    0x08008660   0x08008660   0x000000ba   Code   RO         6503    i.xTaskCreateStatic  tasks.o
    0x0800871a   0x0800871a   0x00000002   PAD
    0x0800871c   0x0800871c   0x00000148   Code   RO         6512    i.xTaskIncrementTick  tasks.o
    0x08008864   0x08008864   0x00000098   Code   RO         6517    i.xTaskRemoveFromEventList  tasks.o
    0x080088fc   0x080088fc   0x00000104   Code   RO         6518    i.xTaskResumeAll    tasks.o
    0x08008a00   0x08008a00   0x0000000a   Code   RO         8633    x$fpl$fpinit        fz_wm.l(fpinit.o)
    0x08008a0a   0x08008a0a   0x00000002   PAD
    0x08008a0c   0x08008a0c   0x00000080   Data   RO          349    .constdata          freertos.o
    0x08008a8c   0x08008a8c   0x00000008   Data   RO         1891    .constdata          stm32f4xx_hal_dma.o
    0x08008a94   0x08008a94   0x00000018   Data   RO         5931    .constdata          system_stm32f4xx.o
    0x08008aac   0x08008aac   0x00003cdc   Data   RO         7686    .constdata          stm32f429i_discovery_lcd.o
    0x0800c788   0x0800c788   0x0000001b   Data   RO          350    .conststring        freertos.o
    0x0800c7a3   0x0800c7a3   0x00000001   PAD
    0x0800c7a4   0x0800c7a4   0x00000020   Data   RO         8689    Region$$Table       anon$$obj.o


    Execution Region RW_IRAM2 (Exec base: 0x10000000, Load base: 0x0800c85c, Size: 0x00000000, Max: 0x00010000, ABSOLUTE)

    **** No section assigned to this execution region ****


    Execution Region RW_IRAM1 (Exec base: 0x20000000, Load base: 0x0800c7c4, Size: 0x00009a00, Max: 0x00030000, ABSOLUTE, COMPRESSED[0x00000098])

    Exec Addr    Load Addr    Size         Type   Attr      Idx    E Section Name        Object

    0x20000000   COMPRESSED   0x00000014   Data   RW          351    .data               freertos.o
    0x20000014   COMPRESSED   0x00000008   Data   RW          476    .data               crc.o
    0x2000001c   COMPRESSED   0x00000008   Data   RW          629    .data               fmc.o
    0x20000024   COMPRESSED   0x00000009   Data   RW         2349    .data               stm32f4xx_hal.o
    0x2000002d   COMPRESSED   0x00000003   PAD
    0x20000030   COMPRESSED   0x00000004   Data   RW         5932    .data               system_stm32f4xx.o
    0x20000034   COMPRESSED   0x0000003c   Data   RW         6521    .data               tasks.o
    0x20000070   COMPRESSED   0x00000020   Data   RW         7194    .data               heap_4.o
    0x20000090   COMPRESSED   0x0000000c   Data   RW         7262    .data               port.o
    0x2000009c   COMPRESSED   0x00000015   Data   RW         7370    .data               stm32f429i_discovery.o
    0x200000b1   COMPRESSED   0x00000003   PAD
    0x200000b4   COMPRESSED   0x00000030   Data   RW         7687    .data               stm32f429i_discovery_lcd.o
    0x200000e4   COMPRESSED   0x00000001   Data   RW         7997    .data               stm32f429i_discovery_sdram.o
    0x200000e5   COMPRESSED   0x00000003   PAD
    0x200000e8   COMPRESSED   0x00000010   Data   RW         8072    .data               stm32f429i_discovery_ts.o
    0x200000f8   COMPRESSED   0x00000038   Data   RW         8126    .data               ili9341.o
    0x20000130   COMPRESSED   0x00000056   Data   RW         8220    .data               stmpe811.o
    0x20000186   COMPRESSED   0x00000002   PAD
    0x20000188        -       0x00000a28   Zero   RW          348    .bss                freertos.o
    0x20000bb0        -       0x00000150   Zero   RW          429    .bss                adc.o
    0x20000d00        -       0x00000014   Zero   RW          518    .bss                dac.o
    0x20000d14        -       0x00000040   Zero   RW          584    .bss                dma2d.o
    0x20000d54        -       0x00000034   Zero   RW          628    .bss                fmc.o
    0x20000d88        -       0x00000054   Zero   RW          679    .bss                i2c.o
    0x20000ddc        -       0x000000a8   Zero   RW          721    .bss                ltdc.o
    0x20000e84        -       0x00000058   Zero   RW          763    .bss                spi.o
    0x20000edc        -       0x00000048   Zero   RW          805    .bss                tim.o
    0x20000f24        -       0x00000048   Zero   RW          847    .bss                usart.o
    0x20000f6c        -       0x00000048   Zero   RW         1001    .bss                stm32f4xx_hal_timebase_tim.o
    0x20000fb4        -       0x000000f0   Zero   RW         6520    .bss                tasks.o
    0x200010a4        -       0x00008000   Zero   RW         7193    .bss                heap_4.o
    0x200090a4        -       0x000000ac   Zero   RW         7368    .bss                stm32f429i_discovery.o
    0x20009150        -       0x00000130   Zero   RW         7685    .bss                stm32f429i_discovery_lcd.o
    0x20009280        -       0x00000120   Zero   RW         7996    .bss                stm32f429i_discovery_sdram.o
    0x200093a0        -       0x00000060   Zero   RW         8565    .bss                c_w.l(libspace.o)
    0x20009400        -       0x00000200   Zero   RW            2    HEAP                startup_stm32f429xx.o
    0x20009600        -       0x00000400   Zero   RW            1    STACK               startup_stm32f429xx.o


==============================================================================

Image component sizes


      Code (inc. data)   RO Data    RW Data    ZI Data      Debug   Object Name

       588         56          0          0        336       2782   adc.o
       182          0          0          0          0      23981   cmsis_os.o
        84         18          0          8          0       1639   crc.o
       204         24          0          0         20       1831   dac.o
        72          4          0          0          0        846   dma.o
       136         20          0          0         64       1725   dma2d.o
         0          0          0          0          0      20016   event_groups.o
       402         42          0          8         52       2568   fmc.o
       562         68        155         20       2600       6776   freertos.o
       552         26          0          0          0       1367   gpio.o
       732         72          0         32      32768       7699   heap_4.o
       348         46          0          0         84       2493   i2c.o
       744          0          0         56          0       8268   ili9341.o
       148          0          0          0          0       3794   list.o
       820         40          0          0        168       2498   ltdc.o
       358         20          0          0          0     851692   main.o
       894         78          0         12          0      11556   port.o
       504          6          0          0          0       8635   queue.o
         4          0          0          0          0        548   redirect.o
       252         34          0          0         88       2409   spi.o
        64         26        428          0       1536        880   startup_stm32f429xx.o
      1412        152          0         21        172      20203   stm32f429i_discovery.o
         0          0          0          0          0        892   stm32f429i_discovery_io.o
      1608        168      15580         48        304      22250   stm32f429i_discovery_lcd.o
       788         62          0          1        288       4899   stm32f429i_discovery_sdram.o
        84         18          0         16          0       3668   stm32f429i_discovery_ts.o
       136         24          0          9          0       9130   stm32f4xx_hal.o
      1484         70          0          0          0       7789   stm32f4xx_hal_adc.o
       260         22          0          0          0      33782   stm32f4xx_hal_cortex.o
        32          0          0          0          0       1119   stm32f4xx_hal_crc.o
       282          0          0          0          0       3533   stm32f4xx_hal_dac.o
         2          0          0          0          0       1059   stm32f4xx_hal_dac_ex.o
      1336         16          8          0          0       6608   stm32f4xx_hal_dma.o
      1328          6          0          0          0       7588   stm32f4xx_hal_dma2d.o
       928        102          0          0          0       3182   stm32f4xx_hal_gpio.o
      3084         48          0          0          0      13674   stm32f4xx_hal_i2c.o
       156          0          0          0          0       2027   stm32f4xx_hal_i2c_ex.o
      1220         12          0          0          0       6474   stm32f4xx_hal_ltdc.o
        84          6          0          0          0        934   stm32f4xx_hal_msp.o
       140         12          0          0          0       1356   stm32f4xx_hal_pwr_ex.o
      1888         94          0          0          0       6569   stm32f4xx_hal_rcc.o
       772         26          0          0          0       1672   stm32f4xx_hal_rcc_ex.o
       196          0          0          0          0       2944   stm32f4xx_hal_sdram.o
      2164         14          0          0          0       9630   stm32f4xx_hal_spi.o
      1260         76          0          0          0      10375   stm32f4xx_hal_tim.o
       184         30          0          0          0       2677   stm32f4xx_hal_tim_ex.o
       180         20          0          0         72       1583   stm32f4xx_hal_timebase_tim.o
       674         10          0          0          0       1984   stm32f4xx_hal_uart.o
       118         34          0          0          0       5740   stm32f4xx_it.o
       362          4          0          0          0       5036   stm32f4xx_ll_fmc.o
      1450         14          0         86          0      29589   stmpe811.o
         0          0          0          0          0        392   stream_buffer.o
        20          6         24          4          0       1243   system_stm32f4xx.o
      2382        294          0         60        240      22224   tasks.o
       164         18          0          0         72       1806   tim.o
       192         22          0          0         72       1846   usart.o

    ----------------------------------------------------------------------
     34068       1960      16228        392      38936    1219480   Object Totals
         0          0         32          0          0          0   (incl. Generated)
        48          0          1         11          0          0   (incl. Padding)

    ----------------------------------------------------------------------

      Code (inc. data)   RO Data    RW Data    ZI Data      Debug   Library Member Name

        90          0          0          0          0          0   __dczerorl2.o
         8          0          0          0          0         68   __main.o
         0          0          0          0          0          0   __rtentry.o
        12          0          0          0          0          0   __rtentry2.o
         6          0          0          0          0          0   __rtentry4.o
        52          8          0          0          0          0   __scatter.o
        28          0          0          0          0          0   __scatter_zi.o
        16          0          0          0          0         68   aeabi_memset.o
        18          0          0          0          0         80   exit.o
         6          0          0          0          0        152   heapauxi.o
         2          0          0          0          0          0   libinit.o
         6          0          0          0          0          0   libinit2.o
         2          0          0          0          0          0   libshutdown.o
         2          0          0          0          0          0   libshutdown2.o
         8          4          0          0         96         68   libspace.o
       238          0          0          0          0        100   lludivv7m.o
        68          0          0          0          0         68   rt_memclr.o
        78          0          0          0          0         80   rt_memclr_w.o
       100          0          0          0          0         80   rt_memcpy_w.o
         2          0          0          0          0          0   rtexit.o
        10          0          0          0          0          0   rtexit2.o
        74          0          0          0          0         80   sys_stackheap_outer.o
         2          0          0          0          0         68   use_no_semi.o
        10          0          0          0          0        116   fpinit.o

    ----------------------------------------------------------------------
       844         12          0          0         96       1028   Library Totals
         6          0          0          0          0          0   (incl. Padding)

    ----------------------------------------------------------------------

      Code (inc. data)   RO Data    RW Data    ZI Data      Debug   Library Name

       828         12          0          0         96        912   c_w.l
        10          0          0          0          0        116   fz_wm.l

    ----------------------------------------------------------------------
       844         12          0          0         96       1028   Library Totals

    ----------------------------------------------------------------------

==============================================================================


      Code (inc. data)   RO Data    RW Data    ZI Data      Debug   

     34912       1972      16228        392      39032    1191844   Grand Totals
     34912       1972      16228        152      39032    1191844   ELF Image Totals (compressed)
     34912       1972      16228        152          0          0   ROM Totals

==============================================================================

    Total RO  Size (Code + RO Data)                51140 (  49.94kB)
    Total RW  Size (RW Data + ZI Data)             39424 (  38.50kB)
    Total ROM Size (Code + RO Data + RW Data)      51292 (  50.09kB)

==============================================================================

