Component: ARM Compiler 5.06 update 7 (build 960) Tool: armlink [4d3601]

==============================================================================

Section Cross References

    startup_stm32f429xx.o(STACK) refers (Special) to heapauxi.o(.text) for __use_two_region_memory
    startup_stm32f429xx.o(HEAP) refers (Special) to heapauxi.o(.text) for __use_two_region_memory
    startup_stm32f429xx.o(RESET) refers (Special) to heapauxi.o(.text) for __use_two_region_memory
    startup_stm32f429xx.o(RESET) refers to startup_stm32f429xx.o(STACK) for __initial_sp
    startup_stm32f429xx.o(RESET) refers to startup_stm32f429xx.o(.text) for Reset_Handler
    startup_stm32f429xx.o(RESET) refers to stm32f4xx_it.o(i.NMI_Handler) for NMI_Handler
    startup_stm32f429xx.o(RESET) refers to stm32f4xx_it.o(i.HardFault_Handler) for HardFault_Handler
    startup_stm32f429xx.o(RESET) refers to stm32f4xx_it.o(i.MemManage_Handler) for MemManage_Handler
    startup_stm32f429xx.o(RESET) refers to stm32f4xx_it.o(i.BusFault_Handler) for BusFault_Handler
    startup_stm32f429xx.o(RESET) refers to stm32f4xx_it.o(i.UsageFault_Handler) for UsageFault_Handler
    startup_stm32f429xx.o(RESET) refers to port.o(.emb_text) for SVC_Handler
    startup_stm32f429xx.o(RESET) refers to stm32f4xx_it.o(i.DebugMon_Handler) for DebugMon_Handler
    startup_stm32f429xx.o(RESET) refers to port.o(i.SysTick_Handler) for SysTick_Handler
    startup_stm32f429xx.o(RESET) refers to stm32f4xx_it.o(i.TIM6_DAC_IRQHandler) for TIM6_DAC_IRQHandler
    startup_stm32f429xx.o(RESET) refers to stm32f4xx_it.o(i.TIM7_IRQHandler) for TIM7_IRQHandler
    startup_stm32f429xx.o(RESET) refers to stm32f4xx_it.o(i.DMA2_Stream4_IRQHandler) for DMA2_Stream4_IRQHandler
    startup_stm32f429xx.o(RESET) refers to stm32f4xx_it.o(i.LTDC_IRQHandler) for LTDC_IRQHandler
    startup_stm32f429xx.o(RESET) refers to stm32f4xx_it.o(i.DMA2D_IRQHandler) for DMA2D_IRQHandler
    startup_stm32f429xx.o(.text) refers (Special) to heapauxi.o(.text) for __use_two_region_memory
    startup_stm32f429xx.o(.text) refers to system_stm32f4xx.o(i.SystemInit) for SystemInit
    startup_stm32f429xx.o(.text) refers to __main.o(!!!main) for __main
    startup_stm32f429xx.o(.text) refers to startup_stm32f429xx.o(HEAP) for Heap_Mem
    startup_stm32f429xx.o(.text) refers to startup_stm32f429xx.o(STACK) for Stack_Mem
    main.o(i.HAL_TIM_PeriodElapsedCallback) refers to stm32f4xx_hal.o(i.HAL_IncTick) for HAL_IncTick
    main.o(i.SystemClock_Config) refers to rt_memclr_w.o(.text) for __aeabi_memclr4
    main.o(i.SystemClock_Config) refers to stm32f4xx_hal_rcc.o(i.HAL_RCC_OscConfig) for HAL_RCC_OscConfig
    main.o(i.SystemClock_Config) refers to main.o(i.Error_Handler) for Error_Handler
    main.o(i.SystemClock_Config) refers to stm32f4xx_hal_pwr_ex.o(i.HAL_PWREx_EnableOverDrive) for HAL_PWREx_EnableOverDrive
    main.o(i.SystemClock_Config) refers to stm32f4xx_hal_rcc.o(i.HAL_RCC_ClockConfig) for HAL_RCC_ClockConfig
    main.o(i.main) refers to stm32f4xx_hal.o(i.HAL_Init) for HAL_Init
    main.o(i.main) refers to main.o(i.SystemClock_Config) for SystemClock_Config
    main.o(i.main) refers to gpio.o(i.MX_GPIO_Init) for MX_GPIO_Init
    main.o(i.main) refers to dma.o(i.MX_DMA_Init) for MX_DMA_Init
    main.o(i.main) refers to crc.o(i.MX_CRC_Init) for MX_CRC_Init
    main.o(i.main) refers to dma2d.o(i.MX_DMA2D_Init) for MX_DMA2D_Init
    main.o(i.main) refers to fmc.o(i.MX_FMC_Init) for MX_FMC_Init
    main.o(i.main) refers to i2c.o(i.MX_I2C3_Init) for MX_I2C3_Init
    main.o(i.main) refers to ltdc.o(i.MX_LTDC_Init) for MX_LTDC_Init
    main.o(i.main) refers to spi.o(i.MX_SPI5_Init) for MX_SPI5_Init
    main.o(i.main) refers to tim.o(i.MX_TIM1_Init) for MX_TIM1_Init
    main.o(i.main) refers to usart.o(i.MX_USART1_UART_Init) for MX_USART1_UART_Init
    main.o(i.main) refers to dac.o(i.MX_DAC_Init) for MX_DAC_Init
    main.o(i.main) refers to adc.o(i.MX_ADC1_Init) for MX_ADC1_Init
    main.o(i.main) refers to tim.o(i.MX_TIM7_Init) for MX_TIM7_Init
    main.o(i.main) refers to stm32f429i_discovery_sdram.o(i.BSP_SDRAM_Init) for BSP_SDRAM_Init
    main.o(i.main) refers to stm32f429i_discovery_lcd.o(i.BSP_LCD_Init) for BSP_LCD_Init
    main.o(i.main) refers to stm32f429i_discovery_lcd.o(i.BSP_LCD_LayerDefaultInit) for BSP_LCD_LayerDefaultInit
    main.o(i.main) refers to stm32f429i_discovery_lcd.o(i.BSP_LCD_SelectLayer) for BSP_LCD_SelectLayer
    main.o(i.main) refers to stm32f429i_discovery_lcd.o(i.BSP_LCD_DisplayOn) for BSP_LCD_DisplayOn
    main.o(i.main) refers to stm32f429i_discovery_lcd.o(i.BSP_LCD_Clear) for BSP_LCD_Clear
    main.o(i.main) refers to stm32f429i_discovery_ts.o(i.BSP_TS_Init) for BSP_TS_Init
    main.o(i.main) refers to stm32f429i_discovery_lcd.o(i.BSP_LCD_SetFont) for BSP_LCD_SetFont
    main.o(i.main) refers to freertos.o(i.MX_FREERTOS_Init) for MX_FREERTOS_Init
    main.o(i.main) refers to cmsis_os.o(i.osKernelStart) for osKernelStart
[...]
    DMA1_Stream6_IRQHandler                  0x08000367   Thumb Code     0  startup_stm32f429xx.o(.text)
    DMA1_Stream7_IRQHandler                  0x08000367   Thumb Code     0  startup_stm32f429xx.o(.text)
    DMA2_Stream0_IRQHandler                  0x08000367   Thumb Code     0  startup_stm32f429xx.o(.text)
    DMA2_Stream1_IRQHandler                  0x08000367   Thumb Code     0  startup_stm32f429xx.o(.text)
    DMA2_Stream2_IRQHandler                  0x08000367   Thumb Code     0  startup_stm32f429xx.o(.text)
    DMA2_Stream3_IRQHandler                  0x08000367   Thumb Code     0  startup_stm32f429xx.o(.text)
    DMA2_Stream5_IRQHandler                  0x08000367   Thumb Code     0  startup_stm32f429xx.o(.text)
    DMA2_Stream6_IRQHandler                  0x08000367   Thumb Code     0  startup_stm32f429xx.o(.text)
    DMA2_Stream7_IRQHandler                  0x08000367   Thumb Code     0  startup_stm32f429xx.o(.text)
    ETH_IRQHandler                           0x08000367   Thumb Code     0  startup_stm32f429xx.o(.text)
    ETH_WKUP_IRQHandler                      0x08000367   Thumb Code     0  startup_stm32f429xx.o(.text)
    EXTI0_IRQHandler                         0x08000367   Thumb Code     0  startup_stm32f429xx.o(.text)
    EXTI15_10_IRQHandler                     0x08000367   Thumb Code     0  startup_stm32f429xx.o(.text)
    EXTI1_IRQHandler                         0x08000367   Thumb Code     0  startup_stm32f429xx.o(.text)
    EXTI2_IRQHandler                         0x08000367   Thumb Code     0  startup_stm32f429xx.o(.text)
    EXTI3_IRQHandler                         0x08000367   Thumb Code     0  startup_stm32f429xx.o(.text)
    EXTI4_IRQHandler                         0x08000367   Thumb Code     0  startup_stm32f429xx.o(.text)
    EXTI9_5_IRQHandler                       0x08000367   Thumb Code     0  startup_stm32f429xx.o(.text)
    FLASH_IRQHandler                         0x08000367   Thumb Code     0  startup_stm32f429xx.o(.text)
    FMC_IRQHandler                           0x08000367   Thumb Code     0  startup_stm32f429xx.o(.text)
    FPU_IRQHandler                           0x08000367   Thumb Code     0  startup_stm32f429xx.o(.text)
    HASH_RNG_IRQHandler                      0x08000367   Thumb Code     0  startup_stm32f429xx.o(.text)
    I2C1_ER_IRQHandler                       0x08000367   Thumb Code     0  startup_stm32f429xx.o(.text)
    I2C1_EV_IRQHandler                       0x08000367   Thumb Code     0  startup_stm32f429xx.o(.text)
    I2C2_ER_IRQHandler                       0x08000367   Thumb Code     0  startup_stm32f429xx.o(.text)
    I2C2_EV_IRQHandler                       0x08000367   Thumb Code     0  startup_stm32f429xx.o(.text)
    I2C3_ER_IRQHandler                       0x08000367   Thumb Code     0  startup_stm32f429xx.o(.text)
    I2C3_EV_IRQHandler                       0x08000367   Thumb Code     0  startup_stm32f429xx.o(.text)
    LTDC_ER_IRQHandler                       0x08000367   Thumb Code     0  startup_stm32f429xx.o(.text)
    OTG_FS_IRQHandler                        0x08000367   Thumb Code     0  startup_stm32f429xx.o(.text)
    OTG_FS_WKUP_IRQHandler                   0x08000367   Thumb Code     0  startup_stm32f429xx.o(.text)
    OTG_HS_EP1_IN_IRQHandler                 0x08000367   Thumb Code     0  startup_stm32f429xx.o(.text)
    OTG_HS_EP1_OUT_IRQHandler                0x08000367   Thumb Code     0  startup_stm32f429xx.o(.text)
    OTG_HS_IRQHandler                        0x08000367   Thumb Code     0  startup_stm32f429xx.o(.text)
    OTG_HS_WKUP_IRQHandler                   0x08000367   Thumb Code     0  startup_stm32f429xx.o(.text)
    PVD_IRQHandler                           0x08000367   Thumb Code     0  startup_stm32f429xx.o(.text)
    RCC_IRQHandler                           0x08000367   Thumb Code     0  startup_stm32f429xx.o(.text)
    RTC_Alarm_IRQHandler                     0x08000367   Thumb Code     0  startup_stm32f429xx.o(.text)
    RTC_WKUP_IRQHandler                      0x08000367   Thumb Code     0  startup_stm32f429xx.o(.text)
    SAI1_IRQHandler                          0x08000367   Thumb Code     0  startup_stm32f429xx.o(.text)
    SDIO_IRQHandler                          0x08000367   Thumb Code     0  startup_stm32f429xx.o(.text)
    SPI1_IRQHandler                          0x08000367   Thumb Code     0  startup_stm32f429xx.o(.text)
    SPI2_IRQHandler                          0x08000367   Thumb Code     0  startup_stm32f429xx.o(.text)
    SPI3_IRQHandler                          0x08000367   Thumb Code     0  startup_stm32f429xx.o(.text)
    SPI4_IRQHandler                          0x08000367   Thumb Code     0  startup_stm32f429xx.o(.text)
    SPI5_IRQHandler                          0x08000367   Thumb Code     0  startup_stm32f429xx.o(.text)
    SPI6_IRQHandler                          0x08000367   Thumb Code     0  startup_stm32f429xx.o(.text)
    TAMP_STAMP_IRQHandler                    0x08000367   Thumb Code     0  startup_stm32f429xx.o(.text)
    TIM1_BRK_TIM9_IRQHandler                 0x08000367   Thumb Code     0  startup_stm32f429xx.o(.text)
    TIM1_CC_IRQHandler                       0x08000367   Thumb Code     0  startup_stm32f429xx.o(.text)
    TIM1_TRG_COM_TIM11_IRQHandler            0x08000367   Thumb Code     0  startup_stm32f429xx.o(.text)
    TIM1_UP_TIM10_IRQHandler                 0x08000367   Thumb Code     0  startup_stm32f429xx.o(.text)
    TIM2_IRQHandler                          0x08000367   Thumb Code     0  startup_stm32f429xx.o(.text)
    TIM3_IRQHandler                          0x08000367   Thumb Code     0  startup_stm32f429xx.o(.text)
    TIM4_IRQHandler                          0x08000367   Thumb Code     0  startup_stm32f429xx.o(.text)
    TIM5_IRQHandler                          0x08000367   Thumb Code     0  startup_stm32f429xx.o(.text)
    TIM8_BRK_TIM12_IRQHandler                0x08000367   Thumb Code     0  startup_stm32f429xx.o(.text)
    TIM8_CC_IRQHandler                       0x08000367   Thumb Code     0  startup_stm32f429xx.o(.text)
    TIM8_TRG_COM_TIM14_IRQHandler            0x08000367   Thumb Code     0  startup_stm32f429xx.o(.text)
    TIM8_UP_TIM13_IRQHandler                 0x08000367   Thumb Code     0  startup_stm32f429xx.o(.text)
    UART4_IRQHandler                         0x08000367   Thumb Code     0  startup_stm32f429xx.o(.text)
    UART5_IRQHandler                         0x08000367   Thumb Code     0  startup_stm32f429xx.o(.text)
    UART7_IRQHandler                         0x08000367   Thumb Code     0  startup_stm32f429xx.o(.text)
    UART8_IRQHandler                         0x08000367   Thumb Code     0  startup_stm32f429xx.o(.text)
    USART1_IRQHandler                        0x08000367   Thumb Code     0  startup_stm32f429xx.o(.text)
    USART2_IRQHandler                        0x08000367   Thumb Code     0  startup_stm32f429xx.o(.text)
    USART3_IRQHandler                        0x08000367   Thumb Code     0  startup_stm32f429xx.o(.text)
    USART6_IRQHandler                        0x08000367   Thumb Code     0  startup_stm32f429xx.o(.text)
    WWDG_IRQHandler                          0x08000367   Thumb Code     0  startup_stm32f429xx.o(.text)
    __user_initial_stackheap                 0x08000369   Thumb Code     0  startup_stm32f429xx.o(.text)
    __I$use$semihosting                      0x0800038d   Thumb Code     0  use_no_semi.o(.text)
    __use_no_semihosting_swi                 0x0800038d   Thumb Code     2  use_no_semi.o(.text)
    __aeabi_uldivmod                         0x0800038f   Thumb Code     0  lludivv7m.o(.text)
    _ll_udiv                                 0x0800038f   Thumb Code   238  lludivv7m.o(.text)
    __aeabi_memcpy4                          0x0800047d   Thumb Code     0  rt_memcpy_w.o(.text)
    __aeabi_memcpy8                          0x0800047d   Thumb Code     0  rt_memcpy_w.o(.text)
    __rt_memcpy_w                            0x0800047d   Thumb Code   100  rt_memcpy_w.o(.text)
    _memcpy_lastbytes_aligned                0x080004c5   Thumb Code     0  rt_memcpy_w.o(.text)
    __aeabi_memset                           0x080004e1   Thumb Code    16  aeabi_memset.o(.text)
    __aeabi_memclr4                          0x080004f1   Thumb Code     0  rt_memclr_w.o(.text)
    __aeabi_memclr8                          0x080004f1   Thumb Code     0  rt_memclr_w.o(.text)
    __rt_memclr_w                            0x080004f1   Thumb Code    78  rt_memclr_w.o(.text)
    _memset_w                                0x080004f5   Thumb Code     0  rt_memclr_w.o(.text)
    __use_two_region_memory                  0x0800053f   Thumb Code     2  heapauxi.o(.text)
    __rt_heap_escrow$2region                 0x08000541   Thumb Code     2  heapauxi.o(.text)
    __rt_heap_expand$2region                 0x08000543   Thumb Code     2  heapauxi.o(.text)
    __aeabi_memclr                           0x08000545   Thumb Code     0  rt_memclr.o(.text)
    __rt_memclr                              0x08000545   Thumb Code    68  rt_memclr.o(.text)
    _memset                                  0x08000549   Thumb Code     0  rt_memclr.o(.text)
    __user_setup_stackheap                   0x08000589   Thumb Code    74  sys_stackheap_outer.o(.text)
    exit                                     0x080005d3   Thumb Code    18  exit.o(.text)
    __user_libspace                          0x080005e5   Thumb Code     8  libspace.o(.text)
    __user_perproc_libspace                  0x080005e5   Thumb Code     0  libspace.o(.text)
    __user_perthread_libspace                0x080005e5   Thumb Code     0  libspace.o(.text)
    ADC_Ctrl                                 0x080005ed   Thumb Code    22  freertos.o(i.ADC_Ctrl)
    BSP_LCD_Clear                            0x08000815   Thumb Code    56  stm32f429i_discovery_lcd.o(i.BSP_LCD_Clear)
    BSP_LCD_DisplayChar                      0x08000855   Thumb Code    96  stm32f429i_discovery_lcd.o(i.BSP_LCD_DisplayChar)
    BSP_LCD_DisplayOn                        0x080008bd   Thumb Code    20  stm32f429i_discovery_lcd.o(i.BSP_LCD_DisplayOn)
    BSP_LCD_DisplayStringAt                  0x080008d5   Thumb Code   272  stm32f429i_discovery_lcd.o(i.BSP_LCD_DisplayStringAt)
    BSP_LCD_DrawPixel                        0x080009ed   Thumb Code    42  stm32f429i_discovery_lcd.o(i.BSP_LCD_DrawPixel)
    BSP_LCD_FillRect                         0x08000a21   Thumb Code   110  stm32f429i_discovery_lcd.o(i.BSP_LCD_FillRect)
    BSP_LCD_GetXSize                         0x08000a9d   Thumb Code    12  stm32f429i_discovery_lcd.o(i.BSP_LCD_GetXSize)
    BSP_LCD_GetYSize                         0x08000aad   Thumb Code    12  stm32f429i_discovery_lcd.o(i.BSP_LCD_GetYSize)
    BSP_LCD_Init                             0x08000abd   Thumb Code   144  stm32f429i_discovery_lcd.o(i.BSP_LCD_Init)
    BSP_LCD_LayerDefaultInit                 0x08000b65   Thumb Code   138  stm32f429i_discovery_lcd.o(i.BSP_LCD_LayerDefaultInit)
    BSP_LCD_MspInit                          0x08000bfd   Thumb Code   384  stm32f429i_discovery_lcd.o(i.BSP_LCD_MspInit)
    BSP_LCD_SelectLayer                      0x08000d99   Thumb Code     6  stm32f429i_discovery_lcd.o(i.BSP_LCD_SelectLayer)
    BSP_LCD_SetFont                          0x08000da5   Thumb Code    18  stm32f429i_discovery_lcd.o(i.BSP_LCD_SetFont)
    BSP_LCD_SetTextColor                     0x08000dc1   Thumb Code    16  stm32f429i_discovery_lcd.o(i.BSP_LCD_SetTextColor)
    BSP_SDRAM_Init                           0x08000dd9   Thumb Code   128  stm32f429i_discovery_sdram.o(i.BSP_SDRAM_Init)
    BSP_SDRAM_Initialization_sequence        0x08000e69   Thumb Code   142  stm32f429i_discovery_sdram.o(i.BSP_SDRAM_Initialization_sequence)
    BSP_SDRAM_MspInit                        0x08000f01   Thumb Code   456  stm32f429i_discovery_sdram.o(i.BSP_SDRAM_MspInit)
    BSP_TS_GetState                          0x080010ed   Thumb Code   316  stm32f429i_discovery_ts.o(i.BSP_TS_GetState)
    BSP_TS_Init                              0x0800123d   Thumb Code    66  stm32f429i_discovery_ts.o(i.BSP_TS_Init)
    BusFault_Handler                         0x08001291   Thumb Code     4  stm32f4xx_it.o(i.BusFault_Handler)
    DAC_Ctrl                                 0x08001295   Thumb Code    10  freertos.o(i.DAC_Ctrl)
    DMA2D_IRQHandler                         0x080012a1   Thumb Code    10  stm32f4xx_it.o(i.DMA2D_IRQHandler)
    DMA2_Stream4_IRQHandler                  0x08001399   Thumb Code    10  stm32f4xx_it.o(i.DMA2_Stream4_IRQHandler)
    DebugMon_Handler                         0x080014b3   Thumb Code     2  stm32f4xx_it.o(i.DebugMon_Handler)
    Error_Handler                            0x080015bd   Thumb Code     6  main.o(i.Error_Handler)
    ExtInt                                   0x080015c5   Thumb Code   234  freertos.o(i.ExtInt)
    FMC_SDRAM_Init                           0x080016c1   Thumb Code   108  stm32f4xx_ll_fmc.o(i.FMC_SDRAM_Init)
    FMC_SDRAM_ProgramRefreshRate             0x0800172d   Thumb Code    20  stm32f4xx_ll_fmc.o(i.FMC_SDRAM_ProgramRefreshRate)
    FMC_SDRAM_SendCommand                    0x08001741   Thumb Code    86  stm32f4xx_ll_fmc.o(i.FMC_SDRAM_SendCommand)
    FMC_SDRAM_Timing_Init                    0x08001799   Thumb Code   144  stm32f4xx_ll_fmc.o(i.FMC_SDRAM_Timing_Init)
    HAL_ADC_ConfigChannel                    0x0800188d   Thumb Code   400  stm32f4xx_hal_adc.o(i.HAL_ADC_ConfigChannel)
    HAL_ADC_ConvCpltCallback                 0x08001a31   Thumb Code     2  stm32f4xx_hal_adc.o(i.HAL_ADC_ConvCpltCallback)
    HAL_ADC_ConvHalfCpltCallback             0x08001a33   Thumb Code     2  stm32f4xx_hal_adc.o(i.HAL_ADC_ConvHalfCpltCallback)
    HAL_ADC_ErrorCallback                    0x08001a35   Thumb Code     2  stm32f4xx_hal_adc.o(i.HAL_ADC_ErrorCallback)
    HAL_ADC_Init                             0x08001a39   Thumb Code   100  stm32f4xx_hal_adc.o(i.HAL_ADC_Init)
    HAL_ADC_MspInit                          0x08001aa1   Thumb Code   176  adc.o(i.HAL_ADC_MspInit)
    HAL_ADC_Start_DMA                        0x08001b65   Thumb Code   398  stm32f4xx_hal_adc.o(i.HAL_ADC_Start_DMA)
    HAL_CRC_Init                             0x08001d19   Thumb Code    32  stm32f4xx_hal_crc.o(i.HAL_CRC_Init)
    HAL_CRC_MspInit                          0x08001d39   Thumb Code    44  crc.o(i.HAL_CRC_MspInit)
    HAL_DACEx_DMAUnderrunCallbackCh2         0x08001d6d   Thumb Code     2  stm32f4xx_hal_dac_ex.o(i.HAL_DACEx_DMAUnderrunCallbackCh2)
    HAL_DAC_ConfigChannel                    0x08001d6f   Thumb Code   110  stm32f4xx_hal_dac.o(i.HAL_DAC_ConfigChannel)
    HAL_DAC_DMAUnderrunCallbackCh1           0x08001ddd   Thumb Code     2  stm32f4xx_hal_dac.o(i.HAL_DAC_DMAUnderrunCallbackCh1)
    HAL_DAC_IRQHandler                       0x08001ddf   Thumb Code   130  stm32f4xx_hal_dac.o(i.HAL_DAC_IRQHandler)
    HAL_DAC_Init                             0x08001e61   Thumb Code    40  stm32f4xx_hal_dac.o(i.HAL_DAC_Init)
    HAL_DAC_MspInit                          0x08001e89   Thumb Code   130  dac.o(i.HAL_DAC_MspInit)
    HAL_DMA2D_CLUTLoadingCpltCallback        0x08001f19   Thumb Code     2  stm32f4xx_hal_dma2d.o(i.HAL_DMA2D_CLUTLoadingCpltCallback)
    HAL_DMA2D_ConfigLayer                    0x08001f1d   Thumb Code   198  stm32f4xx_hal_dma2d.o(i.HAL_DMA2D_ConfigLayer)
    HAL_DMA2D_IRQHandler                     0x08001fe9   Thumb Code   358  stm32f4xx_hal_dma2d.o(i.HAL_DMA2D_IRQHandler)
    HAL_DMA2D_Init                           0x0800214f   Thumb Code    96  stm32f4xx_hal_dma2d.o(i.HAL_DMA2D_Init)
    HAL_DMA2D_LineEventCallback              0x080021af   Thumb Code     2  stm32f4xx_hal_dma2d.o(i.HAL_DMA2D_LineEventCallback)
    HAL_DMA2D_MspInit                        0x080021b1   Thumb Code    62  dma2d.o(i.HAL_DMA2D_MspInit)
    HAL_DMA2D_PollForTransfer                0x080021f9   Thumb Code   358  stm32f4xx_hal_dma2d.o(i.HAL_DMA2D_PollForTransfer)
    HAL_DMA2D_Start                          0x0800235f   Thumb Code    78  stm32f4xx_hal_dma2d.o(i.HAL_DMA2D_Start)
    HAL_DMA_DeInit                           0x080023ad   Thumb Code   112  stm32f4xx_hal_dma.o(i.HAL_DMA_DeInit)
    HAL_DMA_IRQHandler                       0x0800241d   Thumb Code   570  stm32f4xx_hal_dma.o(i.HAL_DMA_IRQHandler)
    HAL_DMA_Init                             0x0800265d   Thumb Code   232  stm32f4xx_hal_dma.o(i.HAL_DMA_Init)
    HAL_DMA_Start_IT                         0x08002749   Thumb Code   146  stm32f4xx_hal_dma.o(i.HAL_DMA_Start_IT)
    HAL_Delay                                0x080027dd   Thumb Code    36  stm32f4xx_hal.o(i.HAL_Delay)
    HAL_GPIO_DeInit                          0x08002915   Thumb Code   340  stm32f4xx_hal_gpio.o(i.HAL_GPIO_DeInit)
    HAL_GPIO_Init                            0x08002a99   Thumb Code   474  stm32f4xx_hal_gpio.o(i.HAL_GPIO_Init)
    HAL_GPIO_ReadPin                         0x08002ca9   Thumb Code    16  stm32f4xx_hal_gpio.o(i.HAL_GPIO_ReadPin)
    HAL_GPIO_WritePin                        0x08002cb9   Thumb Code    12  stm32f4xx_hal_gpio.o(i.HAL_GPIO_WritePin)
    HAL_GetTick                              0x08002cc5   Thumb Code     6  stm32f4xx_hal.o(i.HAL_GetTick)
    HAL_I2CEx_ConfigAnalogFilter             0x08002cd1   Thumb Code    76  stm32f4xx_hal_i2c_ex.o(i.HAL_I2CEx_ConfigAnalogFilter)
    HAL_I2CEx_ConfigDigitalFilter            0x08002d1d   Thumb Code    80  stm32f4xx_hal_i2c_ex.o(i.HAL_I2CEx_ConfigDigitalFilter)
    HAL_I2C_DeInit                           0x08002d6d   Thumb Code    60  stm32f4xx_hal_i2c.o(i.HAL_I2C_DeInit)
    HAL_I2C_GetState                         0x08002da9   Thumb Code     8  stm32f4xx_hal_i2c.o(i.HAL_I2C_GetState)
    HAL_I2C_Init                             0x08002db1   Thumb Code   446  stm32f4xx_hal_i2c.o(i.HAL_I2C_Init)
    HAL_I2C_Mem_Read                         0x08002f81   Thumb Code   762  stm32f4xx_hal_i2c.o(i.HAL_I2C_Mem_Read)
    HAL_I2C_Mem_Write                        0x08003289   Thumb Code   348  stm32f4xx_hal_i2c.o(i.HAL_I2C_Mem_Write)
    HAL_I2C_MspDeInit                        0x080033ed   Thumb Code    44  i2c.o(i.HAL_I2C_MspDeInit)
    HAL_I2C_MspInit                          0x08003429   Thumb Code   182  i2c.o(i.HAL_I2C_MspInit)
    HAL_IncTick                              0x080034f1   Thumb Code    16  stm32f4xx_hal.o(i.HAL_IncTick)
    HAL_Init                                 0x08003509   Thumb Code    54  stm32f4xx_hal.o(i.HAL_Init)
    HAL_InitTick                             0x08003545   Thumb Code   160  stm32f4xx_hal_timebase_tim.o(i.HAL_InitTick)
    HAL_LTDC_ConfigLayer                     0x080035f9   Thumb Code    94  stm32f4xx_hal_ltdc.o(i.HAL_LTDC_ConfigLayer)
    HAL_LTDC_EnableDither                    0x08003659   Thumb Code    62  stm32f4xx_hal_ltdc.o(i.HAL_LTDC_EnableDither)
    HAL_LTDC_ErrorCallback                   0x0800369d   Thumb Code     2  stm32f4xx_hal_ltdc.o(i.HAL_LTDC_ErrorCallback)
    HAL_LTDC_IRQHandler                      0x0800369f   Thumb Code   244  stm32f4xx_hal_ltdc.o(i.HAL_LTDC_IRQHandler)
    HAL_LTDC_Init                            0x08003795   Thumb Code   274  stm32f4xx_hal_ltdc.o(i.HAL_LTDC_Init)
    HAL_LTDC_LineEventCallback               0x080038ad   Thumb Code     2  stm32f4xx_hal_ltdc.o(i.HAL_LTDC_LineEventCallback)
    HAL_LTDC_MspInit                         0x080038b1   Thumb Code   520  ltdc.o(i.HAL_LTDC_MspInit)
    HAL_LTDC_ReloadEventCallback             0x08003ad9   Thumb Code     2  stm32f4xx_hal_ltdc.o(i.HAL_LTDC_ReloadEventCallback)
    HAL_MspInit                              0x08003add   Thumb Code    78  stm32f4xx_hal_msp.o(i.HAL_MspInit)
    HAL_NVIC_EnableIRQ                       0x08003b31   Thumb Code    40  stm32f4xx_hal_cortex.o(i.HAL_NVIC_EnableIRQ)
    HAL_NVIC_SetPriority                     0x08003b59   Thumb Code   124  stm32f4xx_hal_cortex.o(i.HAL_NVIC_SetPriority)
    HAL_NVIC_SetPriorityGrouping             0x08003bd5   Thumb Code    32  stm32f4xx_hal_cortex.o(i.HAL_NVIC_SetPriorityGrouping)
    HAL_PWREx_EnableOverDrive                0x08003bfd   Thumb Code   128  stm32f4xx_hal_pwr_ex.o(i.HAL_PWREx_EnableOverDrive)
    HAL_RCCEx_PeriphCLKConfig                0x08003c89   Thumb Code   746  stm32f4xx_hal_rcc_ex.o(i.HAL_RCCEx_PeriphCLKConfig)
    HAL_RCC_ClockConfig                      0x08003f8d   Thumb Code   368  stm32f4xx_hal_rcc.o(i.HAL_RCC_ClockConfig)
    HAL_RCC_GetClockConfig                   0x08004111   Thumb Code    58  stm32f4xx_hal_rcc.o(i.HAL_RCC_GetClockConfig)
    HAL_RCC_GetHCLKFreq                      0x08004155   Thumb Code     6  stm32f4xx_hal_rcc.o(i.HAL_RCC_GetHCLKFreq)
    HAL_RCC_GetPCLK1Freq                     0x08004161   Thumb Code    22  stm32f4xx_hal_rcc.o(i.HAL_RCC_GetPCLK1Freq)
    HAL_RCC_GetPCLK2Freq                     0x08004181   Thumb Code    22  stm32f4xx_hal_rcc.o(i.HAL_RCC_GetPCLK2Freq)
    HAL_RCC_GetSysClockFreq                  0x080041a1   Thumb Code   162  stm32f4xx_hal_rcc.o(i.HAL_RCC_GetSysClockFreq)
    HAL_RCC_OscConfig                        0x08004251   Thumb Code  1172  stm32f4xx_hal_rcc.o(i.HAL_RCC_OscConfig)
    HAL_SDRAM_Init                           0x080046ed   Thumb Code    64  stm32f4xx_hal_sdram.o(i.HAL_SDRAM_Init)
    HAL_SDRAM_MspInit                        0x0800472d   Thumb Code    10  fmc.o(i.HAL_SDRAM_MspInit)
    HAL_SDRAM_ProgramRefreshRate             0x08004737   Thumb Code    54  stm32f4xx_hal_sdram.o(i.HAL_SDRAM_ProgramRefreshRate)
    HAL_SDRAM_SendCommand                    0x0800476d   Thumb Code    78  stm32f4xx_hal_sdram.o(i.HAL_SDRAM_SendCommand)
    HAL_SPI_DeInit                           0x080047bb   Thumb Code    54  stm32f4xx_hal_spi.o(i.HAL_SPI_DeInit)
    HAL_SPI_GetState                         0x080047f1   Thumb Code     8  stm32f4xx_hal_spi.o(i.HAL_SPI_GetState)
    HAL_SPI_Init                             0x080047f9   Thumb Code   200  stm32f4xx_hal_spi.o(i.HAL_SPI_Init)
    HAL_SPI_MspDeInit                        0x080048c1   Thumb Code    36  spi.o(i.HAL_SPI_MspDeInit)
    HAL_SPI_MspInit                          0x080048f1   Thumb Code   122  spi.o(i.HAL_SPI_MspInit)
    HAL_SPI_Receive                          0x08004979   Thumb Code   382  stm32f4xx_hal_spi.o(i.HAL_SPI_Receive)
    HAL_SPI_Transmit                         0x08004af7   Thumb Code   444  stm32f4xx_hal_spi.o(i.HAL_SPI_Transmit)
    HAL_SPI_TransmitReceive                  0x08004cb3   Thumb Code   576  stm32f4xx_hal_spi.o(i.HAL_SPI_TransmitReceive)
    HAL_TIMEx_BreakCallback                  0x08004ef3   Thumb Code     2  stm32f4xx_hal_tim_ex.o(i.HAL_TIMEx_BreakCallback)
    HAL_TIMEx_CommutCallback                 0x08004ef5   Thumb Code     2  stm32f4xx_hal_tim_ex.o(i.HAL_TIMEx_CommutCallback)
    HAL_TIMEx_MasterConfigSynchronization    0x08004ef9   Thumb Code   150  stm32f4xx_hal_tim_ex.o(i.HAL_TIMEx_MasterConfigSynchronization)
    HAL_TIM_Base_Init                        0x08004fad   Thumb Code   102  stm32f4xx_hal_tim.o(i.HAL_TIM_Base_Init)
    HAL_TIM_Base_MspInit                     0x08005015   Thumb Code   106  tim.o(i.HAL_TIM_Base_MspInit)
    HAL_TIM_Base_Start_IT                    0x0800508d   Thumb Code   138  stm32f4xx_hal_tim.o(i.HAL_TIM_Base_Start_IT)
    HAL_TIM_ConfigClockSource                0x08005135   Thumb Code   268  stm32f4xx_hal_tim.o(i.HAL_TIM_ConfigClockSource)
    HAL_TIM_IC_CaptureCallback               0x08005241   Thumb Code     2  stm32f4xx_hal_tim.o(i.HAL_TIM_IC_CaptureCallback)
    HAL_TIM_IRQHandler                       0x08005243   Thumb Code   364  stm32f4xx_hal_tim.o(i.HAL_TIM_IRQHandler)
    HAL_TIM_OC_DelayElapsedCallback          0x080053af   Thumb Code     2  stm32f4xx_hal_tim.o(i.HAL_TIM_OC_DelayElapsedCallback)
    HAL_TIM_PWM_PulseFinishedCallback        0x080053b1   Thumb Code     2  stm32f4xx_hal_tim.o(i.HAL_TIM_PWM_PulseFinishedCallback)
    HAL_TIM_PeriodElapsedCallback            0x080053b5   Thumb Code    18  main.o(i.HAL_TIM_PeriodElapsedCallback)
    HAL_TIM_TriggerCallback                  0x080053cd   Thumb Code     2  stm32f4xx_hal_tim.o(i.HAL_TIM_TriggerCallback)
    HAL_UART_Init                            0x080053cf   Thumb Code   118  stm32f4xx_hal_uart.o(i.HAL_UART_Init)
    HAL_UART_MspInit                         0x08005445   Thumb Code   124  usart.o(i.HAL_UART_MspInit)
    HardFault_Handler                        0x080054cd   Thumb Code     4  stm32f4xx_it.o(i.HardFault_Handler)
    IOE_Delay                                0x08005cb9   Thumb Code    12  stm32f429i_discovery.o(i.IOE_Delay)
    IOE_ITConfig                             0x08005cc5   Thumb Code     8  stm32f429i_discovery.o(i.IOE_ITConfig)
    IOE_Init                                 0x08005ccd   Thumb Code     8  stm32f429i_discovery.o(i.IOE_Init)
    IOE_Read                                 0x08005cd5   Thumb Code    16  stm32f429i_discovery.o(i.IOE_Read)
    IOE_ReadMultiple                         0x08005ce5   Thumb Code    28  stm32f429i_discovery.o(i.IOE_ReadMultiple)
    IOE_Write                                0x08005d01   Thumb Code    20  stm32f429i_discovery.o(i.IOE_Write)
    LCD_Delay                                0x08005d15   Thumb Code    12  stm32f429i_discovery.o(i.LCD_Delay)
    LCD_IO_Init                              0x08005d21   Thumb Code   216  stm32f429i_discovery.o(i.LCD_IO_Init)
    LCD_IO_ReadData                          0x08005e09   Thumb Code    68  stm32f429i_discovery.o(i.LCD_IO_ReadData)
    LCD_IO_WriteData                         0x08005e55   Thumb Code    42  stm32f429i_discovery.o(i.LCD_IO_WriteData)
    LCD_IO_WriteReg                          0x08005e89   Thumb Code    44  stm32f429i_discovery.o(i.LCD_IO_WriteReg)
    LTDC_IRQHandler                          0x08005ebd   Thumb Code    10  stm32f4xx_it.o(i.LTDC_IRQHandler)
    MX_ADC1_Init                             0x080060dd   Thumb Code   100  adc.o(i.MX_ADC1_Init)
    MX_CRC_Init                              0x0800614d   Thumb Code    22  crc.o(i.MX_CRC_Init)
    MX_DAC_Init                              0x0800616d   Thumb Code    50  dac.o(i.MX_DAC_Init)
    MX_DMA2D_Init                            0x080061a9   Thumb Code    54  dma2d.o(i.MX_DMA2D_Init)
    MX_DMA_Init                              0x080061e9   Thumb Code    52  dma.o(i.MX_DMA_Init)
    MX_FMC_Init                              0x08006221   Thumb Code   110  fmc.o(i.MX_FMC_Init)
    MX_FREERTOS_Init                         0x08006299   Thumb Code   126  freertos.o(i.MX_FREERTOS_Init)
    MX_GPIO_Init                             0x08006331   Thumb Code   546  gpio.o(i.MX_GPIO_Init)
    MX_I2C3_Init                             0x0800656d   Thumb Code    76  i2c.o(i.MX_I2C3_Init)
    MX_LTDC_Init                             0x080065c5   Thumb Code   260  ltdc.o(i.MX_LTDC_Init)
    MX_SPI5_Init                             0x080066d1   Thumb Code    60  spi.o(i.MX_SPI5_Init)
    MX_TIM1_Init                             0x08006715   Thumb Code   102  tim.o(i.MX_TIM1_Init)
    MX_TIM7_Init                             0x08006785   Thumb Code    66  tim.o(i.MX_TIM7_Init)
    MX_USART1_UART_Init                      0x080067d1   Thumb Code    46  usart.o(i.MX_USART1_UART_Init)
    MemManage_Handler                        0x08006809   Thumb Code     4  stm32f4xx_it.o(i.MemManage_Handler)
    NMI_Handler                              0x0800680d   Thumb Code     4  stm32f4xx_it.o(i.NMI_Handler)
    Screen_task                              0x08006b2d   Thumb Code   246  freertos.o(i.Screen_task)
    StartDefaultTask                         0x08006c59   Thumb Code    10  freertos.o(i.StartDefaultTask)
    SysTick_Handler                          0x08006c65   Thumb Code    46  port.o(i.SysTick_Handler)
    SystemClock_Config                       0x08006c99   Thumb Code   180  main.o(i.SystemClock_Config)
    SystemInit                               0x08006d55   Thumb Code    14  system_stm32f4xx.o(i.SystemInit)
    TIM6_DAC_IRQHandler                      0x08006d69   Thumb Code    22  stm32f4xx_it.o(i.TIM6_DAC_IRQHandler)
    TIM7_IRQHandler                          0x08006d89   Thumb Code    10  stm32f4xx_it.o(i.TIM7_IRQHandler)
    TIM_Base_SetConfig                       0x08006d99   Thumb Code   186  stm32f4xx_hal_tim.o(i.TIM_Base_SetConfig)
    TIM_ETR_SetConfig                        0x08006e81   Thumb Code    22  stm32f4xx_hal_tim.o(i.TIM_ETR_SetConfig)
    UsageFault_Handler                       0x08007125   Thumb Code     4  stm32f4xx_it.o(i.UsageFault_Handler)
    _sys_exit                                0x08007161   Thumb Code     4  redirect.o(i._sys_exit)
    ili9341_DisplayOff                       0x08007165   Thumb Code    10  ili9341.o(i.ili9341_DisplayOff)
    ili9341_DisplayOn                        0x0800716f   Thumb Code    10  ili9341.o(i.ili9341_DisplayOn)
    ili9341_GetLcdPixelHeight                0x08007179   Thumb Code     6  ili9341.o(i.ili9341_GetLcdPixelHeight)
    ili9341_GetLcdPixelWidth                 0x0800717f   Thumb Code     4  ili9341.o(i.ili9341_GetLcdPixelWidth)
    ili9341_Init                             0x08007183   Thumb Code   656  ili9341.o(i.ili9341_Init)
    ili9341_ReadData                         0x08007413   Thumb Code    16  ili9341.o(i.ili9341_ReadData)
    ili9341_ReadID                           0x08007423   Thumb Code    18  ili9341.o(i.ili9341_ReadID)
    ili9341_WriteData                        0x08007435   Thumb Code    12  ili9341.o(i.ili9341_WriteData)
    ili9341_WriteReg                         0x08007441   Thumb Code    12  ili9341.o(i.ili9341_WriteReg)
    main                                     0x0800744d   Thumb Code   134  main.o(i.main)
    osDelay                                  0x080074e7   Thumb Code    24  cmsis_os.o(i.osDelay)
    osKernelStart                            0x080074ff   Thumb Code    10  cmsis_os.o(i.osKernelStart)
    osThreadCreate                           0x08007509   Thumb Code    94  cmsis_os.o(i.osThreadCreate)
    pvPortMalloc                             0x080079f9   Thumb Code   316  heap_4.o(i.pvPortMalloc)
    pxPortInitialiseStack                    0x08007b4d   Thumb Code    38  port.o(i.pxPortInitialiseStack)
    stmpe811_ClearGlobalIT                   0x08007b79   Thumb Code    18  stmpe811.o(i.stmpe811_ClearGlobalIT)
    stmpe811_DisableGlobalIT                 0x08007b8b   Thumb Code    32  stmpe811.o(i.stmpe811_DisableGlobalIT)
    stmpe811_DisableITSource                 0x08007bab   Thumb Code    32  stmpe811.o(i.stmpe811_DisableITSource)
    stmpe811_EnableGlobalIT                  0x08007bcb   Thumb Code    32  stmpe811.o(i.stmpe811_EnableGlobalIT)
    stmpe811_EnableITSource                  0x08007beb   Thumb Code    32  stmpe811.o(i.stmpe811_EnableITSource)
    stmpe811_IO_ClearIT                      0x08007c31   Thumb Code    56  stmpe811.o(i.stmpe811_IO_ClearIT)
    stmpe811_IO_Config                       0x08007c69   Thumb Code   234  stmpe811.o(i.stmpe811_IO_Config)
    stmpe811_IO_DisableAF                    0x08007d53   Thumb Code    34  stmpe811.o(i.stmpe811_IO_DisableAF)
    stmpe811_IO_DisableIT                    0x08007d75   Thumb Code    20  stmpe811.o(i.stmpe811_IO_DisableIT)
    stmpe811_IO_EnableAF                     0x08007d89   Thumb Code    32  stmpe811.o(i.stmpe811_IO_EnableAF)
    stmpe811_IO_EnableIT                     0x08007da9   Thumb Code    24  stmpe811.o(i.stmpe811_IO_EnableIT)
    stmpe811_IO_EnablePinIT                  0x08007dc1   Thumb Code    34  stmpe811.o(i.stmpe811_IO_EnablePinIT)
    stmpe811_IO_ITStatus                     0x08007de3   Thumb Code    18  stmpe811.o(i.stmpe811_IO_ITStatus)
    stmpe811_IO_InitPin                      0x08007df5   Thumb Code    46  stmpe811.o(i.stmpe811_IO_InitPin)
    stmpe811_IO_ReadPin                      0x08007e23   Thumb Code    18  stmpe811.o(i.stmpe811_IO_ReadPin)
    stmpe811_IO_SetEdgeMode                  0x08007e35   Thumb Code    86  stmpe811.o(i.stmpe811_IO_SetEdgeMode)
    stmpe811_IO_Start                        0x08007e8b   Thumb Code    40  stmpe811.o(i.stmpe811_IO_Start)
    stmpe811_IO_WritePin                     0x08007eb3   Thumb Code    34  stmpe811.o(i.stmpe811_IO_WritePin)
    stmpe811_Init                            0x08007ed5   Thumb Code    44  stmpe811.o(i.stmpe811_Init)
    stmpe811_ReadGITStatus                   0x08007f05   Thumb Code    18  stmpe811.o(i.stmpe811_ReadGITStatus)
    stmpe811_ReadID                          0x08007f17   Thumb Code    32  stmpe811.o(i.stmpe811_ReadID)
    stmpe811_Reset                           0x08007f37   Thumb Code    38  stmpe811.o(i.stmpe811_Reset)
    stmpe811_SetITPolarity                   0x08007f5d   Thumb Code    36  stmpe811.o(i.stmpe811_SetITPolarity)
    stmpe811_SetITType                       0x08007f81   Thumb Code    36  stmpe811.o(i.stmpe811_SetITType)
    stmpe811_TS_ClearIT                      0x08007fa5   Thumb Code    14  stmpe811.o(i.stmpe811_TS_ClearIT)
    stmpe811_TS_DetectTouch                  0x08007fb3   Thumb Code    60  stmpe811.o(i.stmpe811_TS_DetectTouch)
    stmpe811_TS_DisableIT                    0x08007fef   Thumb Code    20  stmpe811.o(i.stmpe811_TS_DisableIT)
    stmpe811_TS_EnableIT                     0x08008003   Thumb Code    24  stmpe811.o(i.stmpe811_TS_EnableIT)
    stmpe811_TS_GetXY                        0x0800801b   Thumb Code    88  stmpe811.o(i.stmpe811_TS_GetXY)
    stmpe811_TS_ITStatus                     0x08008073   Thumb Code    14  stmpe811.o(i.stmpe811_TS_ITStatus)
    stmpe811_TS_Start                        0x08008081   Thumb Code   164  stmpe811.o(i.stmpe811_TS_Start)
    uxListRemove                             0x08008125   Thumb Code    40  list.o(i.uxListRemove)
    vApplicationGetIdleTaskMemory            0x0800814d   Thumb Code    14  freertos.o(i.vApplicationGetIdleTaskMemory)
    vApplicationIdleHook                     0x08008165   Thumb Code     2  freertos.o(i.vApplicationIdleHook)
    vApplicationMallocFailedHook             0x08008167   Thumb Code     2  freertos.o(i.vApplicationMallocFailedHook)
    vApplicationStackOverflowHook            0x08008169   Thumb Code     2  freertos.o(i.vApplicationStackOverflowHook)
    vListInitialise                          0x0800816b   Thumb Code    26  list.o(i.vListInitialise)
    vListInitialiseItem                      0x08008185   Thumb Code     6  list.o(i.vListInitialiseItem)
    vListInsert                              0x0800818b   Thumb Code    52  list.o(i.vListInsert)
    vListInsertEnd                           0x080081bf   Thumb Code    24  list.o(i.vListInsertEnd)
    vPortEnterCritical                       0x080081d9   Thumb Code    76  port.o(i.vPortEnterCritical)
    vPortExitCritical                        0x0800822d   Thumb Code    56  port.o(i.vPortExitCritical)
    vPortFree                                0x08008269   Thumb Code   150  heap_4.o(i.vPortFree)
    vPortSetupTimerInterrupt                 0x0800830d   Thumb Code    36  port.o(i.vPortSetupTimerInterrupt)
    vTaskDelay                               0x08008335   Thumb Code    82  tasks.o(i.vTaskDelay)
    vTaskStartScheduler                      0x08008391   Thumb Code   146  tasks.o(i.vTaskStartScheduler)
    vTaskSuspendAll                          0x08008441   Thumb Code    12  tasks.o(i.vTaskSuspendAll)
    vTaskSwitchContext                       0x08008451   Thumb Code   174  tasks.o(i.vTaskSwitchContext)
    xPortStartScheduler                      0x08008515   Thumb Code   330  port.o(i.xPortStartScheduler)
    xTaskCreate                              0x0800867d   Thumb Code   100  tasks.o(i.xTaskCreate)
    xTaskCreateStatic                        0x080086e1   Thumb Code   186  tasks.o(i.xTaskCreateStatic)
    xTaskIncrementTick                       0x0800879d   Thumb Code   282  tasks.o(i.xTaskIncrementTick)
    xTaskResumeAll                           0x080088e5   Thumb Code   224  tasks.o(i.xTaskResumeAll)
    _fp_init                                 0x080089e9   Thumb Code    10  fpinit.o(x$fpl$fpinit)
    __fplib_config_fpu_vfp                   0x080089f1   Thumb Code     0  fpinit.o(x$fpl$fpinit)
    __fplib_config_pureend_doubles           0x080089f1   Thumb Code     0  fpinit.o(x$fpl$fpinit)
    AHBPrescTable                            0x08008a88   Data          16  system_stm32f4xx.o(.constdata)
    APBPrescTable                            0x08008a98   Data           8  system_stm32f4xx.o(.constdata)
    Font24_Table                             0x08008aa0   Data        6840  stm32f429i_discovery_lcd.o(.constdata)
    Font20_Table                             0x0800a558   Data        3800  stm32f429i_discovery_lcd.o(.constdata)
    Font16_Table                             0x0800b430   Data        3040  stm32f429i_discovery_lcd.o(.constdata)
    Font12_Table                             0x0800c010   Data        1140  stm32f429i_discovery_lcd.o(.constdata)
    Font8_Table                              0x0800c484   Data         760  stm32f429i_discovery_lcd.o(.constdata)
    Region$$Table$$Base                      0x0800c7a4   Number         0  anon$$obj.o(Region$$Table)
    Region$$Table$$Limit                     0x0800c7c4   Number         0  anon$$obj.o(Region$$Table)
    plot_size                                0x20000000   Data           2  freertos.o(.data)
    touch                                    0x20000002   Data           8  freertos.o(.data)
    defaultTaskHandle                        0x2000000c   Data           4  freertos.o(.data)
    ScreenHandle                             0x20000010   Data           4  freertos.o(.data)
    ADCHandle                                0x20000014   Data           4  freertos.o(.data)
    DACHandle                                0x20000018   Data           4  freertos.o(.data)
    InterfaceHandle                          0x2000001c   Data           4  freertos.o(.data)
    hcrc                                     0x20000020   Data           8  crc.o(.data)
    uwTick                                   0x20000030   Data           4  stm32f4xx_hal.o(.data)
    uwTickPrio                               0x20000034   Data           4  stm32f4xx_hal.o(.data)
    uwTickFreq                               0x20000038   Data           1  stm32f4xx_hal.o(.data)
    SystemCoreClock                          0x2000003c   Data           4  system_stm32f4xx.o(.data)
    pxCurrentTCB                             0x20000040   Data           4  tasks.o(.data)
    GPIO_PORT                                0x200000a8   Data           8  stm32f429i_discovery.o(.data)
    BUTTON_PORT                              0x200000b0   Data           4  stm32f429i_discovery.o(.data)
    I2cxTimeout                              0x200000b4   Data           4  stm32f429i_discovery.o(.data)
    SpixTimeout                              0x200000b8   Data           4  stm32f429i_discovery.o(.data)
    Font24                                   0x200000c0   Data           8  stm32f429i_discovery_lcd.o(.data)
    Font20                                   0x200000c8   Data           8  stm32f429i_discovery_lcd.o(.data)
    Font16                                   0x200000d0   Data           8  stm32f429i_discovery_lcd.o(.data)
    Font12                                   0x200000d8   Data           8  stm32f429i_discovery_lcd.o(.data)
    Font8                                    0x200000e0   Data           8  stm32f429i_discovery_lcd.o(.data)
    LcdDrv                                   0x200000ec   Data           4  stm32f429i_discovery_lcd.o(.data)
    ili9341_drv                              0x20000104   Data          56  ili9341.o(.data)
    stmpe811_ts_drv                          0x2000013c   Data          40  stmpe811.o(.data)
    stmpe811_io_drv                          0x20000164   Data          44  stmpe811.o(.data)
    stmpe811                                 0x20000190   Data           2  stmpe811.o(.data)
    ADC_Lecture                              0x20000194   Data        2000  freertos.o(.bss)
    buttons                                  0x20000964   Data          30  freertos.o(.bss)
    hadc1                                    0x20000bdc   Data          72  adc.o(.bss)
    hdma_adc1                                0x20000c24   Data          96  adc.o(.bss)
    hdac                                     0x20000c84   Data          20  dac.o(.bss)
    hdma2d                                   0x20000c98   Data          64  dma2d.o(.bss)
    hsdram1                                  0x20000cd8   Data          52  fmc.o(.bss)
    hi2c3                                    0x20000d0c   Data          84  i2c.o(.bss)
    hltdc                                    0x20000d60   Data         168  ltdc.o(.bss)
    hspi5                                    0x20000e08   Data          88  spi.o(.bss)
    htim1                                    0x20000e60   Data          72  tim.o(.bss)
    htim7                                    0x20000ea8   Data          72  tim.o(.bss)
    huart1                                   0x20000ef0   Data          72  usart.o(.bss)
    htim6                                    0x20000f38   Data          72  stm32f4xx_hal_timebase_tim.o(.bss)
    I2cHandle                                0x20009070   Data          84  stm32f429i_discovery.o(.bss)
    LtdcHandler                              0x2000911c   Data         168  stm32f429i_discovery_lcd.o(.bss)
    __libspace_start                         0x2000936c   Data          96  libspace.o(.bss)
    __temporary_stack_top$libspace           0x200093cc   Data           0  libspace.o(.bss)



==============================================================================

Memory Map of the image

  Image Entry point : 0x080001ad

  Load Region LR_IROM1 (Base: 0x08000000, Size: 0x0000c958, Max: 0x00200000, ABSOLUTE, COMPRESSED[0x0000c85c])

    Execution Region ER_IROM1 (Exec base: 0x08000000, Load base: 0x08000000, Size: 0x0000c7c4, Max: 0x00200000, ABSOLUTE)

    Exec Addr    Load Addr    Size         Type   Attr      Idx    E Section Name        Object

    0x08000000   0x08000000   0x000001ac   Data   RO            3    RESET               startup_stm32f429xx.o
    0x080001ac   0x080001ac   0x00000008   Code   RO         8530  * !!!main             c_w.l(__main.o)
    0x080001b4   0x080001b4   0x00000034   Code   RO         8699    !!!scatter          c_w.l(__scatter.o)
    0x080001e8   0x080001e8   0x0000005a   Code   RO         8697    !!dczerorl2         c_w.l(__dczerorl2.o)
    0x08000242   0x08000242   0x00000002   PAD
    0x08000244   0x08000244   0x0000001c   Code   RO         8701    !!handler_zi        c_w.l(__scatter_zi.o)
    0x08000260   0x08000260   0x00000002   Code   RO         8569    .ARM.Collect$$libinit$$00000000  c_w.l(libinit.o)
    0x08000262   0x08000262   0x00000004   Code   RO         8581    .ARM.Collect$$libinit$$00000001  c_w.l(libinit2.o)
    0x08000266   0x08000266   0x00000000   Code   RO         8584    .ARM.Collect$$libinit$$00000004  c_w.l(libinit2.o)
    0x08000266   0x08000266   0x00000000   Code   RO         8587    .ARM.Collect$$libinit$$0000000A  c_w.l(libinit2.o)
    0x08000266   0x08000266   0x00000000   Code   RO         8589    .ARM.Collect$$libinit$$0000000C  c_w.l(libinit2.o)
    0x08000266   0x08000266   0x00000000   Code   RO         8591    .ARM.Collect$$libinit$$0000000E  c_w.l(libinit2.o)
    0x08000266   0x08000266   0x00000000   Code   RO         8594    .ARM.Collect$$libinit$$00000011  c_w.l(libinit2.o)
    0x08000266   0x08000266   0x00000000   Code   RO         8596    .ARM.Collect$$libinit$$00000013  c_w.l(libinit2.o)
    0x08000266   0x08000266   0x00000000   Code   RO         8598    .ARM.Collect$$libinit$$00000015  c_w.l(libinit2.o)
    0x08000266   0x08000266   0x00000000   Code   RO         8600    .ARM.Collect$$libinit$$00000017  c_w.l(libinit2.o)
    0x08000266   0x08000266   0x00000000   Code   RO         8602    .ARM.Collect$$libinit$$00000019  c_w.l(libinit2.o)
    0x08000266   0x08000266   0x00000000   Code   RO         8604    .ARM.Collect$$libinit$$0000001B  c_w.l(libinit2.o)
    0x08000266   0x08000266   0x00000000   Code   RO         8606    .ARM.Collect$$libinit$$0000001D  c_w.l(libinit2.o)
    0x08000266   0x08000266   0x00000000   Code   RO         8608    .ARM.Collect$$libinit$$0000001F  c_w.l(libinit2.o)
    0x08000266   0x08000266   0x00000000   Code   RO         8610    .ARM.Collect$$libinit$$00000021  c_w.l(libinit2.o)
    0x08000266   0x08000266   0x00000000   Code   RO         8612    .ARM.Collect$$libinit$$00000023  c_w.l(libinit2.o)
    0x08000266   0x08000266   0x00000000   Code   RO         8614    .ARM.Collect$$libinit$$00000025  c_w.l(libinit2.o)
    0x08000266   0x08000266   0x00000000   Code   RO         8618    .ARM.Collect$$libinit$$0000002C  c_w.l(libinit2.o)
    0x08000266   0x08000266   0x00000000   Code   RO         8620    .ARM.Collect$$libinit$$0000002E  c_w.l(libinit2.o)
    0x08000266   0x08000266   0x00000000   Code   RO         8622    .ARM.Collect$$libinit$$00000030  c_w.l(libinit2.o)
    0x08000266   0x08000266   0x00000000   Code   RO         8624    .ARM.Collect$$libinit$$00000032  c_w.l(libinit2.o)
    0x08000266   0x08000266   0x00000002   Code   RO         8625    .ARM.Collect$$libinit$$00000033  c_w.l(libinit2.o)
    0x08000268   0x08000268   0x00000002   Code   RO         8651    .ARM.Collect$$libshutdown$$00000000  c_w.l(libshutdown.o)
    0x0800026a   0x0800026a   0x00000000   Code   RO         8678    .ARM.Collect$$libshutdown$$00000002  c_w.l(libshutdown2.o)
    0x0800026a   0x0800026a   0x00000000   Code   RO         8680    .ARM.Collect$$libshutdown$$00000004  c_w.l(libshutdown2.o)
    0x0800026a   0x0800026a   0x00000000   Code   RO         8682    .ARM.Collect$$libshutdown$$00000006  c_w.l(libshutdown2.o)
    0x0800026a   0x0800026a   0x00000000   Code   RO         8685    .ARM.Collect$$libshutdown$$00000009  c_w.l(libshutdown2.o)
    0x0800026a   0x0800026a   0x00000000   Code   RO         8688    .ARM.Collect$$libshutdown$$0000000C  c_w.l(libshutdown2.o)
    0x0800026a   0x0800026a   0x00000000   Code   RO         8690    .ARM.Collect$$libshutdown$$0000000E  c_w.l(libshutdown2.o)
    0x0800026a   0x0800026a   0x00000000   Code   RO         8693    .ARM.Collect$$libshutdown$$00000011  c_w.l(libshutdown2.o)
    0x0800026a   0x0800026a   0x00000002   Code   RO         8694    .ARM.Collect$$libshutdown$$00000012  c_w.l(libshutdown2.o)
    0x0800026c   0x0800026c   0x00000000   Code   RO         8532    .ARM.Collect$$rtentry$$00000000  c_w.l(__rtentry.o)
    0x0800026c   0x0800026c   0x00000000   Code   RO         8540    .ARM.Collect$$rtentry$$00000002  c_w.l(__rtentry2.o)
    0x0800026c   0x0800026c   0x00000006   Code   RO         8552    .ARM.Collect$$rtentry$$00000004  c_w.l(__rtentry4.o)
    0x08000272   0x08000272   0x00000000   Code   RO         8542    .ARM.Collect$$rtentry$$00000009  c_w.l(__rtentry2.o)
    0x08000272   0x08000272   0x00000004   Code   RO         8543    .ARM.Collect$$rtentry$$0000000A  c_w.l(__rtentry2.o)
    0x08000276   0x08000276   0x00000000   Code   RO         8545    .ARM.Collect$$rtentry$$0000000C  c_w.l(__rtentry2.o)
    0x08000276   0x08000276   0x00000008   Code   RO         8546    .ARM.Collect$$rtentry$$0000000D  c_w.l(__rtentry2.o)
    0x0800027e   0x0800027e   0x00000002   Code   RO         8573    .ARM.Collect$$rtexit$$00000000  c_w.l(rtexit.o)
    0x08000280   0x08000280   0x00000000   Code   RO         8627    .ARM.Collect$$rtexit$$00000002  c_w.l(rtexit2.o)
    0x08000280   0x08000280   0x00000004   Code   RO         8628    .ARM.Collect$$rtexit$$00000003  c_w.l(rtexit2.o)
    0x08000284   0x08000284   0x00000006   Code   RO         8629    .ARM.Collect$$rtexit$$00000004  c_w.l(rtexit2.o)
    0x0800028a   0x0800028a   0x00000002   PAD
    0x0800028c   0x0800028c   0x000000be   Code   RO         7258    .emb_text           port.o
    0x0800034a   0x0800034a   0x00000002   PAD
    0x0800034c   0x0800034c   0x00000040   Code   RO            4    .text               startup_stm32f429xx.o
    0x0800038c   0x0800038c   0x00000002   Code   RO         8514    .text               c_w.l(use_no_semi.o)
    0x0800038e   0x0800038e   0x000000ee   Code   RO         8516    .text               c_w.l(lludivv7m.o)
    0x0800047c   0x0800047c   0x00000064   Code   RO         8520    .text               c_w.l(rt_memcpy_w.o)
    0x080004e0   0x080004e0   0x00000010   Code   RO         8524    .text               c_w.l(aeabi_memset.o)
    0x080004f0   0x080004f0   0x0000004e   Code   RO         8526    .text               c_w.l(rt_memclr_w.o)
    0x0800053e   0x0800053e   0x00000006   Code   RO         8528    .text               c_w.l(heapauxi.o)
    0x08000544   0x08000544   0x00000044   Code   RO         8537    .text               c_w.l(rt_memclr.o)
    0x08000588   0x08000588   0x0000004a   Code   RO         8556    .text               c_w.l(sys_stackheap_outer.o)
    0x080005d2   0x080005d2   0x00000012   Code   RO         8558    .text               c_w.l(exit.o)
    0x080005e4   0x080005e4   0x00000008   Code   RO         8570    .text               c_w.l(libspace.o)
    0x080005ec   0x080005ec   0x00000020   Code   RO          339    i.ADC_Ctrl          freertos.o
    0x0800060c   0x0800060c   0x0000007e   Code   RO         1043    i.ADC_DMAConvCplt   stm32f4xx_hal_adc.o
    0x0800068a   0x0800068a   0x0000001a   Code   RO         1044    i.ADC_DMAError      stm32f4xx_hal_adc.o
    0x080006a4   0x080006a4   0x0000000e   Code   RO         1045    i.ADC_DMAHalfConvCplt  stm32f4xx_hal_adc.o
    0x080006b2   0x080006b2   0x00000002   PAD
    0x080006b4   0x080006b4   0x00000160   Code   RO         1046    i.ADC_Init          stm32f4xx_hal_adc.o
    0x08000814   0x08000814   0x00000040   Code   RO         7641    i.BSP_LCD_Clear     stm32f429i_discovery_lcd.o
    0x08000854   0x08000854   0x00000068   Code   RO         7643    i.BSP_LCD_DisplayChar  stm32f429i_discovery_lcd.o
    0x080008bc   0x080008bc   0x00000018   Code   RO         7645    i.BSP_LCD_DisplayOn  stm32f429i_discovery_lcd.o
    0x080008d4   0x080008d4   0x00000118   Code   RO         7646    i.BSP_LCD_DisplayStringAt  stm32f429i_discovery_lcd.o
    0x080009ec   0x080009ec   0x00000034   Code   RO         7653    i.BSP_LCD_DrawPixel  stm32f429i_discovery_lcd.o
    0x08000a20   0x08000a20   0x0000007c   Code   RO         7660    i.BSP_LCD_FillRect  stm32f429i_discovery_lcd.o
    0x08000a9c   0x08000a9c   0x00000010   Code   RO         7665    i.BSP_LCD_GetXSize  stm32f429i_discovery_lcd.o
    0x08000aac   0x08000aac   0x00000010   Code   RO         7666    i.BSP_LCD_GetYSize  stm32f429i_discovery_lcd.o
    0x08000abc   0x08000abc   0x000000a8   Code   RO         7667    i.BSP_LCD_Init      stm32f429i_discovery_lcd.o
    0x08000b64   0x08000b64   0x00000098   Code   RO         7668    i.BSP_LCD_LayerDefaultInit  stm32f429i_discovery_lcd.o
    0x08000bfc   0x08000bfc   0x0000019c   Code   RO         7669    i.BSP_LCD_MspInit   stm32f429i_discovery_lcd.o
    0x08000d98   0x08000d98   0x0000000c   Code   RO         7674    i.BSP_LCD_SelectLayer  stm32f429i_discovery_lcd.o
    0x08000da4   0x08000da4   0x0000001c   Code   RO         7678    i.BSP_LCD_SetFont   stm32f429i_discovery_lcd.o
    0x08000dc0   0x08000dc0   0x00000018   Code   RO         7685    i.BSP_LCD_SetTextColor  stm32f429i_discovery_lcd.o
    0x08000dd8   0x08000dd8   0x00000090   Code   RO         7993    i.BSP_SDRAM_Init    stm32f429i_discovery_sdram.o
    0x08000e68   0x08000e68   0x00000098   Code   RO         7994    i.BSP_SDRAM_Initialization_sequence  stm32f429i_discovery_sdram.o
    0x08000f00   0x08000f00   0x000001ec   Code   RO         7996    i.BSP_SDRAM_MspInit  stm32f429i_discovery_sdram.o
    0x080010ec   0x080010ec   0x00000150   Code   RO         8073    i.BSP_TS_GetState   stm32f429i_discovery_ts.o
    0x0800123c   0x0800123c   0x00000054   Code   RO         8077    i.BSP_TS_Init       stm32f429i_discovery_ts.o
    0x08001290   0x08001290   0x00000004   Code   RO          892    i.BusFault_Handler  stm32f4xx_it.o
    0x08001294   0x08001294   0x0000000a   Code   RO          340    i.DAC_Ctrl          freertos.o
    0x0800129e   0x0800129e   0x00000002   PAD
    0x080012a0   0x080012a0   0x00000010   Code   RO          893    i.DMA2D_IRQHandler  stm32f4xx_it.o
    0x080012b0   0x080012b0   0x000000e6   Code   RO         2896    i.DMA2D_SetConfig   stm32f4xx_hal_dma2d.o
    0x08001396   0x08001396   0x00000002   PAD
    0x08001398   0x08001398   0x00000010   Code   RO          894    i.DMA2_Stream4_IRQHandler  stm32f4xx_it.o
    0x080013a8   0x080013a8   0x00000034   Code   RO         1882    i.DMA_CalcBaseAndBitshift  stm32f4xx_hal_dma.o
    0x080013dc   0x080013dc   0x000000aa   Code   RO         1883    i.DMA_CheckFifoParam  stm32f4xx_hal_dma.o
    0x08001486   0x08001486   0x0000002c   Code   RO         1884    i.DMA_SetConfig     stm32f4xx_hal_dma.o
    0x080014b2   0x080014b2   0x00000002   Code   RO          895    i.DebugMon_Handler  stm32f4xx_it.o
    0x080014b4   0x080014b4   0x00000108   Code   RO         7689    i.DrawChar          stm32f429i_discovery_lcd.o
    0x080015bc   0x080015bc   0x00000006   Code   RO           13    i.Error_Handler     main.o
    0x080015c2   0x080015c2   0x00000002   PAD
    0x080015c4   0x080015c4   0x000000fc   Code   RO          341    i.ExtInt            freertos.o
    0x080016c0   0x080016c0   0x0000006c   Code   RO         3125    i.FMC_SDRAM_Init    stm32f4xx_ll_fmc.o
    0x0800172c   0x0800172c   0x00000014   Code   RO         3126    i.FMC_SDRAM_ProgramRefreshRate  stm32f4xx_ll_fmc.o
    0x08001740   0x08001740   0x00000056   Code   RO         3127    i.FMC_SDRAM_SendCommand  stm32f4xx_ll_fmc.o
    0x08001796   0x08001796   0x00000002   PAD
    0x08001798   0x08001798   0x00000094   Code   RO         3129    i.FMC_SDRAM_Timing_Init  stm32f4xx_ll_fmc.o
    0x0800182c   0x0800182c   0x00000060   Code   RO         7690    i.FillBuffer        stm32f429i_discovery_lcd.o
    0x0800188c   0x0800188c   0x000001a4   Code   RO         1048    i.HAL_ADC_ConfigChannel  stm32f4xx_hal_adc.o
    0x08001a30   0x08001a30   0x00000002   Code   RO         1049    i.HAL_ADC_ConvCpltCallback  stm32f4xx_hal_adc.o
    0x08001a32   0x08001a32   0x00000002   Code   RO         1050    i.HAL_ADC_ConvHalfCpltCallback  stm32f4xx_hal_adc.o
    0x08001a34   0x08001a34   0x00000002   Code   RO         1052    i.HAL_ADC_ErrorCallback  stm32f4xx_hal_adc.o
    0x08001a36   0x08001a36   0x00000002   PAD
    0x08001a38   0x08001a38   0x00000068   Code   RO         1057    i.HAL_ADC_Init      stm32f4xx_hal_adc.o
    0x08001aa0   0x08001aa0   0x000000c4   Code   RO          432    i.HAL_ADC_MspInit   adc.o
    0x08001b64   0x08001b64   0x000001b4   Code   RO         1064    i.HAL_ADC_Start_DMA  stm32f4xx_hal_adc.o
    0x08001d18   0x08001d18   0x00000020   Code   RO         2600    i.HAL_CRC_Init      stm32f4xx_hal_crc.o
    0x08001d38   0x08001d38   0x00000034   Code   RO          474    i.HAL_CRC_MspInit   crc.o
    0x08001d6c   0x08001d6c   0x00000002   Code   RO         2805    i.HAL_DACEx_DMAUnderrunCallbackCh2  stm32f4xx_hal_dac_ex.o
    0x08001d6e   0x08001d6e   0x0000006e   Code   RO         2659    i.HAL_DAC_ConfigChannel  stm32f4xx_hal_dac.o
    0x08001ddc   0x08001ddc   0x00000002   Code   RO         2662    i.HAL_DAC_DMAUnderrunCallbackCh1  stm32f4xx_hal_dac.o
    0x08001dde   0x08001dde   0x00000082   Code   RO         2668    i.HAL_DAC_IRQHandler  stm32f4xx_hal_dac.o
    0x08001e60   0x08001e60   0x00000028   Code   RO         2669    i.HAL_DAC_Init      stm32f4xx_hal_dac.o
    0x08001e88   0x08001e88   0x00000090   Code   RO          516    i.HAL_DAC_MspInit   dac.o
    0x08001f18   0x08001f18   0x00000002   Code   RO         2902    i.HAL_DMA2D_CLUTLoadingCpltCallback  stm32f4xx_hal_dma2d.o
    0x08001f1a   0x08001f1a   0x00000002   PAD
    0x08001f1c   0x08001f1c   0x000000cc   Code   RO         2910    i.HAL_DMA2D_ConfigLayer  stm32f4xx_hal_dma2d.o
    0x08001fe8   0x08001fe8   0x00000166   Code   RO         2917    i.HAL_DMA2D_IRQHandler  stm32f4xx_hal_dma2d.o
    0x0800214e   0x0800214e   0x00000060   Code   RO         2918    i.HAL_DMA2D_Init    stm32f4xx_hal_dma2d.o
    0x080021ae   0x080021ae   0x00000002   Code   RO         2919    i.HAL_DMA2D_LineEventCallback  stm32f4xx_hal_dma2d.o
    0x080021b0   0x080021b0   0x00000048   Code   RO          582    i.HAL_DMA2D_MspInit  dma2d.o
    0x080021f8   0x080021f8   0x00000166   Code   RO         2922    i.HAL_DMA2D_PollForTransfer  stm32f4xx_hal_dma2d.o
    0x0800235e   0x0800235e   0x0000004e   Code   RO         2925    i.HAL_DMA2D_Start   stm32f4xx_hal_dma2d.o
    0x080023ac   0x080023ac   0x00000070   Code   RO         1887    i.HAL_DMA_DeInit    stm32f4xx_hal_dma.o
    0x0800241c   0x0800241c   0x00000240   Code   RO         1890    i.HAL_DMA_IRQHandler  stm32f4xx_hal_dma.o
    0x0800265c   0x0800265c   0x000000ec   Code   RO         1891    i.HAL_DMA_Init      stm32f4xx_hal_dma.o
    0x08002748   0x08002748   0x00000092   Code   RO         1895    i.HAL_DMA_Start_IT  stm32f4xx_hal_dma.o
    0x080027da   0x080027da   0x00000002   PAD
    0x080027dc   0x080027dc   0x00000028   Code   RO         2333    i.HAL_Delay         stm32f4xx_hal.o
    0x08002804   0x08002804   0x00000110   Code   RO          624    i.HAL_FMC_MspInit   fmc.o
    0x08002914   0x08002914   0x00000184   Code   RO         1775    i.HAL_GPIO_DeInit   stm32f4xx_hal_gpio.o
    0x08002a98   0x08002a98   0x00000210   Code   RO         1778    i.HAL_GPIO_Init     stm32f4xx_hal_gpio.o
    0x08002ca8   0x08002ca8   0x00000010   Code   RO         1780    i.HAL_GPIO_ReadPin  stm32f4xx_hal_gpio.o
    0x08002cb8   0x08002cb8   0x0000000c   Code   RO         1782    i.HAL_GPIO_WritePin  stm32f4xx_hal_gpio.o
    0x08002cc4   0x08002cc4   0x0000000c   Code   RO         2341    i.HAL_GetTick       stm32f4xx_hal.o
    0x08002cd0   0x08002cd0   0x0000004c   Code   RO         3933    i.HAL_I2CEx_ConfigAnalogFilter  stm32f4xx_hal_i2c_ex.o
    0x08002d1c   0x08002d1c   0x00000050   Code   RO         3934    i.HAL_I2CEx_ConfigDigitalFilter  stm32f4xx_hal_i2c_ex.o
    0x08002d6c   0x08002d6c   0x0000003c   Code   RO         3458    i.HAL_I2C_DeInit    stm32f4xx_hal_i2c.o
    0x08002da8   0x08002da8   0x00000008   Code   RO         3466    i.HAL_I2C_GetState  stm32f4xx_hal_i2c.o
    0x08002db0   0x08002db0   0x000001d0   Code   RO         3467    i.HAL_I2C_Init      stm32f4xx_hal_i2c.o
    0x08002f80   0x08002f80   0x00000308   Code   RO         3485    i.HAL_I2C_Mem_Read  stm32f4xx_hal_i2c.o
    0x08003288   0x08003288   0x00000164   Code   RO         3488    i.HAL_I2C_Mem_Write  stm32f4xx_hal_i2c.o
    0x080033ec   0x080033ec   0x0000003c   Code   RO          676    i.HAL_I2C_MspDeInit  i2c.o
    0x08003428   0x08003428   0x000000c8   Code   RO          677    i.HAL_I2C_MspInit   i2c.o
    0x080034f0   0x080034f0   0x00000018   Code   RO         2347    i.HAL_IncTick       stm32f4xx_hal.o
    0x08003508   0x08003508   0x0000003c   Code   RO         2348    i.HAL_Init          stm32f4xx_hal.o
    0x08003544   0x08003544   0x000000b4   Code   RO         1004    i.HAL_InitTick      stm32f4xx_hal_timebase_tim.o
    0x080035f8   0x080035f8   0x0000005e   Code   RO         3966    i.HAL_LTDC_ConfigLayer  stm32f4xx_hal_ltdc.o
    0x08003656   0x08003656   0x00000002   PAD
    0x08003658   0x08003658   0x00000044   Code   RO         3978    i.HAL_LTDC_EnableDither  stm32f4xx_hal_ltdc.o
    0x0800369c   0x0800369c   0x00000002   Code   RO         3979    i.HAL_LTDC_ErrorCallback  stm32f4xx_hal_ltdc.o
    0x0800369e   0x0800369e   0x000000f4   Code   RO         3982    i.HAL_LTDC_IRQHandler  stm32f4xx_hal_ltdc.o
    0x08003792   0x08003792   0x00000002   PAD
    0x08003794   0x08003794   0x00000118   Code   RO         3983    i.HAL_LTDC_Init     stm32f4xx_hal_ltdc.o
    0x080038ac   0x080038ac   0x00000002   Code   RO         3984    i.HAL_LTDC_LineEventCallback  stm32f4xx_hal_ltdc.o
    0x080038ae   0x080038ae   0x00000002   PAD
    0x080038b0   0x080038b0   0x00000228   Code   RO          719    i.HAL_LTDC_MspInit  ltdc.o
    0x08003ad8   0x08003ad8   0x00000002   Code   RO         3989    i.HAL_LTDC_ReloadEventCallback  stm32f4xx_hal_ltdc.o
    0x08003ada   0x08003ada   0x00000002   PAD
    0x08003adc   0x08003adc   0x00000054   Code   RO          980    i.HAL_MspInit       stm32f4xx_hal_msp.o
    0x08003b30   0x08003b30   0x00000028   Code   RO         2186    i.HAL_NVIC_EnableIRQ  stm32f4xx_hal_cortex.o
    0x08003b58   0x08003b58   0x0000007c   Code   RO         2192    i.HAL_NVIC_SetPriority  stm32f4xx_hal_cortex.o
    0x08003bd4   0x08003bd4   0x00000028   Code   RO         2193    i.HAL_NVIC_SetPriorityGrouping  stm32f4xx_hal_cortex.o
    0x08003bfc   0x08003bfc   0x0000008c   Code   RO         2114    i.HAL_PWREx_EnableOverDrive  stm32f4xx_hal_pwr_ex.o
    0x08003c88   0x08003c88   0x00000304   Code   RO         1429    i.HAL_RCCEx_PeriphCLKConfig  stm32f4xx_hal_rcc_ex.o
    0x08003f8c   0x08003f8c   0x00000184   Code   RO         1322    i.HAL_RCC_ClockConfig  stm32f4xx_hal_rcc.o
    0x08004110   0x08004110   0x00000044   Code   RO         1326    i.HAL_RCC_GetClockConfig  stm32f4xx_hal_rcc.o
    0x08004154   0x08004154   0x0000000c   Code   RO         1327    i.HAL_RCC_GetHCLKFreq  stm32f4xx_hal_rcc.o
    0x08004160   0x08004160   0x00000020   Code   RO         1329    i.HAL_RCC_GetPCLK1Freq  stm32f4xx_hal_rcc.o
    0x08004180   0x08004180   0x00000020   Code   RO         1330    i.HAL_RCC_GetPCLK2Freq  stm32f4xx_hal_rcc.o
    0x080041a0   0x080041a0   0x000000b0   Code   RO         1331    i.HAL_RCC_GetSysClockFreq  stm32f4xx_hal_rcc.o
    0x08004250   0x08004250   0x0000049c   Code   RO         1334    i.HAL_RCC_OscConfig  stm32f4xx_hal_rcc.o
    0x080046ec   0x080046ec   0x00000040   Code   RO         3291    i.HAL_SDRAM_Init    stm32f4xx_hal_sdram.o
    0x0800472c   0x0800472c   0x0000000a   Code   RO          626    i.HAL_SDRAM_MspInit  fmc.o
    0x08004736   0x08004736   0x00000036   Code   RO         3294    i.HAL_SDRAM_ProgramRefreshRate  stm32f4xx_hal_sdram.o
    0x0800476c   0x0800476c   0x0000004e   Code   RO         3300    i.HAL_SDRAM_SendCommand  stm32f4xx_hal_sdram.o
    0x080047ba   0x080047ba   0x00000036   Code   RO         4262    i.HAL_SPI_DeInit    stm32f4xx_hal_spi.o
    0x080047f0   0x080047f0   0x00000008   Code   RO         4265    i.HAL_SPI_GetState  stm32f4xx_hal_spi.o
    0x080047f8   0x080047f8   0x000000c8   Code   RO         4267    i.HAL_SPI_Init      stm32f4xx_hal_spi.o
    0x080048c0   0x080048c0   0x00000030   Code   RO          760    i.HAL_SPI_MspDeInit  spi.o
    0x080048f0   0x080048f0   0x00000088   Code   RO          761    i.HAL_SPI_MspInit   spi.o
    0x08004978   0x08004978   0x0000017e   Code   RO         4270    i.HAL_SPI_Receive   stm32f4xx_hal_spi.o
    0x08004af6   0x08004af6   0x000001bc   Code   RO         4275    i.HAL_SPI_Transmit  stm32f4xx_hal_spi.o
    0x08004cb2   0x08004cb2   0x00000240   Code   RO         4276    i.HAL_SPI_TransmitReceive  stm32f4xx_hal_spi.o
    0x08004ef2   0x08004ef2   0x00000002   Code   RO         5295    i.HAL_TIMEx_BreakCallback  stm32f4xx_hal_tim_ex.o
    0x08004ef4   0x08004ef4   0x00000002   Code   RO         5296    i.HAL_TIMEx_CommutCallback  stm32f4xx_hal_tim_ex.o
    0x08004ef6   0x08004ef6   0x00000002   PAD
    0x08004ef8   0x08004ef8   0x000000b4   Code   RO         5314    i.HAL_TIMEx_MasterConfigSynchronization  stm32f4xx_hal_tim_ex.o
    0x08004fac   0x08004fac   0x00000066   Code   RO         4580    i.HAL_TIM_Base_Init  stm32f4xx_hal_tim.o
    0x08005012   0x08005012   0x00000002   PAD
    0x08005014   0x08005014   0x00000078   Code   RO          803    i.HAL_TIM_Base_MspInit  tim.o
    0x0800508c   0x0800508c   0x000000a8   Code   RO         4585    i.HAL_TIM_Base_Start_IT  stm32f4xx_hal_tim.o
    0x08005134   0x08005134   0x0000010c   Code   RO         4589    i.HAL_TIM_ConfigClockSource  stm32f4xx_hal_tim.o
    0x08005240   0x08005240   0x00000002   Code   RO         4614    i.HAL_TIM_IC_CaptureCallback  stm32f4xx_hal_tim.o
    0x08005242   0x08005242   0x0000016c   Code   RO         4628    i.HAL_TIM_IRQHandler  stm32f4xx_hal_tim.o
    0x080053ae   0x080053ae   0x00000002   Code   RO         4631    i.HAL_TIM_OC_DelayElapsedCallback  stm32f4xx_hal_tim.o
    0x080053b0   0x080053b0   0x00000002   Code   RO         4658    i.HAL_TIM_PWM_PulseFinishedCallback  stm32f4xx_hal_tim.o
    0x080053b2   0x080053b2   0x00000002   PAD
    0x080053b4   0x080053b4   0x00000018   Code   RO           14    i.HAL_TIM_PeriodElapsedCallback  main.o
    0x080053cc   0x080053cc   0x00000002   Code   RO         4671    i.HAL_TIM_TriggerCallback  stm32f4xx_hal_tim.o
    0x080053ce   0x080053ce   0x00000076   Code   RO         5592    i.HAL_UART_Init     stm32f4xx_hal_uart.o
    0x08005444   0x08005444   0x00000088   Code   RO          851    i.HAL_UART_MspInit  usart.o
    0x080054cc   0x080054cc   0x00000004   Code   RO          896    i.HardFault_Handler  stm32f4xx_it.o
    0x080054d0   0x080054d0   0x0000003e   Code   RO         3511    i.I2C_IsAcknowledgeFailed  stm32f4xx_hal_i2c.o
    0x0800550e   0x0800550e   0x00000002   PAD
    0x08005510   0x08005510   0x00000160   Code   RO         3522    i.I2C_RequestMemoryRead  stm32f4xx_hal_i2c.o
    0x08005670   0x08005670   0x000000e0   Code   RO         3523    i.I2C_RequestMemoryWrite  stm32f4xx_hal_i2c.o
    0x08005750   0x08005750   0x00000066   Code   RO         3531    i.I2C_WaitOnBTFFlagUntilTimeout  stm32f4xx_hal_i2c.o
    0x080057b6   0x080057b6   0x000000be   Code   RO         3532    i.I2C_WaitOnFlagUntilTimeout  stm32f4xx_hal_i2c.o
    0x08005874   0x08005874   0x000000fa   Code   RO         3533    i.I2C_WaitOnMasterAddressFlagUntilTimeout  stm32f4xx_hal_i2c.o
    0x0800596e   0x0800596e   0x0000008a   Code   RO         3534    i.I2C_WaitOnRXNEFlagUntilTimeout  stm32f4xx_hal_i2c.o
    0x080059f8   0x080059f8   0x00000066   Code   RO         3537    i.I2C_WaitOnTXEFlagUntilTimeout  stm32f4xx_hal_i2c.o
    0x08005a5e   0x08005a5e   0x00000002   PAD
    0x08005a60   0x08005a60   0x00000014   Code   RO         7348    i.I2Cx_Error        stm32f429i_discovery.o
    0x08005a74   0x08005a74   0x0000005c   Code   RO         7349    i.I2Cx_ITConfig     stm32f429i_discovery.o
    0x08005ad0   0x08005ad0   0x00000044   Code   RO         7350    i.I2Cx_Init         stm32f429i_discovery.o
    0x08005b14   0x08005b14   0x000000e8   Code   RO         7351    i.I2Cx_MspInit      stm32f429i_discovery.o
    0x08005bfc   0x08005bfc   0x00000044   Code   RO         7352    i.I2Cx_ReadBuffer   stm32f429i_discovery.o
    0x08005c40   0x08005c40   0x00000040   Code   RO         7353    i.I2Cx_ReadData     stm32f429i_discovery.o
    0x08005c80   0x08005c80   0x00000038   Code   RO         7355    i.I2Cx_WriteData    stm32f429i_discovery.o
    0x08005cb8   0x08005cb8   0x0000000c   Code   RO         7356    i.IOE_Delay         stm32f429i_discovery.o
    0x08005cc4   0x08005cc4   0x00000008   Code   RO         7357    i.IOE_ITConfig      stm32f429i_discovery.o
    0x08005ccc   0x08005ccc   0x00000008   Code   RO         7358    i.IOE_Init          stm32f429i_discovery.o
    0x08005cd4   0x08005cd4   0x00000010   Code   RO         7359    i.IOE_Read          stm32f429i_discovery.o
    0x08005ce4   0x08005ce4   0x0000001c   Code   RO         7360    i.IOE_ReadMultiple  stm32f429i_discovery.o
    0x08005d00   0x08005d00   0x00000014   Code   RO         7361    i.IOE_Write         stm32f429i_discovery.o
    0x08005d14   0x08005d14   0x0000000c   Code   RO         7363    i.LCD_Delay         stm32f429i_discovery.o
    0x08005d20   0x08005d20   0x000000e8   Code   RO         7364    i.LCD_IO_Init       stm32f429i_discovery.o
    0x08005e08   0x08005e08   0x0000004c   Code   RO         7365    i.LCD_IO_ReadData   stm32f429i_discovery.o
    0x08005e54   0x08005e54   0x00000034   Code   RO         7366    i.LCD_IO_WriteData  stm32f429i_discovery.o
    0x08005e88   0x08005e88   0x00000034   Code   RO         7367    i.LCD_IO_WriteReg   stm32f429i_discovery.o
    0x08005ebc   0x08005ebc   0x00000010   Code   RO          897    i.LTDC_IRQHandler   stm32f4xx_it.o
    0x08005ecc   0x08005ecc   0x00000210   Code   RO         4002    i.LTDC_SetConfig    stm32f4xx_hal_ltdc.o
    0x080060dc   0x080060dc   0x00000070   Code   RO          433    i.MX_ADC1_Init      adc.o
    0x0800614c   0x0800614c   0x00000020   Code   RO          475    i.MX_CRC_Init       crc.o
    0x0800616c   0x0800616c   0x0000003c   Code   RO          517    i.MX_DAC_Init       dac.o
    0x080061a8   0x080061a8   0x00000040   Code   RO          583    i.MX_DMA2D_Init     dma2d.o
    0x080061e8   0x080061e8   0x00000038   Code   RO          557    i.MX_DMA_Init       dma.o
    0x08006220   0x08006220   0x00000078   Code   RO          627    i.MX_FMC_Init       fmc.o
    0x08006298   0x08006298   0x00000098   Code   RO          342    i.MX_FREERTOS_Init  freertos.o
    0x08006330   0x08006330   0x0000023c   Code   RO          315    i.MX_GPIO_Init      gpio.o
    0x0800656c   0x0800656c   0x00000058   Code   RO          678    i.MX_I2C3_Init      i2c.o
    0x080065c4   0x080065c4   0x0000010c   Code   RO          720    i.MX_LTDC_Init      ltdc.o
    0x080066d0   0x080066d0   0x00000044   Code   RO          762    i.MX_SPI5_Init      spi.o
    0x08006714   0x08006714   0x00000070   Code   RO          804    i.MX_TIM1_Init      tim.o
    0x08006784   0x08006784   0x0000004c   Code   RO          805    i.MX_TIM7_Init      tim.o
    0x080067d0   0x080067d0   0x00000038   Code   RO          852    i.MX_USART1_UART_Init  usart.o
    0x08006808   0x08006808   0x00000004   Code   RO          898    i.MemManage_Handler  stm32f4xx_it.o
    0x0800680c   0x0800680c   0x00000004   Code   RO          899    i.NMI_Handler       stm32f4xx_it.o
    0x08006810   0x08006810   0x00000094   Code   RO         4304    i.SPI_EndRxTransaction  stm32f4xx_hal_spi.o
    0x080068a4   0x080068a4   0x00000088   Code   RO         4305    i.SPI_EndRxTxTransaction  stm32f4xx_hal_spi.o
    0x0800692c   0x0800692c   0x000000d8   Code   RO         4310    i.SPI_WaitFlagStateUntilTimeout  stm32f4xx_hal_spi.o
    0x08006a04   0x08006a04   0x00000014   Code   RO         7368    i.SPIx_Error        stm32f429i_discovery.o
    0x08006a18   0x08006a18   0x00000054   Code   RO         7369    i.SPIx_Init         stm32f429i_discovery.o
    0x08006a6c   0x08006a6c   0x00000074   Code   RO         7370    i.SPIx_MspInit      stm32f429i_discovery.o
    0x08006ae0   0x08006ae0   0x00000028   Code   RO         7371    i.SPIx_Read         stm32f429i_discovery.o
    0x08006b08   0x08006b08   0x00000024   Code   RO         7372    i.SPIx_Write        stm32f429i_discovery.o
    0x08006b2c   0x08006b2c   0x0000012c   Code   RO          343    i.Screen_task       freertos.o
    0x08006c58   0x08006c58   0x0000000a   Code   RO          344    i.StartDefaultTask  freertos.o
    0x08006c62   0x08006c62   0x00000002   PAD
    0x08006c64   0x08006c64   0x00000034   Code   RO         7259    i.SysTick_Handler   port.o
    0x08006c98   0x08006c98   0x000000bc   Code   RO           15    i.SystemClock_Config  main.o
    0x08006d54   0x08006d54   0x00000014   Code   RO         5936    i.SystemInit        system_stm32f4xx.o
    0x08006d68   0x08006d68   0x00000020   Code   RO          900    i.TIM6_DAC_IRQHandler  stm32f4xx_it.o
    0x08006d88   0x08006d88   0x00000010   Code   RO          901    i.TIM7_IRQHandler   stm32f4xx_it.o
    0x08006d98   0x08006d98   0x000000e8   Code   RO         4673    i.TIM_Base_SetConfig  stm32f4xx_hal_tim.o
    0x08006e80   0x08006e80   0x00000016   Code   RO         4684    i.TIM_ETR_SetConfig  stm32f4xx_hal_tim.o
    0x08006e96   0x08006e96   0x00000012   Code   RO         4685    i.TIM_ITRx_SetConfig  stm32f4xx_hal_tim.o
    0x08006ea8   0x08006ea8   0x00000026   Code   RO         4691    i.TIM_TI1_ConfigInputStage  stm32f4xx_hal_tim.o
    0x08006ece   0x08006ece   0x00000028   Code   RO         4693    i.TIM_TI2_ConfigInputStage  stm32f4xx_hal_tim.o
    0x08006ef6   0x08006ef6   0x00000002   PAD
    0x08006ef8   0x08006ef8   0x0000022c   Code   RO         5619    i.UART_SetConfig    stm32f4xx_hal_uart.o
    0x08007124   0x08007124   0x00000004   Code   RO          902    i.UsageFault_Handler  stm32f4xx_it.o
    0x08007128   0x08007128   0x00000010   Code   RO         2199    i.__NVIC_GetPriorityGrouping  stm32f4xx_hal_cortex.o
    0x08007138   0x08007138   0x00000028   Code   RO         2200    i.__NVIC_SetPriority  stm32f4xx_hal_cortex.o
    0x08007160   0x08007160   0x00000004   Code   RO         8469    i._sys_exit         redirect.o
    0x08007164   0x08007164   0x0000000a   Code   RO         8123    i.ili9341_DisplayOff  ili9341.o
    0x0800716e   0x0800716e   0x0000000a   Code   RO         8124    i.ili9341_DisplayOn  ili9341.o
    0x08007178   0x08007178   0x00000006   Code   RO         8125    i.ili9341_GetLcdPixelHeight  ili9341.o
    0x0800717e   0x0800717e   0x00000004   Code   RO         8126    i.ili9341_GetLcdPixelWidth  ili9341.o
    0x08007182   0x08007182   0x00000290   Code   RO         8127    i.ili9341_Init      ili9341.o
    0x08007412   0x08007412   0x00000010   Code   RO         8128    i.ili9341_ReadData  ili9341.o
    0x08007422   0x08007422   0x00000012   Code   RO         8129    i.ili9341_ReadID    ili9341.o
    0x08007434   0x08007434   0x0000000c   Code   RO         8130    i.ili9341_WriteData  ili9341.o
    0x08007440   0x08007440   0x0000000c   Code   RO         8131    i.ili9341_WriteReg  ili9341.o
    0x0800744c   0x0800744c   0x0000008c   Code   RO           16    i.main              main.o
    0x080074d8   0x080074d8   0x0000000e   Code   RO         6824    i.makeFreeRtosPriority  cmsis_os.o
    0x080074e6   0x080074e6   0x00000018   Code   RO         6826    i.osDelay           cmsis_os.o
    0x080074fe   0x080074fe   0x0000000a   Code   RO         6829    i.osKernelStart     cmsis_os.o
    0x08007508   0x08007508   0x0000005e   Code   RO         6863    i.osThreadCreate    cmsis_os.o
    0x08007566   0x08007566   0x00000002   PAD
    0x08007568   0x08007568   0x00000098   Code   RO         6471    i.prvAddCurrentTaskToDelayedList  tasks.o
    0x08007600   0x08007600   0x000000b4   Code   RO         6472    i.prvAddNewTaskToReadyList  tasks.o
    0x080076b4   0x080076b4   0x00000048   Code   RO         6473    i.prvCheckTasksWaitingTermination  tasks.o
    0x080076fc   0x080076fc   0x00000050   Code   RO         6474    i.prvDeleteTCB      tasks.o
    0x0800774c   0x0800774c   0x0000007c   Code   RO         7191    i.prvHeapInit       heap_4.o
    0x080077c8   0x080077c8   0x0000002c   Code   RO         6475    i.prvIdleTask       tasks.o
    0x080077f4   0x080077f4   0x000000c0   Code   RO         6476    i.prvInitialiseNewTask  tasks.o
    0x080078b4   0x080078b4   0x00000068   Code   RO         6477    i.prvInitialiseTaskLists  tasks.o
    0x0800791c   0x0800791c   0x00000068   Code   RO         7192    i.prvInsertBlockIntoFreeList  heap_4.o
    0x08007984   0x08007984   0x00000034   Code   RO         6478    i.prvResetNextTaskUnblockTime  tasks.o
    0x080079b8   0x080079b8   0x00000040   Code   RO         7260    i.prvTaskExitError  port.o
    0x080079f8   0x080079f8   0x00000154   Code   RO         7193    i.pvPortMalloc      heap_4.o
    0x08007b4c   0x08007b4c   0x0000002c   Code   RO         7261    i.pxPortInitialiseStack  port.o
    0x08007b78   0x08007b78   0x00000012   Code   RO         8192    i.stmpe811_ClearGlobalIT  stmpe811.o
    0x08007b8a   0x08007b8a   0x00000020   Code   RO         8193    i.stmpe811_DisableGlobalIT  stmpe811.o
    0x08007baa   0x08007baa   0x00000020   Code   RO         8194    i.stmpe811_DisableITSource  stmpe811.o
    0x08007bca   0x08007bca   0x00000020   Code   RO         8195    i.stmpe811_EnableGlobalIT  stmpe811.o
    0x08007bea   0x08007bea   0x00000020   Code   RO         8196    i.stmpe811_EnableITSource  stmpe811.o
    0x08007c0a   0x08007c0a   0x00000002   PAD
    0x08007c0c   0x08007c0c   0x00000024   Code   RO         8197    i.stmpe811_GetInstance  stmpe811.o
    0x08007c30   0x08007c30   0x00000038   Code   RO         8199    i.stmpe811_IO_ClearIT  stmpe811.o
    0x08007c68   0x08007c68   0x000000ea   Code   RO         8200    i.stmpe811_IO_Config  stmpe811.o
    0x08007d52   0x08007d52   0x00000022   Code   RO         8201    i.stmpe811_IO_DisableAF  stmpe811.o
    0x08007d74   0x08007d74   0x00000014   Code   RO         8202    i.stmpe811_IO_DisableIT  stmpe811.o
    0x08007d88   0x08007d88   0x00000020   Code   RO         8204    i.stmpe811_IO_EnableAF  stmpe811.o
    0x08007da8   0x08007da8   0x00000018   Code   RO         8205    i.stmpe811_IO_EnableIT  stmpe811.o
    0x08007dc0   0x08007dc0   0x00000022   Code   RO         8206    i.stmpe811_IO_EnablePinIT  stmpe811.o
    0x08007de2   0x08007de2   0x00000012   Code   RO         8207    i.stmpe811_IO_ITStatus  stmpe811.o
    0x08007df4   0x08007df4   0x0000002e   Code   RO         8208    i.stmpe811_IO_InitPin  stmpe811.o
    0x08007e22   0x08007e22   0x00000012   Code   RO         8209    i.stmpe811_IO_ReadPin  stmpe811.o
    0x08007e34   0x08007e34   0x00000056   Code   RO         8210    i.stmpe811_IO_SetEdgeMode  stmpe811.o
    0x08007e8a   0x08007e8a   0x00000028   Code   RO         8211    i.stmpe811_IO_Start  stmpe811.o
    0x08007eb2   0x08007eb2   0x00000022   Code   RO         8212    i.stmpe811_IO_WritePin  stmpe811.o
    0x08007ed4   0x08007ed4   0x00000030   Code   RO         8213    i.stmpe811_Init     stmpe811.o
    0x08007f04   0x08007f04   0x00000012   Code   RO         8214    i.stmpe811_ReadGITStatus  stmpe811.o
    0x08007f16   0x08007f16   0x00000020   Code   RO         8215    i.stmpe811_ReadID   stmpe811.o
    0x08007f36   0x08007f36   0x00000026   Code   RO         8216    i.stmpe811_Reset    stmpe811.o
    0x08007f5c   0x08007f5c   0x00000024   Code   RO         8217    i.stmpe811_SetITPolarity  stmpe811.o
    0x08007f80   0x08007f80   0x00000024   Code   RO         8218    i.stmpe811_SetITType  stmpe811.o
    0x08007fa4   0x08007fa4   0x0000000e   Code   RO         8219    i.stmpe811_TS_ClearIT  stmpe811.o
    0x08007fb2   0x08007fb2   0x0000003c   Code   RO         8220    i.stmpe811_TS_DetectTouch  stmpe811.o
    0x08007fee   0x08007fee   0x00000014   Code   RO         8221    i.stmpe811_TS_DisableIT  stmpe811.o
    0x08008002   0x08008002   0x00000018   Code   RO         8222    i.stmpe811_TS_EnableIT  stmpe811.o
    0x0800801a   0x0800801a   0x00000058   Code   RO         8223    i.stmpe811_TS_GetXY  stmpe811.o
    0x08008072   0x08008072   0x0000000e   Code   RO         8224    i.stmpe811_TS_ITStatus  stmpe811.o
    0x08008080   0x08008080   0x000000a4   Code   RO         8225    i.stmpe811_TS_Start  stmpe811.o
    0x08008124   0x08008124   0x00000028   Code   RO         6073    i.uxListRemove      list.o
    0x0800814c   0x0800814c   0x00000018   Code   RO          345    i.vApplicationGetIdleTaskMemory  freertos.o
    0x08008164   0x08008164   0x00000002   Code   RO          346    i.vApplicationIdleHook  freertos.o
    0x08008166   0x08008166   0x00000002   Code   RO          347    i.vApplicationMallocFailedHook  freertos.o
    0x08008168   0x08008168   0x00000002   Code   RO          348    i.vApplicationStackOverflowHook  freertos.o
    0x0800816a   0x0800816a   0x0000001a   Code   RO         6074    i.vListInitialise   list.o
    0x08008184   0x08008184   0x00000006   Code   RO         6075    i.vListInitialiseItem  list.o
    0x0800818a   0x0800818a   0x00000034   Code   RO         6076    i.vListInsert       list.o
    0x080081be   0x080081be   0x00000018   Code   RO         6077    i.vListInsertEnd    list.o
    0x080081d6   0x080081d6   0x00000002   PAD
    0x080081d8   0x080081d8   0x00000054   Code   RO         7263    i.vPortEnterCritical  port.o
    0x0800822c   0x0800822c   0x0000003c   Code   RO         7264    i.vPortExitCritical  port.o
    0x08008268   0x08008268   0x000000a4   Code   RO         7194    i.vPortFree         heap_4.o
    0x0800830c   0x0800830c   0x00000028   Code   RO         7265    i.vPortSetupTimerInterrupt  port.o
    0x08008334   0x08008334   0x0000005c   Code   RO         6487    i.vTaskDelay        tasks.o
    0x08008390   0x08008390   0x000000b0   Code   RO         6501    i.vTaskStartScheduler  tasks.o
    0x08008440   0x08008440   0x00000010   Code   RO         6503    i.vTaskSuspendAll   tasks.o
    0x08008450   0x08008450   0x000000c4   Code   RO         6504    i.vTaskSwitchContext  tasks.o
    0x08008514   0x08008514   0x00000168   Code   RO         7267    i.xPortStartScheduler  port.o
    0x0800867c   0x0800867c   0x00000064   Code   RO         6508    i.xTaskCreate       tasks.o
    0x080086e0   0x080086e0   0x000000ba   Code   RO         6509    i.xTaskCreateStatic  tasks.o
    0x0800879a   0x0800879a   0x00000002   PAD
    0x0800879c   0x0800879c   0x00000148   Code   RO         6518    i.xTaskIncrementTick  tasks.o
    0x080088e4   0x080088e4   0x00000104   Code   RO         6524    i.xTaskResumeAll    tasks.o
    0x080089e8   0x080089e8   0x0000000a   Code   RO         8639    x$fpl$fpinit        fz_wm.l(fpinit.o)
    0x080089f2   0x080089f2   0x00000002   PAD
    0x080089f4   0x080089f4   0x0000008c   Data   RO          350    .constdata          freertos.o
    0x08008a80   0x08008a80   0x00000008   Data   RO         1897    .constdata          stm32f4xx_hal_dma.o
    0x08008a88   0x08008a88   0x00000018   Data   RO         5937    .constdata          system_stm32f4xx.o
    0x08008aa0   0x08008aa0   0x00003cdc   Data   RO         7692    .constdata          stm32f429i_discovery_lcd.o
    0x0800c77c   0x0800c77c   0x00000027   Data   RO          351    .conststring        freertos.o
    0x0800c7a3   0x0800c7a3   0x00000001   PAD
    0x0800c7a4   0x0800c7a4   0x00000020   Data   RO         8695    Region$$Table       anon$$obj.o


    Execution Region RW_IRAM2 (Exec base: 0x10000000, Load base: 0x0800c85c, Size: 0x00000000, Max: 0x00010000, ABSOLUTE)

    **** No section assigned to this execution region ****


    Execution Region RW_IRAM1 (Exec base: 0x20000000, Load base: 0x0800c7c4, Size: 0x000099d0, Max: 0x00030000, ABSOLUTE, COMPRESSED[0x00000098])

    Exec Addr    Load Addr    Size         Type   Attr      Idx    E Section Name        Object

    0x20000000   COMPRESSED   0x00000020   Data   RW          352    .data               freertos.o
    0x20000020   COMPRESSED   0x00000008   Data   RW          476    .data               crc.o
    0x20000028   COMPRESSED   0x00000008   Data   RW          629    .data               fmc.o
    0x20000030   COMPRESSED   0x00000009   Data   RW         2355    .data               stm32f4xx_hal.o
    0x20000039   COMPRESSED   0x00000003   PAD
    0x2000003c   COMPRESSED   0x00000004   Data   RW         5938    .data               system_stm32f4xx.o
    0x20000040   COMPRESSED   0x0000003c   Data   RW         6527    .data               tasks.o
    0x2000007c   COMPRESSED   0x00000020   Data   RW         7200    .data               heap_4.o
    0x2000009c   COMPRESSED   0x0000000c   Data   RW         7268    .data               port.o
    0x200000a8   COMPRESSED   0x00000015   Data   RW         7376    .data               stm32f429i_discovery.o
    0x200000bd   COMPRESSED   0x00000003   PAD
    0x200000c0   COMPRESSED   0x00000030   Data   RW         7693    .data               stm32f429i_discovery_lcd.o
    0x200000f0   COMPRESSED   0x00000001   Data   RW         8003    .data               stm32f429i_discovery_sdram.o
    0x200000f1   COMPRESSED   0x00000003   PAD
    0x200000f4   COMPRESSED   0x00000010   Data   RW         8078    .data               stm32f429i_discovery_ts.o
    0x20000104   COMPRESSED   0x00000038   Data   RW         8132    .data               ili9341.o
    0x2000013c   COMPRESSED   0x00000056   Data   RW         8226    .data               stmpe811.o
    0x20000192   COMPRESSED   0x00000002   PAD
    0x20000194        -       0x00000a48   Zero   RW          349    .bss                freertos.o
    0x20000bdc        -       0x000000a8   Zero   RW          434    .bss                adc.o
    0x20000c84        -       0x00000014   Zero   RW          518    .bss                dac.o
    0x20000c98        -       0x00000040   Zero   RW          584    .bss                dma2d.o
    0x20000cd8        -       0x00000034   Zero   RW          628    .bss                fmc.o
    0x20000d0c        -       0x00000054   Zero   RW          679    .bss                i2c.o
    0x20000d60        -       0x000000a8   Zero   RW          721    .bss                ltdc.o
    0x20000e08        -       0x00000058   Zero   RW          763    .bss                spi.o
    0x20000e60        -       0x00000090   Zero   RW          806    .bss                tim.o
    0x20000ef0        -       0x00000048   Zero   RW          853    .bss                usart.o
    0x20000f38        -       0x00000048   Zero   RW         1007    .bss                stm32f4xx_hal_timebase_tim.o
    0x20000f80        -       0x000000f0   Zero   RW         6526    .bss                tasks.o
    0x20001070        -       0x00008000   Zero   RW         7199    .bss                heap_4.o
    0x20009070        -       0x000000ac   Zero   RW         7374    .bss                stm32f429i_discovery.o
    0x2000911c        -       0x00000130   Zero   RW         7691    .bss                stm32f429i_discovery_lcd.o
    0x2000924c        -       0x00000120   Zero   RW         8002    .bss                stm32f429i_discovery_sdram.o
    0x2000936c        -       0x00000060   Zero   RW         8571    .bss                c_w.l(libspace.o)
    0x200093cc   COMPRESSED   0x00000004   PAD
    0x200093d0        -       0x00000200   Zero   RW            2    HEAP                startup_stm32f429xx.o
    0x200095d0        -       0x00000400   Zero   RW            1    STACK               startup_stm32f429xx.o


==============================================================================

Image component sizes


      Code (inc. data)   RO Data    RW Data    ZI Data      Debug   Object Name

       308         32          0          0        168       1959   adc.o
       142          0          0          0          0      23195   cmsis_os.o
        84         18          0          8          0       1639   crc.o
       204         24          0          0         20       1831   dac.o
        56          4          0          0          0        838   dma.o
       136         20          0          0         64       1725   dma2d.o
         0          0          0          0          0      16884   event_groups.o
       402         42          0          8         52       2568   fmc.o
       786        124        179         32       2632       7886   freertos.o
       572         26          0          0          0       1383   gpio.o
       732         72          0         32      32768       7699   heap_4.o
       348         46          0          0         84       2493   i2c.o
       744          0          0         56          0       8268   ili9341.o
       148          0          0          0          0       3794   list.o
       820         40          0          0        168       2498   ltdc.o
       358         20          0          0          0     852476   main.o
       894         78          0         12          0      11556   port.o
         4          0          0          0          0        548   redirect.o
       252         34          0          0         88       2409   spi.o
        64         26        428          0       1536        880   startup_stm32f429xx.o
      1412        152          0         21        172      20203   stm32f429i_discovery.o
         0          0          0          0          0        892   stm32f429i_discovery_io.o
      1836        168      15580         48        304      22999   stm32f429i_discovery_lcd.o
       788         62          0          1        288       4899   stm32f429i_discovery_sdram.o
       420         38          0         16          0       3868   stm32f429i_discovery_ts.o
       136         24          0          9          0       9130   stm32f4xx_hal.o
      1484         70          0          0          0       7789   stm32f4xx_hal_adc.o
       260         22          0          0          0      33782   stm32f4xx_hal_cortex.o
        32          0          0          0          0       1119   stm32f4xx_hal_crc.o
       282          0          0          0          0       3533   stm32f4xx_hal_dac.o
         2          0          0          0          0       1059   stm32f4xx_hal_dac_ex.o
      1336         16          8          0          0       6608   stm32f4xx_hal_dma.o
      1328          6          0          0          0       7588   stm32f4xx_hal_dma2d.o
       944        102          0          0          0       3893   stm32f4xx_hal_gpio.o
      3084         48          0          0          0      13674   stm32f4xx_hal_i2c.o
       156          0          0          0          0       2027   stm32f4xx_hal_i2c_ex.o
      1220         12          0          0          0       6474   stm32f4xx_hal_ltdc.o
        84          6          0          0          0        934   stm32f4xx_hal_msp.o
       140         12          0          0          0       1356   stm32f4xx_hal_pwr_ex.o
      1888         94          0          0          0       6569   stm32f4xx_hal_rcc.o
       772         26          0          0          0       1672   stm32f4xx_hal_rcc_ex.o
       196          0          0          0          0       2944   stm32f4xx_hal_sdram.o
      2164         14          0          0          0       9630   stm32f4xx_hal_spi.o
      1260         76          0          0          0      10375   stm32f4xx_hal_tim.o
       184         30          0          0          0       2677   stm32f4xx_hal_tim_ex.o
       180         20          0          0         72       1583   stm32f4xx_hal_timebase_tim.o
       674         10          0          0          0       1984   stm32f4xx_hal_uart.o
       118         34          0          0          0       5724   stm32f4xx_it.o
       362          4          0          0          0       5036   stm32f4xx_ll_fmc.o
      1450         14          0         86          0      29589   stmpe811.o
         0          0          0          0          0        392   stream_buffer.o
        20          6         24          4          0       1243   system_stm32f4xx.o
      2230        270          0         60        240      21309   tasks.o
       308         34          0          0        144       2495   tim.o
       192         22          0          0         72       1846   usart.o

    ----------------------------------------------------------------------
     34044       1998      16252        404      38872    1209424   Object Totals
         0          0         32          0          0          0   (incl. Generated)
        48          0          1         11          0          0   (incl. Padding)

    ----------------------------------------------------------------------

      Code (inc. data)   RO Data    RW Data    ZI Data      Debug   Library Member Name

        90          0          0          0          0          0   __dczerorl2.o
         8          0          0          0          0         68   __main.o
         0          0          0          0          0          0   __rtentry.o
        12          0          0          0          0          0   __rtentry2.o
         6          0          0          0          0          0   __rtentry4.o
        52          8          0          0          0          0   __scatter.o
        28          0          0          0          0          0   __scatter_zi.o
        16          0          0          0          0         68   aeabi_memset.o
        18          0          0          0          0         80   exit.o
         6          0          0          0          0        152   heapauxi.o
         2          0          0          0          0          0   libinit.o
         6          0          0          0          0          0   libinit2.o
         2          0          0          0          0          0   libshutdown.o
         2          0          0          0          0          0   libshutdown2.o
         8          4          0          0         96         68   libspace.o
       238          0          0          0          0        100   lludivv7m.o
        68          0          0          0          0         68   rt_memclr.o
        78          0          0          0          0         80   rt_memclr_w.o
       100          0          0          0          0         80   rt_memcpy_w.o
         2          0          0          0          0          0   rtexit.o
        10          0          0          0          0          0   rtexit2.o
        74          0          0          0          0         80   sys_stackheap_outer.o
         2          0          0          0          0         68   use_no_semi.o
        10          0          0          0          0        116   fpinit.o

    ----------------------------------------------------------------------
       844         12          0          0        100       1028   Library Totals
         6          0          0          0          4          0   (incl. Padding)

    ----------------------------------------------------------------------

      Code (inc. data)   RO Data    RW Data    ZI Data      Debug   Library Name

       828         12          0          0         96        912   c_w.l
        10          0          0          0          0        116   fz_wm.l

    ----------------------------------------------------------------------
       844         12          0          0        100       1028   Library Totals

    ----------------------------------------------------------------------

==============================================================================


      Code (inc. data)   RO Data    RW Data    ZI Data      Debug   

     34888       2010      16252        404      38972    1181988   Grand Totals
     34888       2010      16252        152      38972    1181988   ELF Image Totals (compressed)
     34888       2010      16252        152          0          0   ROM Totals

==============================================================================

    Total RO  Size (Code + RO Data)                51140 (  49.94kB)
    Total RW  Size (RW Data + ZI Data)             39376 (  38.45kB)
    Total ROM Size (Code + RO Data + RW Data)      51292 (  50.09kB)

==============================================================================

