../../TouchGFX/gui/include/gui/osc_screen/OscPresenter.hpp:28:13:OscPresenter::~OscPresenter()	0	static
C:/TouchGFXProjects/Osciloscopio/TouchGFX/gui/src/osc_screen/OscPresenter.cpp:10:6:virtual void OscPresenter::activate()	0	static
../../TouchGFX/gui/include/gui/osc_screen/OscPresenter.hpp:28:13:virtual OscPresenter::~OscPresenter()	8	static
../../TouchGFX/gui/include/gui/osc_screen/OscPresenter.hpp:28:13:virtual void* OscPresenter::_ZThn4_N12OscPresenterD1Ev()	0	static
C:/TouchGFXProjects/Osciloscopio/TouchGFX/gui/src/osc_screen/OscPresenter.cpp:4:1:OscPresenter::OscPresenter(OscView&)	0	static
