../../Middlewares/ST/touchgfx/framework/include/touchgfx/Screen.hpp:104:18:virtual void touchgfx::Screen::afterTransition()	0	static
../../Middlewares/ST/touchgfx/framework/include/touchgfx/Screen.hpp:154:18:virtual void touchgfx::Screen::handleKeyEvent(uint8_t)	0	static
C:/TouchGFXProjects/Osciloscopio/TouchGFX/gui/src/osc_screen/OscView.cpp:24:6:virtual void OscView::handleTickEvent()	16	static
C:/TouchGFXProjects/Osciloscopio/TouchGFX/gui/src/osc_screen/OscView.cpp:40:6:virtual void OscView::tearDownScreen()	0	static
../../TouchGFX/gui/include/gui/osc_screen/OscView.hpp:12:13:OscView::~OscView()	8	static
../../TouchGFX/gui/include/gui/osc_screen/OscView.hpp:12:13:virtual OscView::~OscView()	8	static
C:/TouchGFXProjects/Osciloscopio/TouchGFX/gui/src/osc_screen/OscView.cpp:15:1:OscView::OscView()	8	static
C:/TouchGFXProjects/Osciloscopio/TouchGFX/gui/src/osc_screen/OscView.cpp:35:6:virtual void OscView::setupScreen()	0	static
